******************************************************************************
                  TI ARM Linker PC v18.12.4                    
******************************************************************************
>> Linked Tue Aug  4 16:47:48 2020

OUTPUT FILE NAME:   <FreeRTOS_Initial.out>
ENTRY POINT SYMBOL: "_c_int00_noargs"  address: 00006905


MEMORY CONFIGURATION

         name            origin    length      used     unused   attr    fill
----------------------  --------  ---------  --------  --------  ----  --------
  FLASH                 00000000   00040000  00007338  00038cc8  R  X
  SRAM                  20000000   00008000  00005085  00002f7b  RW X


SEGMENT ALLOCATION MAP

run origin  load origin   length   init length attrs members
----------  ----------- ---------- ----------- ----- -------
00000000    00000000    00007338   00007338    r-x
  00000000    00000000    0000026c   0000026c    r-- .intvecs
  0000026c    0000026c    00006a28   00006a28    r-x .text
  00006c94    00006c94    0000064c   0000064c    r-- .const
  000072e0    000072e0    00000058   00000058    r-- .cinit
20000000    20000000    00005086   00000000    rw-
  20000000    20000000    0000026c   00000000    rw- .vtable
  2000026c    2000026c    00002593   00000000    rw- .bss
  20002800    20002800    00002000   00000000    rw- .sysmem
  20004800    20004800    00000800   00000000    rw- .stack
  20005000    20005000    00000086   00000000    rw- .data


SECTION ALLOCATION MAP

 output                                  attributes/
section   page    origin      length       input sections
--------  ----  ----------  ----------   ----------------
.intvecs   0    00000000    0000026c     
                  00000000    0000026c     tm4c123gh6pm_startup_ccs.obj (.intvecs)

.text      0    0000026c    00006a28     
                  0000026c    0000190c     tasks.obj (.text)
                  00001b78    00000cac     queue.obj (.text)
                  00002824    00000c84     ustdlib.obj (.text)
                  000034a8    00000950     OrbitOledGrph.obj (.text)
                  00003df8    000005a8     control.obj (.text)
                  000043a0    0000037c     OrbitOled.obj (.text)
                  0000471c    00000220     buttons4.obj (.text)
                  0000493c    00000204     OrbitOledChar.obj (.text)
                  00004b40    000001d4     display.obj (.text)
                  00004d14    000001b8     heap_2.obj (.text)
                  00004ecc    000001b6     rtsv7M4_T_le_v4SPD16_eabi.lib : fd_add_t2.asm.obj (.text)
                  00005082    00000002                                   : _lock.c.obj (.text:_nop)
                  00005084    00000170     yaw.obj (.text)
                  000051f4    00000150     altitude.obj (.text)
                  00005344    00000150     motor.obj (.text)
                  00005494    00000140     main.obj (.text)
                  000055d4    0000013c     port.obj (.text)
                  00005710    00000132     driverlib.lib : gpio.obj (.text:GPIOPadConfigSet)
                  00005842    0000012a     list.obj (.text)
                  0000596c    00000118     driverlib.lib : sysctl.obj (.text:SysCtlClockGet)
                  00005a84    00000118     rtsv7M4_T_le_v4SPD16_eabi.lib : memory.c.obj (.text:aligned_alloc)
                  00005b9c    000000fc                                   : fd_mul_t2.asm.obj (.text)
                  00005c98    000000f4     driverlib.lib : sysctl.obj (.text:SysCtlClockSet)
                  00005d8c    000000e4     rtsv7M4_T_le_v4SPD16_eabi.lib : memory.c.obj (.text:free)
                  00005e70    000000da     portasm.obj (.text)
                  00005f4a    000000b8     circBufT.obj (.text)
                  00006002    0000009c     rtsv7M4_T_le_v4SPD16_eabi.lib : memcpy_t2.asm.obj (.text)
                  0000609e    0000007a     driverlib.lib : adc.obj (.text:ADCSequenceStepConfigure)
                  00006118    0000007a     rtsv7M4_T_le_v4SPD16_eabi.lib : memset_t2.asm.obj (.text)
                  00006192    00000002                                   : div0.asm.obj (.text)
                  00006194    00000078     system.obj (.text)
                  0000620c    00000074     uart.obj (.text)
                  00006280    00000070     rtsv7M4_T_le_v4SPD16_eabi.lib : memory.c.obj (.text:split)
                  000062f0    00000068     driverlib.lib : interrupt.obj (.text:IntEnable)
                  00006358    00000068     rtsv7M4_T_le_v4SPD16_eabi.lib : copy_decompress_lzss.c.obj (.text:decompress:lzss:__TI_decompress_lzss)
                  000063c0    00000060     driverlib.lib : timer.obj (.text:TimerConfigure)
                  00006420    0000005c     delay.obj (.text)
                  0000647c    00000058     driverlib.lib : gpio.obj (.text:GPIOIntTypeSet)
                  000064d4    00000050                   : sysctl.obj (.text:SysCtlPeripheralReset)
                  00006524    00000050                   : adc.obj (.text:_ADCIntNumberGet)
                  00006574    0000004e                   : adc.obj (.text:ADCSequenceConfigure)
                  000065c2    00000002     --HOLE-- [fill = 0]
                  000065c4    0000004c                   : gpio.obj (.text:GPIOPinConfigure)
                  00006610    00000048     rtsv7M4_T_le_v4SPD16_eabi.lib : fd_toi_t2.asm.obj (.text)
                  00006658    00000046     driverlib.lib : uart.obj (.text:UARTConfigSetExpClk)
                  0000669e    00000002     --HOLE-- [fill = 0]
                  000066a0    00000044     OrbitOLEDInterface.obj (.text)
                  000066e4    00000044     driverlib.lib : gpio.obj (.text:_GPIOIntNumberGet)
                  00006728    00000044     rtsv7M4_T_le_v4SPD16_eabi.lib : autoinit.c.obj (.text:__TI_auto_init_nobinit_nopinit:__TI_auto_init_nobinit_nopinit)
                  0000676c    00000044                                   : fd_tou_t2.asm.obj (.text)
                  000067b0    00000040                                   : u_divt2.asm.obj (.text)
                  000067f0    0000003c     driverlib.lib : ssi.obj (.text:SSIConfigSetExpClk)
                  0000682c    00000038                   : sysctl.obj (.text:SysCtlPeripheralReady)
                  00006864    00000038     rtsv7M4_T_le_v4SPD16_eabi.lib : memory.c.obj (.text:calloc)
                  0000689c    00000034     driverlib.lib : interrupt.obj (.text:IntRegister)
                  000068d0    00000034                   : sysctl.obj (.text:SysCtlPeripheralEnable)
                  00006904    00000034     rtsv7M4_T_le_v4SPD16_eabi.lib : boot_cortex_m.c.obj (.text:_c_int00_noargs:_c_int00_noargs)
                  00006938    0000002e                                   : i_tofd_t2.asm.obj (.text)
                  00006966    0000002c     driverlib.lib : gpio.obj (.text:GPIODirModeSet)
                  00006992    00000002     --HOLE-- [fill = 0]
                  00006994    00000028     rtsv7M4_T_le_v4SPD16_eabi.lib : memory.c.obj (.text:free_list_insert)
                  000069bc    00000022     driverlib.lib : pwm.obj (.text:PWMGenConfigure)
                  000069de    00000002     --HOLE-- [fill = 0]
                  000069e0    00000020                   : uart.obj (.text:UARTDisable)
                  00006a00    0000001e                   : adc.obj (.text:ADCSequenceDataGet)
                  00006a1e    0000001e                   : pwm.obj (.text:PWMPulseWidthSet)
                  00006a3c    0000001c                   : systick.obj (.text:SysTickIntRegister)
                  00006a58    0000001c     rtsv7M4_T_le_v4SPD16_eabi.lib : memory.c.obj (.text:free_list_remove)
                  00006a74    00000018     driverlib.lib : adc.obj (.text:ADCIntRegister)
                  00006a8c    00000018                   : adc.obj (.text:ADCProcessorTrigger)
                  00006aa4    00000018                   : gpio.obj (.text:GPIOIntRegister)
                  00006abc    00000018                   : gpio.obj (.text:GPIOPinTypeGPIOOutput)
                  00006ad4    00000016                   : gpio.obj (.text:GPIOPinTypeGPIOInput)
                  00006aea    00000016                   : gpio.obj (.text:GPIOPinTypePWM)
                  00006b00    00000016                   : gpio.obj (.text:GPIOPinTypeSSI)
                  00006b16    00000016                   : gpio.obj (.text:GPIOPinTypeUART)
                  00006b2c    00000014                   : systick.obj (.text:SysTickEnable)
                  00006b40    00000014                   : systick.obj (.text:SysTickIntEnable)
                  00006b54    00000014                   : uart.obj (.text:UARTEnable)
                  00006b68    00000012                   : pwm.obj (.text:PWMOutputState)
                  00006b7a    00000010                   : adc.obj (.text:ADCIntEnable)
                  00006b8a    00000010                   : pwm.obj (.text:PWMGenPeriodSet)
                  00006b9a    00000002     --HOLE-- [fill = 0]
                  00006b9c    00000010                   : sysctl.obj (.text:SysCtlReset)
                  00006bac    00000010                   : systick.obj (.text:SysTickPeriodSet)
                  00006bbc    0000000e                   : adc.obj (.text:ADCSequenceEnable)
                  00006bca    0000000e                   : timer.obj (.text:TimerEnable)
                  00006bd8    0000000e     rtsv7M4_T_le_v4SPD16_eabi.lib : copy_decompress_none.c.obj (.text:decompress:none:__TI_decompress_none)
                  00006be6    0000000c     driverlib.lib : gpio.obj (.text:GPIOIntEnable)
                  00006bf2    0000000c                   : pwm.obj (.text:PWMGenEnable)
                  00006bfe    0000000c                   : ssi.obj (.text:SSIDataGet)
                  00006c0a    0000000c     rtsv7M4_T_le_v4SPD16_eabi.lib : copy_zero_init.c.obj (.text:decompress:ZI:__TI_zero_init)
                  00006c16    0000000c     tm4c123gh6pm_startup_ccs.obj (.text)
                  00006c22    0000000a     driverlib.lib : adc.obj (.text:ADCIntClear)
                  00006c2c    0000000a                   : ssi.obj (.text:SSIDataPut)
                  00006c36    0000000a                   : ssi.obj (.text:SSIEnable)
                  00006c40    0000000a                   : timer.obj (.text:TimerValueGet)
                  00006c4a    0000000a                   : uart.obj (.text:UARTCharPut)
                  00006c54    0000000a                   : uart.obj (.text:UARTFIFOEnable)
                  00006c5e    00000008                   : ssi.obj (.text:SSIBusy)
                  00006c66    00000008     rtsv7M4_T_le_v4SPD16_eabi.lib : memory.c.obj (.text:malloc)
                  00006c6e    00000006     driverlib.lib : gpio.obj (.text:GPIOIntClear)
                  00006c74    00000006                   : gpio.obj (.text:GPIOPinRead)
                  00006c7a    00000006                   : gpio.obj (.text:GPIOPinWrite)
                  00006c80    00000006                   : ssi.obj (.text:SSIClockSourceSet)
                  00006c86    00000006                   : sysctl.obj (.text:SysCtlDelay)
                  00006c8c    00000004     rtsv7M4_T_le_v4SPD16_eabi.lib : pre_init.c.obj (.text:_system_pre_init)
                  00006c90    00000004                                   : exit.c.obj (.text:abort:abort)

.const     0    00006c94    0000064c     
                  00006c94    00000300     ChrFont0.obj (.const:.string:rgbOledFont0)
                  00006f94    000000d8     driverlib.lib : gpio.obj (.const:g_ppui32GPIOIntMapSnowflake)
                  0000706c    000000c0                   : gpio.obj (.const:g_ppui32GPIOIntMapBlizzard)
                  0000712c    00000090                   : gpio.obj (.const:g_pui32GPIOBaseAddrs)
                  000071bc    0000006c                   : sysctl.obj (.const:g_pui32Xtals)
                  00007228    00000040     FillPat.obj (.const:.string:rgbFillPat)
                  00007268    00000030     ustdlib.obj (.const:g_psDaysToMonth)
                  00007298    00000018     ustdlib.obj (.const:g_pfExponents)
                  000072b0    00000014     driverlib.lib : interrupt.obj (.const:g_pui32EnRegs)
                  000072c4    00000012     ustdlib.obj (.const:.string)
                  000072d6    00000002     --HOLE-- [fill = 0]
                  000072d8    00000004     port.obj (.const)
                  000072dc    00000004     ustdlib.obj (.const)

.cinit     0    000072e0    00000058     
                  000072e0    0000001e     (.cinit..data.load) [load image, compression = lzss]
                  000072fe    00000002     --HOLE-- [fill = 0]
                  00007300    0000000c     (__TI_handler_table)
                  0000730c    00000004     --HOLE-- [fill = 0]
                  00007310    00000008     (.cinit..bss.load) [load image, compression = zero_init]
                  00007318    00000008     (.cinit..vtable.load) [load image, compression = zero_init]
                  00007320    00000018     (__TI_cinit_table)

.init_array 
*          0    00000000    00000000     UNINITIALIZED

.vtable    0    20000000    0000026c     UNINITIALIZED
                  20000000    0000026c     driverlib.lib : interrupt.obj (.vtable)

.bss       0    2000026c    00002593     UNINITIALIZED
                  2000026c    00002000     heap_2.obj (.bss:ucHeap)
                  2000226c    00000200     (.common:rgbOledBmp)
                  2000246c    00000140     tasks.obj (.bss:pxReadyTasksLists)
                  200025ac    00000100     (.common:rgbOledFontUser)
                  200026ac    00000050     (.common:xQueueRegistry)
                  200026fc    00000014     tasks.obj (.bss:xDelayedTaskList1)
                  20002710    00000014     tasks.obj (.bss:xDelayedTaskList2)
                  20002724    00000014     tasks.obj (.bss:xPendingReadyList)
                  20002738    00000014     tasks.obj (.bss:xSuspendedTaskList)
                  2000274c    00000014     tasks.obj (.bss:xTasksWaitingTermination)
                  20002760    00000010     altitude.obj (.bss:g_inBuffer)
                  20002770    00000008     tasks.obj (.bss)
                  20002778    00000008     heap_2.obj (.bss:xEnd)
                  20002780    00000008     heap_2.obj (.bss:xStart)
                  20002788    00000004     altitude.obj (.bss)
                  2000278c    00000004     buttons4.obj (.bss:but_count)
                  20002790    00000004     buttons4.obj (.bss:but_flag)
                  20002794    00000004     buttons4.obj (.bss:but_normal)
                  20002798    00000004     buttons4.obj (.bss:but_state)
                  2000279c    00000004     system.obj (.bss)
                  200027a0    00000004     (.common:AltControl)
                  200027a4    00000004     (.common:AltDerivError)
                  200027a8    00000004     (.common:YawControl)
                  200027ac    00000004     (.common:YawDerivError)
                  200027b0    00000004     (.common:Yaw_error)
                  200027b4    00000004     (.common:bnOledCur)
                  200027b8    00000004     (.common:dxcoOledFontCur)
                  200027bc    00000004     (.common:dycoOledFontCur)
                  200027c0    00000004     (.common:fOledCharUpdate)
                  200027c4    00000004     (.common:g_pAltQueue)
                  200027c8    00000004     (.common:modOledCur)
                  200027cc    00000004     (.common:pbOledCur)
                  200027d0    00000004     (.common:pbOledFontCur)
                  200027d4    00000004     (.common:pbOledFontUser)
                  200027d8    00000004     (.common:pbOledPatCur)
                  200027dc    00000004     (.common:pfnDoRop)
                  200027e0    00000004     (.common:slot)
                  200027e4    00000004     (.common:xchOledCur)
                  200027e8    00000004     (.common:xchOledMax)
                  200027ec    00000004     (.common:xcoOledCur)
                  200027f0    00000004     (.common:ychOledCur)
                  200027f4    00000004     (.common:ychOledMax)
                  200027f8    00000004     (.common:ycoOledCur)
                  200027fc    00000001     (.common:State)
                  200027fd    00000001     (.common:clrOledCur)
                  200027fe    00000001     (.common:nextState)

.sysmem    0    20002800    00002000     UNINITIALIZED
                  20002800    00000010     rtsv7M4_T_le_v4SPD16_eabi.lib : memory.c.obj (.sysmem)
                  20002810    00001ff0     --HOLE--

.stack     0    20004800    00000800     UNINITIALIZED
                  20004800    00000004     rtsv7M4_T_le_v4SPD16_eabi.lib : boot_cortex_m.c.obj (.stack)
                  20004804    000007fc     --HOLE--

.data      0    20005000    00000086     UNINITIALIZED
                  20005000    00000034     tasks.obj (.data)
                  20005034    00000030     control.obj (.data)
                  20005064    00000008     rtsv7M4_T_le_v4SPD16_eabi.lib : _lock.c.obj (.data:$O1$$)
                  2000506c    00000008                                   : memory.c.obj (.data:$O1$$)
                  20005074    00000008     heap_2.obj (.data)
                  2000507c    00000004     port.obj (.data)
                  20005080    00000004     ustdlib.obj (.data)
                  20005084    00000002     system.obj (.data)

MODULE SUMMARY

       Module                         code    ro data   rw data
       ------                         ----    -------   -------
    .\
       ustdlib.obj                    3204    94        4      
       control.obj                    1448    0         68     
       tm4c123gh6pm_startup_ccs.obj   12      620       0      
       buttons4.obj                   544     0         16     
       display.obj                    468     0         0      
       yaw.obj                        368     0         6      
       altitude.obj                   336     0         24     
       motor.obj                      336     0         0      
       main.obj                       320     0         0      
       circBufT.obj                   184     0         0      
       system.obj                     120     0         6      
       uart.obj                       116     0         0      
    +--+------------------------------+-------+---------+---------+
       Total:                         7456    714       124    
                                                               
    .\FreeRTOS\
       tasks.obj                      6412    0         480    
       queue.obj                      3244    0         80     
       list.obj                       298     0         0      
    +--+------------------------------+-------+---------+---------+
       Total:                         9954    0         560    
                                                               
    .\FreeRTOS\portable\CCS\ARM_CM4F\
       port.obj                       316     4         4      
       portasm.obj                    218     0         0      
    +--+------------------------------+-------+---------+---------+
       Total:                         534     4         4      
                                                               
    .\FreeRTOS\portable\MemMang\
       heap_2.obj                     440     0         8216   
    +--+------------------------------+-------+---------+---------+
       Total:                         440     0         8216   
                                                               
    .\OrbitOLED\
       OrbitOLEDInterface.obj         68      0         0      
    +--+------------------------------+-------+---------+---------+
       Total:                         68      0         0      
                                                               
    .\OrbitOLED\lib_OrbitOled\
       OrbitOledGrph.obj              2384    0         8      
       OrbitOled.obj                  892     0         553    
       OrbitOledChar.obj              516     0         272    
       ChrFont0.obj                   0       768       0      
       delay.obj                      92      0         0      
       FillPat.obj                    0       64        0      
    +--+------------------------------+-------+---------+---------+
       Total:                         3884    832       833    
                                                               
    C:/ti/TivaWare_C_Series-2.1.4.178/driverlib/ccs/Debug/driverlib.lib
       gpio.obj                       748     552       0      
       sysctl.obj                     734     108       0      
       interrupt.obj                  156     20        620    
       adc.obj                        398     0         0      
       uart.obj                       142     0         0      
       timer.obj                      120     0         0      
       pwm.obj                        110     0         0      
       ssi.obj                        106     0         0      
       systick.obj                    84      0         0      
    +--+------------------------------+-------+---------+---------+
       Total:                         2598    680       620    
                                                               
    C:\ti\ccs920\ccs\tools\compiler\ti-cgt-arm_18.12.4.LTS\lib\rtsv7M4_T_le_v4SPD16_eabi.lib
       memory.c.obj                   752     0         8      
       fd_add_t2.asm.obj              438     0         0      
       fd_mul_t2.asm.obj              252     0         0      
       memcpy_t2.asm.obj              156     0         0      
       memset_t2.asm.obj              122     0         0      
       copy_decompress_lzss.c.obj     104     0         0      
       fd_toi_t2.asm.obj              72      0         0      
       autoinit.c.obj                 68      0         0      
       fd_tou_t2.asm.obj              68      0         0      
       u_divt2.asm.obj                64      0         0      
       boot_cortex_m.c.obj            52      0         0      
       i_tofd_t2.asm.obj              46      0         0      
       copy_decompress_none.c.obj     14      0         0      
       copy_zero_init.c.obj           12      0         0      
       _lock.c.obj                    2       0         8      
       exit.c.obj                     4       0         0      
       pre_init.c.obj                 4       0         0      
       div0.asm.obj                   2       0         0      
    +--+------------------------------+-------+---------+---------+
       Total:                         2232    0         16     
                                                               
       Heap:                          0       0         8192   
       Stack:                         0       0         2048   
       Linker Generated:              0       82        0      
    +--+------------------------------+-------+---------+---------+
       Grand Total:                   27166   2312      20613  


LINKER GENERATED COPY TABLES

__TI_cinit_table @ 00007320 records: 3, size/record: 8, table size: 24
	.data: load addr=000072e0, load size=0000001e bytes, run addr=20005000, run size=00000086 bytes, compression=lzss
	.bss: load addr=00007310, load size=00000008 bytes, run addr=2000026c, run size=00002593 bytes, compression=zero_init
	.vtable: load addr=00007318, load size=00000008 bytes, run addr=20000000, run size=0000026c bytes, compression=zero_init


LINKER GENERATED HANDLER TABLE

__TI_handler_table @ 00007300 records: 3, size/record: 4, table size: 12
	index: 0, handler: __TI_zero_init
	index: 1, handler: __TI_decompress_lzss
	index: 2, handler: __TI_decompress_none


GLOBAL SYMBOLS: SORTED ALPHABETICALLY BY Name 

address   name                               
-------   ----                               
00006c23  ADCIntClear                        
00006b7b  ADCIntEnable                       
000051f5  ADCIntHandler                      
00006a75  ADCIntRegister                     
00006a8d  ADCProcessorTrigger                
00006575  ADCSequenceConfigure               
00006a01  ADCSequenceDataGet                 
00006bbd  ADCSequenceEnable                  
0000609f  ADCSequenceStepConfigure           
200027a0  AltControl                         
200027a4  AltDerivError                      
2000504c  Alt_error                          
00006c91  C$$EXIT                            
00006421  DelayInit                          
0000643b  DelayMs                            
00006967  GPIODirModeSet                     
00006c6f  GPIOIntClear                       
00006be7  GPIOIntEnable                      
00006aa5  GPIOIntRegister                    
0000647d  GPIOIntTypeSet                     
00005711  GPIOPadConfigSet                   
000065c5  GPIOPinConfigure                   
00006c75  GPIOPinRead                        
00006ad5  GPIOPinTypeGPIOInput               
00006abd  GPIOPinTypeGPIOOutput              
00006aeb  GPIOPinTypePWM                     
00006b01  GPIOPinTypeSSI                     
00006b17  GPIOPinTypeUART                    
00006c7b  GPIOPinWrite                       
00003ed9  GetAltRef                          
00003e6b  GetSwitchState                     
00003edf  GetYawRef                          
000062f1  IntEnable                          
0000689d  IntRegister                        
000066c7  OLEDInitialise                     
000066a1  OLEDStringDraw                     
00004ad5  OrbitOledAdvanceCursor             
00003d99  OrbitOledClampXco                  
00003db9  OrbitOledClampYco                  
0000457d  OrbitOledClear                     
00004589  OrbitOledClearBuffer               
000049a5  OrbitOledDefUserChar               
000044f9  OrbitOledDevInit                   
00003bdb  OrbitOledDrawChar                  
00004a5d  OrbitOledDrawGlyph                 
0000359f  OrbitOledDrawPixel                 
000036e5  OrbitOledDrawRect                  
00003c3b  OrbitOledDrawString                
0000447f  OrbitOledDvrInit                   
00003769  OrbitOledFillRect                  
000038ad  OrbitOledGetBmp                    
00004a0d  OrbitOledGetCharUpdate             
00004989  OrbitOledGetCursor                 
00003599  OrbitOledGetDrawMode               
000035cb  OrbitOledGetPixel                  
000034ef  OrbitOledGetPos                    
00003523  OrbitOledGetStdPattern             
000043b5  OrbitOledHostInit                  
000043a1  OrbitOledInit                      
000035e5  OrbitOledLineTo                    
00003d31  OrbitOledMoveDown                  
00003d67  OrbitOledMoveLeft                  
00003d7f  OrbitOledMoveRight                 
000034a9  OrbitOledMoveTo                    
00003cf9  OrbitOledMoveUp                    
00003a0d  OrbitOledPutBmp                    
00004613  OrbitOledPutBuffer                 
00004a13  OrbitOledPutChar                   
00004a31  OrbitOledPutString                 
00003ca7  OrbitOledRopAnd                    
00003c83  OrbitOledRopOr                     
00003c59  OrbitOledRopSet                    
00003ccb  OrbitOledRopXor                    
000049f5  OrbitOledSetCharUpdate             
0000493d  OrbitOledSetCursor                 
0000350b  OrbitOledSetDrawColor              
00003545  OrbitOledSetDrawMode               
00003535  OrbitOledSetFillPattern            
000045b9  OrbitOledUpdate                    
00004b9d  OutputToDisplay                    
00004bd9  OutputToUART                       
20005058  PC4Read                            
00004085  PIDControlAlt                      
00003f7f  PIDControlYaw                      
000069bd  PWMGenConfigure                    
00006bf3  PWMGenEnable                       
00006b8b  PWMGenPeriodSet                    
00006b69  PWMOutputState                     
00006a1f  PWMPulseWidthSet                   
000041fd  RefUpdate                          
00006c17  ResetISR                           
00006c5f  SSIBusy                            
00006c81  SSIClockSourceSet                  
000067f1  SSIConfigSetExpClk                 
00006bff  SSIDataGet                         
00006c2d  SSIDataPut                         
00006c37  SSIEnable                          
00005345  SetMainPWM                         
000053bf  SetTailPWM                         
00004679  Ssi3PutByte                        
200027fc  State                              
0000596d  SysCtlClockGet                     
00005c99  SysCtlClockSet                     
00006c87  SysCtlDelay                        
000068d1  SysCtlPeripheralEnable             
0000682d  SysCtlPeripheralReady              
000064d5  SysCtlPeripheralReset              
00006b9d  SysCtlReset                        
00006b2d  SysTickEnable                      
00006b41  SysTickIntEnable                   
00006195  SysTickIntHandler                  
00006a3d  SysTickIntRegister                 
00006bad  SysTickPeriodSet                   
000063c1  TimerConfigure                     
00006bcb  TimerEnable                        
00006c41  TimerValueGet                      
00006c4b  UARTCharPut                        
00006659  UARTConfigSetExpClk                
000069e1  UARTDisable                        
00006b55  UARTEnable                         
00006c55  UARTFIFOEnable                     
00006253  UARTSend                           
200027a8  YawControl                         
200027ac  YawDerivError                      
000050df  YawIntHandler                      
200027b0  Yaw_error                          
20005000  __STACK_END                        
00000800  __STACK_SIZE                       
20004a00  __STACK_TOP                        
00002000  __SYSMEM_SIZE                      
00007320  __TI_CINIT_Base                    
00007338  __TI_CINIT_Limit                   
00007300  __TI_Handler_Table_Base            
0000730c  __TI_Handler_Table_Limit           
00006729  __TI_auto_init_nobinit_nopinit     
00006359  __TI_decompress_lzss               
00006bd9  __TI_decompress_none               
ffffffff  __TI_pprof_out_hndl                
ffffffff  __TI_prof_data_size                
ffffffff  __TI_prof_data_start               
00000000  __TI_static_base__                 
00006c0b  __TI_zero_init                     
00006611  __aeabi_d2iz                       
0000676d  __aeabi_d2uiz                      
00004ed7  __aeabi_dadd                       
00005b9d  __aeabi_dmul                       
00004ecd  __aeabi_dsub                       
00006939  __aeabi_i2d                        
00006193  __aeabi_idiv0                      
00006193  __aeabi_ldiv0                      
00006119  __aeabi_memclr                     
00006119  __aeabi_memclr4                    
00006119  __aeabi_memclr8                    
00006003  __aeabi_memcpy                     
00006003  __aeabi_memcpy4                    
00006003  __aeabi_memcpy8                    
0000611b  __aeabi_memset                     
0000611b  __aeabi_memset4                    
0000611b  __aeabi_memset8                    
000067b1  __aeabi_uidiv                      
000067b1  __aeabi_uidivmod                   
ffffffff  __binit__                          
ffffffff  __c_args__                         
UNDEFED   __mpu_init                         
20004800  __stack                            
00006905  _c_int00_noargs                    
20005064  _lock                              
00005083  _nop                               
20002800  _sys_memory                        
UNDEFED   _system_post_cinit                 
00006c8d  _system_pre_init                   
20005068  _unlock                            
00006c91  abort                              
00005a85  aligned_alloc                      
000054ff  altTask                            
ffffffff  binit                              
200027b4  bnOledCur                          
000052cf  bufferLocation                     
00006865  calloc                             
000048bf  checkButton                        
00003ea7  checkStability                     
200027fd  clrOledCur                         
00005259  computeAltitude                    
000054e7  control                            
200027b8  dxcoOledFontCur                    
200027bc  dycoOledFontCur                    
000005f1  eTaskGetState                      
200027c0  fOledCharUpdate                    
00003ef5  findYawRef                         
00005d8d  free                               
00005fdd  freeCircBuf                        
200027c4  g_pAltQueue                        
20000000  g_pfnRAMVectors                    
00000000  g_pfnVectors                       
0000417f  getMainDuty                        
0000419d  getMode                            
00004189  getTailDuty                        
00005085  getYaw                             
00004299  helicopterStates                   
00005213  initADC                            
0000549f  initAll                            
000052e3  initAltTask                        
00004b81  initButtonCheck                    
0000471d  initButtons                        
00005f4b  initCircBuf                        
000061eb  initClock                          
00004b41  initDisplay                        
00003df9  initSwitch_PC4                     
000061cb  initSysTick                        
0000519d  initYaw                            
0000537b  initialiseMainPWM                  
000053f1  initialiseTailPWM                  
0000620d  initialiseUSB_UART                 
0000544d  initmotor                          
00004b49  introLine                          
00003f31  landing                            
00005557  main                               
20005050  mainDuty                           
00006c67  malloc                             
00005a85  memalign                           
00006003  memcpy                             
00006121  memset                             
200027c8  modOledCur                         
20005063  mode                               
200027fe  nextState                          
20005061  paralysed                          
200027cc  pbOledCur                          
200027d0  pbOledFontCur                      
200027d4  pbOledFontUser                     
200027d8  pbOledPatCur                       
00002797  pcQueueGetName                     
00000bdb  pcTaskGetName                      
000052a1  percentAltitude                    
200027dc  pfnDoRop                           
00004b57  printString                        
00004d15  pvPortMalloc                       
0000165d  pvTaskIncrementMutexHeldCount      
20005000  pxCurrentTCB                       
000055d5  pxPortInitialiseStack              
00005fa9  readCircBuf                        
20005062  ref_Found                          
00005295  resetAltitude                      
000041cf  resetIntControl                    
000050d7  resetYaw                           
00005431  resetmotor                         
00007228  rgbFillPat                         
2000226c  rgbOledBmp                         
00006c94  rgbOledFont0                       
200025ac  rgbOledFontUser                    
00003eb9  setAltRef                          
00003ec9  setYawRef                          
200027e0  slot                               
20005084  slowTick                           
20005060  stable                             
2000505c  switchState                        
20005054  tailDuty                           
00003ee5  take_Off                           
000024e7  ucQueueGetQueueType                
000072d8  ulMaxSyscallInterruptPriority      
00005e81  ulPortGetIPSR                      
00001675  ulTaskNotifyTake                   
00001a7b  ulTaskNotifyValueClear             
00002d09  ulocaltime                         
00002f07  umktime                            
000047eb  updateButtons                      
00003e49  updateReset                        
00003481  urand                              
00002cd9  usnprintf                          
00002ca7  usprintf                           
00003471  usrand                             
000033e9  ustrcasecmp                        
0000345d  ustrcmp                            
000032ed  ustrlen                            
00003345  ustrncasecmp                       
000033fd  ustrncmp                           
00002825  ustrncpy                           
0000330f  ustrstr                            
000030b5  ustrtof                            
00002f7d  ustrtoul                           
0000287d  uvsnprintf                         
00005925  uxListRemove                       
000024c7  uxQueueGetQueueNumber              
00002465  uxQueueMessagesWaiting             
0000249b  uxQueueMessagesWaitingFromISR      
0000247b  uxQueueSpacesAvailable             
00000bd5  uxTaskGetNumberOfTasks             
0000135d  uxTaskGetStackHighWaterMark        
00000c01  uxTaskGetSystemState               
000010f1  uxTaskGetTaskNumber                
000006a1  uxTaskPriorityGet                  
000006cd  uxTaskPriorityGetFromISR           
00001635  uxTaskResetEventItemValue          
00005495  vApplicationStackOverflowHook      
00005843  vListInitialise                    
00005873  vListInitialiseItem                
000058bf  vListInsert                        
00005883  vListInsertEnd                     
00005f3d  vPortEnableVFP                     
00005675  vPortEndScheduler                  
00005677  vPortEnterCritical                 
00005697  vPortExitCritical                  
00004e0d  vPortFree                          
00004e71  vPortInitialiseBlocks              
00005ef9  vPortSVCHandler                    
000056d3  vPortSetupTimerInterrupt           
00005f19  vPortStartFirstTask                
00002755  vQueueAddToRegistry                
000024b1  vQueueDelete                       
000024d5  vQueueSetQueueNumber               
000027d7  vQueueUnregisterQueue              
000005b3  vTaskDelay                         
00000523  vTaskDelayUntil                    
00000475  vTaskDelete                        
00000a99  vTaskEndScheduler                  
000011cd  vTaskGetInfo                       
0000103b  vTaskInternalSetTimeOutState       
000010e3  vTaskMissedYield                   
00001995  vTaskNotifyGiveFromISR             
00000ed7  vTaskPlaceOnEventList              
00000ef9  vTaskPlaceOnUnorderedEventList     
00001575  vTaskPriorityDisinheritAfterTimeout
00000715  vTaskPrioritySet                   
00000fb1  vTaskRemoveFromUnorderedEventList  
00000941  vTaskResume                        
00001111  vTaskSetTaskNumber                 
0000101d  vTaskSetTimeOutState               
00000a49  vTaskStartScheduler                
0000082d  vTaskSuspend                       
00000ab5  vTaskSuspendAll                    
00000e35  vTaskSwitchContext                 
00005f75  writeCircBuf                       
00004e6b  xPortGetFreeHeapSize               
00005e99  xPortPendSVHandler                 
0000563f  xPortStartScheduler                
000056ad  xPortSysTickHandler                
00001ccd  xQueueCreateMutex                  
00001c19  xQueueGenericCreate                
00001b79  xQueueGenericReset                 
00001d79  xQueueGenericSend                  
00001ea7  xQueueGenericSendFromISR           
00001f49  xQueueGiveFromISR                  
00001cf9  xQueueGiveMutexRecursive           
000026e9  xQueueIsQueueEmptyFromISR          
0000272f  xQueueIsQueueFullFromISR           
00002253  xQueuePeek                         
00002413  xQueuePeekFromISR                  
00001fdd  xQueueReceive                      
00002379  xQueueReceiveFromISR               
200026ac  xQueueRegistry                     
000020f7  xQueueSemaphoreTake                
00001d35  xQueueTakeMutexRecursive           
00000cd3  xTaskCatchUpTicks                  
00001065  xTaskCheckForTimeOut               
0000026d  xTaskCreate                        
0000179d  xTaskGenericNotify                 
00001889  xTaskGenericNotifyFromISR          
000013d5  xTaskGetCurrentTaskHandle          
00000bab  xTaskGetTickCount                  
00000bc1  xTaskGetTickCountFromISR           
00000d21  xTaskIncrementTick                 
00001a41  xTaskNotifyStateClear              
000016f5  xTaskNotifyWait                    
000014d7  xTaskPriorityDisinherit            
00001409  xTaskPriorityInherit               
00000f31  xTaskRemoveFromEventList           
00000ac9  xTaskResumeAll                     
000009bb  xTaskResumeFromISR                 
200027e4  xchOledCur                         
200027e8  xchOledMax                         
200027ec  xcoOledCur                         
00005529  yawTask                            
200027f0  ychOledCur                         
200027f4  ychOledMax                         
200027f8  ycoOledCur                         


GLOBAL SYMBOLS: SORTED BY Symbol Address 

address   name                               
-------   ----                               
00000000  __TI_static_base__                 
00000000  g_pfnVectors                       
0000026d  xTaskCreate                        
00000475  vTaskDelete                        
00000523  vTaskDelayUntil                    
000005b3  vTaskDelay                         
000005f1  eTaskGetState                      
000006a1  uxTaskPriorityGet                  
000006cd  uxTaskPriorityGetFromISR           
00000715  vTaskPrioritySet                   
00000800  __STACK_SIZE                       
0000082d  vTaskSuspend                       
00000941  vTaskResume                        
000009bb  xTaskResumeFromISR                 
00000a49  vTaskStartScheduler                
00000a99  vTaskEndScheduler                  
00000ab5  vTaskSuspendAll                    
00000ac9  xTaskResumeAll                     
00000bab  xTaskGetTickCount                  
00000bc1  xTaskGetTickCountFromISR           
00000bd5  uxTaskGetNumberOfTasks             
00000bdb  pcTaskGetName                      
00000c01  uxTaskGetSystemState               
00000cd3  xTaskCatchUpTicks                  
00000d21  xTaskIncrementTick                 
00000e35  vTaskSwitchContext                 
00000ed7  vTaskPlaceOnEventList              
00000ef9  vTaskPlaceOnUnorderedEventList     
00000f31  xTaskRemoveFromEventList           
00000fb1  vTaskRemoveFromUnorderedEventList  
0000101d  vTaskSetTimeOutState               
0000103b  vTaskInternalSetTimeOutState       
00001065  xTaskCheckForTimeOut               
000010e3  vTaskMissedYield                   
000010f1  uxTaskGetTaskNumber                
00001111  vTaskSetTaskNumber                 
000011cd  vTaskGetInfo                       
0000135d  uxTaskGetStackHighWaterMark        
000013d5  xTaskGetCurrentTaskHandle          
00001409  xTaskPriorityInherit               
000014d7  xTaskPriorityDisinherit            
00001575  vTaskPriorityDisinheritAfterTimeout
00001635  uxTaskResetEventItemValue          
0000165d  pvTaskIncrementMutexHeldCount      
00001675  ulTaskNotifyTake                   
000016f5  xTaskNotifyWait                    
0000179d  xTaskGenericNotify                 
00001889  xTaskGenericNotifyFromISR          
00001995  vTaskNotifyGiveFromISR             
00001a41  xTaskNotifyStateClear              
00001a7b  ulTaskNotifyValueClear             
00001b79  xQueueGenericReset                 
00001c19  xQueueGenericCreate                
00001ccd  xQueueCreateMutex                  
00001cf9  xQueueGiveMutexRecursive           
00001d35  xQueueTakeMutexRecursive           
00001d79  xQueueGenericSend                  
00001ea7  xQueueGenericSendFromISR           
00001f49  xQueueGiveFromISR                  
00001fdd  xQueueReceive                      
00002000  __SYSMEM_SIZE                      
000020f7  xQueueSemaphoreTake                
00002253  xQueuePeek                         
00002379  xQueueReceiveFromISR               
00002413  xQueuePeekFromISR                  
00002465  uxQueueMessagesWaiting             
0000247b  uxQueueSpacesAvailable             
0000249b  uxQueueMessagesWaitingFromISR      
000024b1  vQueueDelete                       
000024c7  uxQueueGetQueueNumber              
000024d5  vQueueSetQueueNumber               
000024e7  ucQueueGetQueueType                
000026e9  xQueueIsQueueEmptyFromISR          
0000272f  xQueueIsQueueFullFromISR           
00002755  vQueueAddToRegistry                
00002797  pcQueueGetName                     
000027d7  vQueueUnregisterQueue              
00002825  ustrncpy                           
0000287d  uvsnprintf                         
00002ca7  usprintf                           
00002cd9  usnprintf                          
00002d09  ulocaltime                         
00002f07  umktime                            
00002f7d  ustrtoul                           
000030b5  ustrtof                            
000032ed  ustrlen                            
0000330f  ustrstr                            
00003345  ustrncasecmp                       
000033e9  ustrcasecmp                        
000033fd  ustrncmp                           
0000345d  ustrcmp                            
00003471  usrand                             
00003481  urand                              
000034a9  OrbitOledMoveTo                    
000034ef  OrbitOledGetPos                    
0000350b  OrbitOledSetDrawColor              
00003523  OrbitOledGetStdPattern             
00003535  OrbitOledSetFillPattern            
00003545  OrbitOledSetDrawMode               
00003599  OrbitOledGetDrawMode               
0000359f  OrbitOledDrawPixel                 
000035cb  OrbitOledGetPixel                  
000035e5  OrbitOledLineTo                    
000036e5  OrbitOledDrawRect                  
00003769  OrbitOledFillRect                  
000038ad  OrbitOledGetBmp                    
00003a0d  OrbitOledPutBmp                    
00003bdb  OrbitOledDrawChar                  
00003c3b  OrbitOledDrawString                
00003c59  OrbitOledRopSet                    
00003c83  OrbitOledRopOr                     
00003ca7  OrbitOledRopAnd                    
00003ccb  OrbitOledRopXor                    
00003cf9  OrbitOledMoveUp                    
00003d31  OrbitOledMoveDown                  
00003d67  OrbitOledMoveLeft                  
00003d7f  OrbitOledMoveRight                 
00003d99  OrbitOledClampXco                  
00003db9  OrbitOledClampYco                  
00003df9  initSwitch_PC4                     
00003e49  updateReset                        
00003e6b  GetSwitchState                     
00003ea7  checkStability                     
00003eb9  setAltRef                          
00003ec9  setYawRef                          
00003ed9  GetAltRef                          
00003edf  GetYawRef                          
00003ee5  take_Off                           
00003ef5  findYawRef                         
00003f31  landing                            
00003f7f  PIDControlYaw                      
00004085  PIDControlAlt                      
0000417f  getMainDuty                        
00004189  getTailDuty                        
0000419d  getMode                            
000041cf  resetIntControl                    
000041fd  RefUpdate                          
00004299  helicopterStates                   
000043a1  OrbitOledInit                      
000043b5  OrbitOledHostInit                  
0000447f  OrbitOledDvrInit                   
000044f9  OrbitOledDevInit                   
0000457d  OrbitOledClear                     
00004589  OrbitOledClearBuffer               
000045b9  OrbitOledUpdate                    
00004613  OrbitOledPutBuffer                 
00004679  Ssi3PutByte                        
0000471d  initButtons                        
000047eb  updateButtons                      
000048bf  checkButton                        
0000493d  OrbitOledSetCursor                 
00004989  OrbitOledGetCursor                 
000049a5  OrbitOledDefUserChar               
000049f5  OrbitOledSetCharUpdate             
00004a0d  OrbitOledGetCharUpdate             
00004a13  OrbitOledPutChar                   
00004a31  OrbitOledPutString                 
00004a5d  OrbitOledDrawGlyph                 
00004ad5  OrbitOledAdvanceCursor             
00004b41  initDisplay                        
00004b49  introLine                          
00004b57  printString                        
00004b81  initButtonCheck                    
00004b9d  OutputToDisplay                    
00004bd9  OutputToUART                       
00004d15  pvPortMalloc                       
00004e0d  vPortFree                          
00004e6b  xPortGetFreeHeapSize               
00004e71  vPortInitialiseBlocks              
00004ecd  __aeabi_dsub                       
00004ed7  __aeabi_dadd                       
00005083  _nop                               
00005085  getYaw                             
000050d7  resetYaw                           
000050df  YawIntHandler                      
0000519d  initYaw                            
000051f5  ADCIntHandler                      
00005213  initADC                            
00005259  computeAltitude                    
00005295  resetAltitude                      
000052a1  percentAltitude                    
000052cf  bufferLocation                     
000052e3  initAltTask                        
00005345  SetMainPWM                         
0000537b  initialiseMainPWM                  
000053bf  SetTailPWM                         
000053f1  initialiseTailPWM                  
00005431  resetmotor                         
0000544d  initmotor                          
00005495  vApplicationStackOverflowHook      
0000549f  initAll                            
000054e7  control                            
000054ff  altTask                            
00005529  yawTask                            
00005557  main                               
000055d5  pxPortInitialiseStack              
0000563f  xPortStartScheduler                
00005675  vPortEndScheduler                  
00005677  vPortEnterCritical                 
00005697  vPortExitCritical                  
000056ad  xPortSysTickHandler                
000056d3  vPortSetupTimerInterrupt           
00005711  GPIOPadConfigSet                   
00005843  vListInitialise                    
00005873  vListInitialiseItem                
00005883  vListInsertEnd                     
000058bf  vListInsert                        
00005925  uxListRemove                       
0000596d  SysCtlClockGet                     
00005a85  aligned_alloc                      
00005a85  memalign                           
00005b9d  __aeabi_dmul                       
00005c99  SysCtlClockSet                     
00005d8d  free                               
00005e81  ulPortGetIPSR                      
00005e99  xPortPendSVHandler                 
00005ef9  vPortSVCHandler                    
00005f19  vPortStartFirstTask                
00005f3d  vPortEnableVFP                     
00005f4b  initCircBuf                        
00005f75  writeCircBuf                       
00005fa9  readCircBuf                        
00005fdd  freeCircBuf                        
00006003  __aeabi_memcpy                     
00006003  __aeabi_memcpy4                    
00006003  __aeabi_memcpy8                    
00006003  memcpy                             
0000609f  ADCSequenceStepConfigure           
00006119  __aeabi_memclr                     
00006119  __aeabi_memclr4                    
00006119  __aeabi_memclr8                    
0000611b  __aeabi_memset                     
0000611b  __aeabi_memset4                    
0000611b  __aeabi_memset8                    
00006121  memset                             
00006193  __aeabi_idiv0                      
00006193  __aeabi_ldiv0                      
00006195  SysTickIntHandler                  
000061cb  initSysTick                        
000061eb  initClock                          
0000620d  initialiseUSB_UART                 
00006253  UARTSend                           
000062f1  IntEnable                          
00006359  __TI_decompress_lzss               
000063c1  TimerConfigure                     
00006421  DelayInit                          
0000643b  DelayMs                            
0000647d  GPIOIntTypeSet                     
000064d5  SysCtlPeripheralReset              
00006575  ADCSequenceConfigure               
000065c5  GPIOPinConfigure                   
00006611  __aeabi_d2iz                       
00006659  UARTConfigSetExpClk                
000066a1  OLEDStringDraw                     
000066c7  OLEDInitialise                     
00006729  __TI_auto_init_nobinit_nopinit     
0000676d  __aeabi_d2uiz                      
000067b1  __aeabi_uidiv                      
000067b1  __aeabi_uidivmod                   
000067f1  SSIConfigSetExpClk                 
0000682d  SysCtlPeripheralReady              
00006865  calloc                             
0000689d  IntRegister                        
000068d1  SysCtlPeripheralEnable             
00006905  _c_int00_noargs                    
00006939  __aeabi_i2d                        
00006967  GPIODirModeSet                     
000069bd  PWMGenConfigure                    
000069e1  UARTDisable                        
00006a01  ADCSequenceDataGet                 
00006a1f  PWMPulseWidthSet                   
00006a3d  SysTickIntRegister                 
00006a75  ADCIntRegister                     
00006a8d  ADCProcessorTrigger                
00006aa5  GPIOIntRegister                    
00006abd  GPIOPinTypeGPIOOutput              
00006ad5  GPIOPinTypeGPIOInput               
00006aeb  GPIOPinTypePWM                     
00006b01  GPIOPinTypeSSI                     
00006b17  GPIOPinTypeUART                    
00006b2d  SysTickEnable                      
00006b41  SysTickIntEnable                   
00006b55  UARTEnable                         
00006b69  PWMOutputState                     
00006b7b  ADCIntEnable                       
00006b8b  PWMGenPeriodSet                    
00006b9d  SysCtlReset                        
00006bad  SysTickPeriodSet                   
00006bbd  ADCSequenceEnable                  
00006bcb  TimerEnable                        
00006bd9  __TI_decompress_none               
00006be7  GPIOIntEnable                      
00006bf3  PWMGenEnable                       
00006bff  SSIDataGet                         
00006c0b  __TI_zero_init                     
00006c17  ResetISR                           
00006c23  ADCIntClear                        
00006c2d  SSIDataPut                         
00006c37  SSIEnable                          
00006c41  TimerValueGet                      
00006c4b  UARTCharPut                        
00006c55  UARTFIFOEnable                     
00006c5f  SSIBusy                            
00006c67  malloc                             
00006c6f  GPIOIntClear                       
00006c75  GPIOPinRead                        
00006c7b  GPIOPinWrite                       
00006c81  SSIClockSourceSet                  
00006c87  SysCtlDelay                        
00006c8d  _system_pre_init                   
00006c91  C$$EXIT                            
00006c91  abort                              
00006c94  rgbOledFont0                       
00007228  rgbFillPat                         
000072d8  ulMaxSyscallInterruptPriority      
00007300  __TI_Handler_Table_Base            
0000730c  __TI_Handler_Table_Limit           
00007320  __TI_CINIT_Base                    
00007338  __TI_CINIT_Limit                   
20000000  g_pfnRAMVectors                    
2000226c  rgbOledBmp                         
200025ac  rgbOledFontUser                    
200026ac  xQueueRegistry                     
200027a0  AltControl                         
200027a4  AltDerivError                      
200027a8  YawControl                         
200027ac  YawDerivError                      
200027b0  Yaw_error                          
200027b4  bnOledCur                          
200027b8  dxcoOledFontCur                    
200027bc  dycoOledFontCur                    
200027c0  fOledCharUpdate                    
200027c4  g_pAltQueue                        
200027c8  modOledCur                         
200027cc  pbOledCur                          
200027d0  pbOledFontCur                      
200027d4  pbOledFontUser                     
200027d8  pbOledPatCur                       
200027dc  pfnDoRop                           
200027e0  slot                               
200027e4  xchOledCur                         
200027e8  xchOledMax                         
200027ec  xcoOledCur                         
200027f0  ychOledCur                         
200027f4  ychOledMax                         
200027f8  ycoOledCur                         
200027fc  State                              
200027fd  clrOledCur                         
200027fe  nextState                          
20002800  _sys_memory                        
20004800  __stack                            
20004a00  __STACK_TOP                        
20005000  __STACK_END                        
20005000  pxCurrentTCB                       
2000504c  Alt_error                          
20005050  mainDuty                           
20005054  tailDuty                           
20005058  PC4Read                            
2000505c  switchState                        
20005060  stable                             
20005061  paralysed                          
20005062  ref_Found                          
20005063  mode                               
20005064  _lock                              
20005068  _unlock                            
20005084  slowTick                           
ffffffff  __TI_pprof_out_hndl                
ffffffff  __TI_prof_data_size                
ffffffff  __TI_prof_data_start               
ffffffff  __binit__                          
ffffffff  __c_args__                         
ffffffff  binit                              
UNDEFED   __mpu_init                         
UNDEFED   _system_post_cinit                 

[374 symbols]
