<?xml version="1.0" encoding="ISO-8859-1" ?>
<link_info>
   <banner>TI ARM Linker PC v18.12.4.LTS</banner>
   <copyright>Copyright (c) 1996-2018 Texas Instruments Incorporated</copyright>
   <link_time>0x5f2a92fe</link_time>
   <link_errors>0x0</link_errors>
   <output_file>FreeRTOS_Initial.out</output_file>
   <entry_point>
      <name>_c_int00_noargs</name>
      <address>0x6825</address>
   </entry_point>
   <input_file_list>
      <input_file id="fl-2">
         <path>.\</path>
         <kind>object</kind>
         <file>altitude.obj</file>
         <name>altitude.obj</name>
      </input_file>
      <input_file id="fl-3">
         <path>.\</path>
         <kind>object</kind>
         <file>buttons4.obj</file>
         <name>buttons4.obj</name>
      </input_file>
      <input_file id="fl-4">
         <path>.\</path>
         <kind>object</kind>
         <file>circBufT.obj</file>
         <name>circBufT.obj</name>
      </input_file>
      <input_file id="fl-5">
         <path>.\</path>
         <kind>object</kind>
         <file>control.obj</file>
         <name>control.obj</name>
      </input_file>
      <input_file id="fl-6">
         <path>.\</path>
         <kind>object</kind>
         <file>display.obj</file>
         <name>display.obj</name>
      </input_file>
      <input_file id="fl-7">
         <path>.\</path>
         <kind>object</kind>
         <file>heliQueue.obj</file>
         <name>heliQueue.obj</name>
      </input_file>
      <input_file id="fl-8">
         <path>.\</path>
         <kind>object</kind>
         <file>main.obj</file>
         <name>main.obj</name>
      </input_file>
      <input_file id="fl-9">
         <path>.\</path>
         <kind>object</kind>
         <file>motor.obj</file>
         <name>motor.obj</name>
      </input_file>
      <input_file id="fl-a">
         <path>.\</path>
         <kind>object</kind>
         <file>system.obj</file>
         <name>system.obj</name>
      </input_file>
      <input_file id="fl-b">
         <path>.\</path>
         <kind>object</kind>
         <file>tm4c123gh6pm_startup_ccs.obj</file>
         <name>tm4c123gh6pm_startup_ccs.obj</name>
      </input_file>
      <input_file id="fl-c">
         <path>.\</path>
         <kind>object</kind>
         <file>uart.obj</file>
         <name>uart.obj</name>
      </input_file>
      <input_file id="fl-d">
         <path>.\</path>
         <kind>object</kind>
         <file>ustdlib.obj</file>
         <name>ustdlib.obj</name>
      </input_file>
      <input_file id="fl-e">
         <path>.\</path>
         <kind>object</kind>
         <file>yaw.obj</file>
         <name>yaw.obj</name>
      </input_file>
      <input_file id="fl-f">
         <path>.\FreeRTOS\</path>
         <kind>object</kind>
         <file>croutine.obj</file>
         <name>croutine.obj</name>
      </input_file>
      <input_file id="fl-10">
         <path>.\FreeRTOS\</path>
         <kind>object</kind>
         <file>event_groups.obj</file>
         <name>event_groups.obj</name>
      </input_file>
      <input_file id="fl-11">
         <path>.\FreeRTOS\</path>
         <kind>object</kind>
         <file>list.obj</file>
         <name>list.obj</name>
      </input_file>
      <input_file id="fl-12">
         <path>.\FreeRTOS\</path>
         <kind>object</kind>
         <file>queue.obj</file>
         <name>queue.obj</name>
      </input_file>
      <input_file id="fl-13">
         <path>.\FreeRTOS\</path>
         <kind>object</kind>
         <file>stream_buffer.obj</file>
         <name>stream_buffer.obj</name>
      </input_file>
      <input_file id="fl-14">
         <path>.\FreeRTOS\</path>
         <kind>object</kind>
         <file>tasks.obj</file>
         <name>tasks.obj</name>
      </input_file>
      <input_file id="fl-15">
         <path>.\FreeRTOS\</path>
         <kind>object</kind>
         <file>timers.obj</file>
         <name>timers.obj</name>
      </input_file>
      <input_file id="fl-16">
         <path>.\FreeRTOS\portable\CCS\ARM_CM4F\</path>
         <kind>object</kind>
         <file>port.obj</file>
         <name>port.obj</name>
      </input_file>
      <input_file id="fl-17">
         <path>.\FreeRTOS\portable\CCS\ARM_CM4F\</path>
         <kind>object</kind>
         <file>portasm.obj</file>
         <name>portasm.obj</name>
      </input_file>
      <input_file id="fl-18">
         <path>.\FreeRTOS\portable\MemMang\</path>
         <kind>object</kind>
         <file>heap_2.obj</file>
         <name>heap_2.obj</name>
      </input_file>
      <input_file id="fl-19">
         <path>.\OrbitOLED\</path>
         <kind>object</kind>
         <file>OrbitOLEDInterface.obj</file>
         <name>OrbitOLEDInterface.obj</name>
      </input_file>
      <input_file id="fl-1a">
         <path>.\OrbitOLED\lib_OrbitOled\</path>
         <kind>object</kind>
         <file>ChrFont0.obj</file>
         <name>ChrFont0.obj</name>
      </input_file>
      <input_file id="fl-1b">
         <path>.\OrbitOLED\lib_OrbitOled\</path>
         <kind>object</kind>
         <file>FillPat.obj</file>
         <name>FillPat.obj</name>
      </input_file>
      <input_file id="fl-1c">
         <path>.\OrbitOLED\lib_OrbitOled\</path>
         <kind>object</kind>
         <file>OrbitOled.obj</file>
         <name>OrbitOled.obj</name>
      </input_file>
      <input_file id="fl-1d">
         <path>.\OrbitOLED\lib_OrbitOled\</path>
         <kind>object</kind>
         <file>OrbitOledChar.obj</file>
         <name>OrbitOledChar.obj</name>
      </input_file>
      <input_file id="fl-1e">
         <path>.\OrbitOLED\lib_OrbitOled\</path>
         <kind>object</kind>
         <file>OrbitOledGrph.obj</file>
         <name>OrbitOledGrph.obj</name>
      </input_file>
      <input_file id="fl-1f">
         <path>.\OrbitOLED\lib_OrbitOled\</path>
         <kind>object</kind>
         <file>delay.obj</file>
         <name>delay.obj</name>
      </input_file>
      <input_file id="fl-24">
         <kind>object</kind>
         <file>&lt;internal&gt;</file>
         <name>&lt;internal&gt;</name>
      </input_file>
      <input_file id="fl-da">
         <path>C:\ti\ccs920\ccs\tools\compiler\ti-cgt-arm_18.12.4.LTS\lib\</path>
         <kind>archive</kind>
         <file>rtsv7M4_T_le_v4SPD16_eabi.lib</file>
         <name>fd_add_t2.asm.obj</name>
      </input_file>
      <input_file id="fl-db">
         <path>C:\ti\ccs920\ccs\tools\compiler\ti-cgt-arm_18.12.4.LTS\lib\</path>
         <kind>archive</kind>
         <file>rtsv7M4_T_le_v4SPD16_eabi.lib</file>
         <name>fd_mul_t2.asm.obj</name>
      </input_file>
      <input_file id="fl-dc">
         <path>C:\ti\ccs920\ccs\tools\compiler\ti-cgt-arm_18.12.4.LTS\lib\</path>
         <kind>archive</kind>
         <file>rtsv7M4_T_le_v4SPD16_eabi.lib</file>
         <name>fd_toi_t2.asm.obj</name>
      </input_file>
      <input_file id="fl-dd">
         <path>C:\ti\ccs920\ccs\tools\compiler\ti-cgt-arm_18.12.4.LTS\lib\</path>
         <kind>archive</kind>
         <file>rtsv7M4_T_le_v4SPD16_eabi.lib</file>
         <name>fd_tou_t2.asm.obj</name>
      </input_file>
      <input_file id="fl-de">
         <path>C:\ti\ccs920\ccs\tools\compiler\ti-cgt-arm_18.12.4.LTS\lib\</path>
         <kind>archive</kind>
         <file>rtsv7M4_T_le_v4SPD16_eabi.lib</file>
         <name>i_tofd_t2.asm.obj</name>
      </input_file>
      <input_file id="fl-df">
         <path>C:\ti\ccs920\ccs\tools\compiler\ti-cgt-arm_18.12.4.LTS\lib\</path>
         <kind>archive</kind>
         <file>rtsv7M4_T_le_v4SPD16_eabi.lib</file>
         <name>memcpy_t2.asm.obj</name>
      </input_file>
      <input_file id="fl-e0">
         <path>C:\ti\ccs920\ccs\tools\compiler\ti-cgt-arm_18.12.4.LTS\lib\</path>
         <kind>archive</kind>
         <file>rtsv7M4_T_le_v4SPD16_eabi.lib</file>
         <name>u_divt2.asm.obj</name>
      </input_file>
      <input_file id="fl-e1">
         <path>C:\ti\ccs920\ccs\tools\compiler\ti-cgt-arm_18.12.4.LTS\lib\</path>
         <kind>archive</kind>
         <file>rtsv7M4_T_le_v4SPD16_eabi.lib</file>
         <name>memset_t2.asm.obj</name>
      </input_file>
      <input_file id="fl-e2">
         <path>C:\ti\ccs920\ccs\tools\compiler\ti-cgt-arm_18.12.4.LTS\lib\</path>
         <kind>archive</kind>
         <file>rtsv7M4_T_le_v4SPD16_eabi.lib</file>
         <name>copy_zero_init.c.obj</name>
      </input_file>
      <input_file id="fl-e3">
         <path>C:\ti\ccs920\ccs\tools\compiler\ti-cgt-arm_18.12.4.LTS\lib\</path>
         <kind>archive</kind>
         <file>rtsv7M4_T_le_v4SPD16_eabi.lib</file>
         <name>copy_decompress_none.c.obj</name>
      </input_file>
      <input_file id="fl-e4">
         <path>C:\ti\ccs920\ccs\tools\compiler\ti-cgt-arm_18.12.4.LTS\lib\</path>
         <kind>archive</kind>
         <file>rtsv7M4_T_le_v4SPD16_eabi.lib</file>
         <name>copy_decompress_lzss.c.obj</name>
      </input_file>
      <input_file id="fl-e5">
         <path>C:\ti\ccs920\ccs\tools\compiler\ti-cgt-arm_18.12.4.LTS\lib\</path>
         <kind>archive</kind>
         <file>rtsv7M4_T_le_v4SPD16_eabi.lib</file>
         <name>memory.c.obj</name>
      </input_file>
      <input_file id="fl-e6">
         <path>C:\ti\ccs920\ccs\tools\compiler\ti-cgt-arm_18.12.4.LTS\lib\</path>
         <kind>archive</kind>
         <file>rtsv7M4_T_le_v4SPD16_eabi.lib</file>
         <name>boot_cortex_m.c.obj</name>
      </input_file>
      <input_file id="fl-e7">
         <path>C:\ti\ccs920\ccs\tools\compiler\ti-cgt-arm_18.12.4.LTS\lib\</path>
         <kind>archive</kind>
         <file>rtsv7M4_T_le_v4SPD16_eabi.lib</file>
         <name>div0.asm.obj</name>
      </input_file>
      <input_file id="fl-e8">
         <path>C:\ti\ccs920\ccs\tools\compiler\ti-cgt-arm_18.12.4.LTS\lib\</path>
         <kind>archive</kind>
         <file>rtsv7M4_T_le_v4SPD16_eabi.lib</file>
         <name>autoinit.c.obj</name>
      </input_file>
      <input_file id="fl-e9">
         <path>C:\ti\ccs920\ccs\tools\compiler\ti-cgt-arm_18.12.4.LTS\lib\</path>
         <kind>archive</kind>
         <file>rtsv7M4_T_le_v4SPD16_eabi.lib</file>
         <name>pre_init.c.obj</name>
      </input_file>
      <input_file id="fl-ea">
         <path>C:\ti\ccs920\ccs\tools\compiler\ti-cgt-arm_18.12.4.LTS\lib\</path>
         <kind>archive</kind>
         <file>rtsv7M4_T_le_v4SPD16_eabi.lib</file>
         <name>cpy_tbl.c.obj</name>
      </input_file>
      <input_file id="fl-eb">
         <path>C:\ti\ccs920\ccs\tools\compiler\ti-cgt-arm_18.12.4.LTS\lib\</path>
         <kind>archive</kind>
         <file>rtsv7M4_T_le_v4SPD16_eabi.lib</file>
         <name>exit.c.obj</name>
      </input_file>
      <input_file id="fl-ec">
         <path>C:\ti\ccs920\ccs\tools\compiler\ti-cgt-arm_18.12.4.LTS\lib\</path>
         <kind>archive</kind>
         <file>rtsv7M4_T_le_v4SPD16_eabi.lib</file>
         <name>_lock.c.obj</name>
      </input_file>
      <input_file id="fl-ed">
         <path>C:\ti\ccs920\ccs\tools\compiler\ti-cgt-arm_18.12.4.LTS\lib\</path>
         <kind>archive</kind>
         <file>rtsv7M4_T_le_v4SPD16_eabi.lib</file>
         <name>args_main.c.obj</name>
      </input_file>
      <input_file id="fl-ee">
         <path>C:\ti\TivaWare_C_Series-2.1.4.178\driverlib\ccs\Debug\</path>
         <kind>archive</kind>
         <file>driverlib.lib</file>
         <name>adc.obj</name>
      </input_file>
      <input_file id="fl-ef">
         <path>C:\ti\TivaWare_C_Series-2.1.4.178\driverlib\ccs\Debug\</path>
         <kind>archive</kind>
         <file>driverlib.lib</file>
         <name>gpio.obj</name>
      </input_file>
      <input_file id="fl-f0">
         <path>C:\ti\TivaWare_C_Series-2.1.4.178\driverlib\ccs\Debug\</path>
         <kind>archive</kind>
         <file>driverlib.lib</file>
         <name>interrupt.obj</name>
      </input_file>
      <input_file id="fl-f1">
         <path>C:\ti\TivaWare_C_Series-2.1.4.178\driverlib\ccs\Debug\</path>
         <kind>archive</kind>
         <file>driverlib.lib</file>
         <name>pwm.obj</name>
      </input_file>
      <input_file id="fl-f2">
         <path>C:\ti\TivaWare_C_Series-2.1.4.178\driverlib\ccs\Debug\</path>
         <kind>archive</kind>
         <file>driverlib.lib</file>
         <name>ssi.obj</name>
      </input_file>
      <input_file id="fl-f3">
         <path>C:\ti\TivaWare_C_Series-2.1.4.178\driverlib\ccs\Debug\</path>
         <kind>archive</kind>
         <file>driverlib.lib</file>
         <name>sysctl.obj</name>
      </input_file>
      <input_file id="fl-f4">
         <path>C:\ti\TivaWare_C_Series-2.1.4.178\driverlib\ccs\Debug\</path>
         <kind>archive</kind>
         <file>driverlib.lib</file>
         <name>systick.obj</name>
      </input_file>
      <input_file id="fl-f5">
         <path>C:\ti\TivaWare_C_Series-2.1.4.178\driverlib\ccs\Debug\</path>
         <kind>archive</kind>
         <file>driverlib.lib</file>
         <name>timer.obj</name>
      </input_file>
      <input_file id="fl-f6">
         <path>C:\ti\TivaWare_C_Series-2.1.4.178\driverlib\ccs\Debug\</path>
         <kind>archive</kind>
         <file>driverlib.lib</file>
         <name>uart.obj</name>
      </input_file>
      <input_file id="fl-f7">
         <path>C:\ti\TivaWare_C_Series-2.1.4.178\driverlib\ccs\Debug\</path>
         <kind>archive</kind>
         <file>driverlib.lib</file>
         <name>cpu.obj</name>
      </input_file>
   </input_file_list>
   <object_component_list>
      <object_component id="oc-f">
         <name>.intvecs</name>
         <load_address>0x0</load_address>
         <run_address>0x0</run_address>
         <size>0x26c</size>
         <input_file_ref idref="fl-b"/>
      </object_component>
      <object_component id="oc-83">
         <name>.text</name>
         <load_address>0x26c</load_address>
         <run_address>0x26c</run_address>
         <size>0x190c</size>
         <input_file_ref idref="fl-14"/>
      </object_component>
      <object_component id="oc-2b3">
         <name>.text</name>
         <load_address>0x1b78</load_address>
         <run_address>0x1b78</run_address>
         <size>0xcac</size>
         <input_file_ref idref="fl-12"/>
      </object_component>
      <object_component id="oc-27b">
         <name>.text</name>
         <load_address>0x2824</load_address>
         <run_address>0x2824</run_address>
         <size>0xc84</size>
         <input_file_ref idref="fl-d"/>
      </object_component>
      <object_component id="oc-4a8">
         <name>.text</name>
         <load_address>0x34a8</load_address>
         <run_address>0x34a8</run_address>
         <size>0x950</size>
         <input_file_ref idref="fl-1e"/>
      </object_component>
      <object_component id="oc-168">
         <name>.text</name>
         <load_address>0x3df8</load_address>
         <run_address>0x3df8</run_address>
         <size>0x5a8</size>
         <input_file_ref idref="fl-5"/>
      </object_component>
      <object_component id="oc-3ca">
         <name>.text</name>
         <load_address>0x43a0</load_address>
         <run_address>0x43a0</run_address>
         <size>0x37c</size>
         <input_file_ref idref="fl-1c"/>
      </object_component>
      <object_component id="oc-162">
         <name>.text</name>
         <load_address>0x471c</load_address>
         <run_address>0x471c</run_address>
         <size>0x220</size>
         <input_file_ref idref="fl-3"/>
      </object_component>
      <object_component id="oc-3c4">
         <name>.text</name>
         <load_address>0x493c</load_address>
         <run_address>0x493c</run_address>
         <size>0x204</size>
         <input_file_ref idref="fl-1d"/>
      </object_component>
      <object_component id="oc-150">
         <name>.text</name>
         <load_address>0x4b40</load_address>
         <run_address>0x4b40</run_address>
         <size>0x1d4</size>
         <input_file_ref idref="fl-6"/>
      </object_component>
      <object_component id="oc-ee">
         <name>.text</name>
         <load_address>0x4d14</load_address>
         <run_address>0x4d14</run_address>
         <size>0x1b8</size>
         <input_file_ref idref="fl-18"/>
      </object_component>
      <object_component id="oc-31b">
         <name>.text</name>
         <load_address>0x4ecc</load_address>
         <run_address>0x4ecc</run_address>
         <size>0x1b6</size>
         <input_file_ref idref="fl-da"/>
      </object_component>
      <object_component id="oc-467">
         <name>.text:_nop</name>
         <load_address>0x5082</load_address>
         <run_address>0x5082</run_address>
         <size>0x2</size>
         <input_file_ref idref="fl-ec"/>
      </object_component>
      <object_component id="oc-15c">
         <name>.text</name>
         <load_address>0x5084</load_address>
         <run_address>0x5084</run_address>
         <size>0x178</size>
         <input_file_ref idref="fl-e"/>
      </object_component>
      <object_component id="oc-14a">
         <name>.text</name>
         <load_address>0x51fc</load_address>
         <run_address>0x51fc</run_address>
         <size>0x150</size>
         <input_file_ref idref="fl-9"/>
      </object_component>
      <object_component id="oc-156">
         <name>.text</name>
         <load_address>0x534c</load_address>
         <run_address>0x534c</run_address>
         <size>0x140</size>
         <input_file_ref idref="fl-2"/>
      </object_component>
      <object_component id="oc-32">
         <name>.text</name>
         <load_address>0x548c</load_address>
         <run_address>0x548c</run_address>
         <size>0x13c</size>
         <input_file_ref idref="fl-16"/>
      </object_component>
      <object_component id="oc-2d3">
         <name>.text:GPIOPadConfigSet</name>
         <load_address>0x55c8</load_address>
         <run_address>0x55c8</run_address>
         <size>0x132</size>
         <input_file_ref idref="fl-ef"/>
      </object_component>
      <object_component id="oc-f4">
         <name>.text</name>
         <load_address>0x56fa</load_address>
         <run_address>0x56fa</run_address>
         <size>0x12a</size>
         <input_file_ref idref="fl-11"/>
      </object_component>
      <object_component id="oc-17a">
         <name>.text:SysCtlClockGet</name>
         <load_address>0x5824</load_address>
         <run_address>0x5824</run_address>
         <size>0x118</size>
         <input_file_ref idref="fl-f3"/>
      </object_component>
      <object_component id="oc-52d">
         <name>.text:aligned_alloc</name>
         <load_address>0x593c</load_address>
         <run_address>0x593c</run_address>
         <size>0x118</size>
         <input_file_ref idref="fl-e5"/>
      </object_component>
      <object_component id="oc-316">
         <name>.text</name>
         <load_address>0x5a54</load_address>
         <run_address>0x5a54</run_address>
         <size>0xfc</size>
         <input_file_ref idref="fl-db"/>
      </object_component>
      <object_component id="oc-231">
         <name>.text:SysCtlClockSet</name>
         <load_address>0x5b50</load_address>
         <run_address>0x5b50</run_address>
         <size>0xf4</size>
         <input_file_ref idref="fl-f3"/>
      </object_component>
      <object_component id="oc-35b">
         <name>.text:free</name>
         <load_address>0x5c44</load_address>
         <run_address>0x5c44</run_address>
         <size>0xe4</size>
         <input_file_ref idref="fl-e5"/>
      </object_component>
      <object_component id="oc-2d">
         <name>.text</name>
         <load_address>0x5d28</load_address>
         <run_address>0x5d28</run_address>
         <size>0xda</size>
         <input_file_ref idref="fl-17"/>
      </object_component>
      <object_component id="oc-174">
         <name>.text</name>
         <load_address>0x5e02</load_address>
         <run_address>0x5e02</run_address>
         <size>0xb8</size>
         <input_file_ref idref="fl-4"/>
      </object_component>
      <object_component id="oc-46">
         <name>.text</name>
         <load_address>0x5eba</load_address>
         <run_address>0x5eba</run_address>
         <size>0x9c</size>
         <input_file_ref idref="fl-df"/>
      </object_component>
      <object_component id="oc-29b">
         <name>.text:ADCSequenceStepConfigure</name>
         <load_address>0x5f56</load_address>
         <run_address>0x5f56</run_address>
         <size>0x7a</size>
         <input_file_ref idref="fl-ee"/>
      </object_component>
      <object_component id="oc-ba">
         <name>.text</name>
         <load_address>0x5fd0</load_address>
         <run_address>0x5fd0</run_address>
         <size>0x7a</size>
         <input_file_ref idref="fl-e1"/>
      </object_component>
      <object_component id="oc-506">
         <name>.text</name>
         <load_address>0x604a</load_address>
         <run_address>0x604a</run_address>
         <size>0x2</size>
         <input_file_ref idref="fl-e7"/>
      </object_component>
      <object_component id="oc-144">
         <name>.text</name>
         <load_address>0x604c</load_address>
         <run_address>0x604c</run_address>
         <size>0x78</size>
         <input_file_ref idref="fl-a"/>
      </object_component>
      <object_component id="oc-16e">
         <name>.text</name>
         <load_address>0x60c4</load_address>
         <run_address>0x60c4</run_address>
         <size>0x74</size>
         <input_file_ref idref="fl-c"/>
      </object_component>
      <object_component id="oc-57e">
         <name>.text:split</name>
         <load_address>0x6138</load_address>
         <run_address>0x6138</run_address>
         <size>0x70</size>
         <input_file_ref idref="fl-e5"/>
      </object_component>
      <object_component id="oc-2eb">
         <name>.text:IntEnable</name>
         <load_address>0x61a8</load_address>
         <run_address>0x61a8</run_address>
         <size>0x68</size>
         <input_file_ref idref="fl-f0"/>
      </object_component>
      <object_component id="oc-12">
         <name>.text:decompress:lzss:__TI_decompress_lzss</name>
         <load_address>0x6210</load_address>
         <run_address>0x6210</run_address>
         <size>0x68</size>
         <input_file_ref idref="fl-e4"/>
      </object_component>
      <object_component id="oc-c6">
         <name>.text</name>
         <load_address>0x6278</load_address>
         <run_address>0x6278</run_address>
         <size>0x66</size>
         <input_file_ref idref="fl-8"/>
      </object_component>
      <object_component id="oc-556">
         <name>.text:TimerConfigure</name>
         <load_address>0x62e0</load_address>
         <run_address>0x62e0</run_address>
         <size>0x60</size>
         <input_file_ref idref="fl-f5"/>
      </object_component>
      <object_component id="oc-4bd">
         <name>.text</name>
         <load_address>0x6340</load_address>
         <run_address>0x6340</run_address>
         <size>0x5c</size>
         <input_file_ref idref="fl-1f"/>
      </object_component>
      <object_component id="oc-2d9">
         <name>.text:GPIOIntTypeSet</name>
         <load_address>0x639c</load_address>
         <run_address>0x639c</run_address>
         <size>0x58</size>
         <input_file_ref idref="fl-ef"/>
      </object_component>
      <object_component id="oc-26e">
         <name>.text:SysCtlPeripheralReset</name>
         <load_address>0x63f4</load_address>
         <run_address>0x63f4</run_address>
         <size>0x50</size>
         <input_file_ref idref="fl-f3"/>
      </object_component>
      <object_component id="oc-3f2">
         <name>.text:_ADCIntNumberGet</name>
         <load_address>0x6444</load_address>
         <run_address>0x6444</run_address>
         <size>0x50</size>
         <input_file_ref idref="fl-ee"/>
      </object_component>
      <object_component id="oc-295">
         <name>.text:ADCSequenceConfigure</name>
         <load_address>0x6494</load_address>
         <run_address>0x6494</run_address>
         <size>0x4e</size>
         <input_file_ref idref="fl-ee"/>
      </object_component>
      <object_component id="oc-250">
         <name>.text:GPIOPinConfigure</name>
         <load_address>0x64e4</load_address>
         <run_address>0x64e4</run_address>
         <size>0x4c</size>
         <input_file_ref idref="fl-ef"/>
      </object_component>
      <object_component id="oc-320">
         <name>.text</name>
         <load_address>0x6530</load_address>
         <run_address>0x6530</run_address>
         <size>0x48</size>
         <input_file_ref idref="fl-dc"/>
      </object_component>
      <object_component id="oc-33b">
         <name>.text:UARTConfigSetExpClk</name>
         <load_address>0x6578</load_address>
         <run_address>0x6578</run_address>
         <size>0x46</size>
         <input_file_ref idref="fl-f6"/>
      </object_component>
      <object_component id="oc-275">
         <name>.text</name>
         <load_address>0x65c0</load_address>
         <run_address>0x65c0</run_address>
         <size>0x44</size>
         <input_file_ref idref="fl-19"/>
      </object_component>
      <object_component id="oc-412">
         <name>.text:_GPIOIntNumberGet</name>
         <load_address>0x6604</load_address>
         <run_address>0x6604</run_address>
         <size>0x44</size>
         <input_file_ref idref="fl-ef"/>
      </object_component>
      <object_component id="oc-190">
         <name>.text:__TI_auto_init_nobinit_nopinit:__TI_auto_init_nobinit_nopinit</name>
         <load_address>0x6648</load_address>
         <run_address>0x6648</run_address>
         <size>0x44</size>
         <input_file_ref idref="fl-e8"/>
      </object_component>
      <object_component id="oc-325">
         <name>.text</name>
         <load_address>0x668c</load_address>
         <run_address>0x668c</run_address>
         <size>0x44</size>
         <input_file_ref idref="fl-dd"/>
      </object_component>
      <object_component id="oc-3d2">
         <name>.text</name>
         <load_address>0x66d0</load_address>
         <run_address>0x66d0</run_address>
         <size>0x40</size>
         <input_file_ref idref="fl-e0"/>
      </object_component>
      <object_component id="oc-4cf">
         <name>.text:SSIConfigSetExpClk</name>
         <load_address>0x6710</load_address>
         <run_address>0x6710</run_address>
         <size>0x3c</size>
         <input_file_ref idref="fl-f2"/>
      </object_component>
      <object_component id="oc-28f">
         <name>.text:SysCtlPeripheralReady</name>
         <load_address>0x674c</load_address>
         <run_address>0x674c</run_address>
         <size>0x38</size>
         <input_file_ref idref="fl-f3"/>
      </object_component>
      <object_component id="oc-355">
         <name>.text:calloc</name>
         <load_address>0x6784</load_address>
         <run_address>0x6784</run_address>
         <size>0x38</size>
         <input_file_ref idref="fl-e5"/>
      </object_component>
      <object_component id="oc-3a6">
         <name>.text:IntRegister</name>
         <load_address>0x67bc</load_address>
         <run_address>0x67bc</run_address>
         <size>0x34</size>
         <input_file_ref idref="fl-f0"/>
      </object_component>
      <object_component id="oc-24a">
         <name>.text:SysCtlPeripheralEnable</name>
         <load_address>0x67f0</load_address>
         <run_address>0x67f0</run_address>
         <size>0x34</size>
         <input_file_ref idref="fl-f3"/>
      </object_component>
      <object_component id="oc-64">
         <name>.text:_c_int00_noargs:_c_int00_noargs</name>
         <load_address>0x6824</load_address>
         <run_address>0x6824</run_address>
         <size>0x34</size>
         <input_file_ref idref="fl-e6"/>
      </object_component>
      <object_component id="oc-311">
         <name>.text</name>
         <load_address>0x6858</load_address>
         <run_address>0x6858</run_address>
         <size>0x2e</size>
         <input_file_ref idref="fl-de"/>
      </object_component>
      <object_component id="oc-305">
         <name>.text:GPIODirModeSet</name>
         <load_address>0x6886</load_address>
         <run_address>0x6886</run_address>
         <size>0x2c</size>
         <input_file_ref idref="fl-ef"/>
      </object_component>
      <object_component id="oc-45a">
         <name>.text:free_list_insert</name>
         <load_address>0x68b4</load_address>
         <run_address>0x68b4</run_address>
         <size>0x28</size>
         <input_file_ref idref="fl-e5"/>
      </object_component>
      <object_component id="oc-25c">
         <name>.text:PWMGenConfigure</name>
         <load_address>0x68dc</load_address>
         <run_address>0x68dc</run_address>
         <size>0x22</size>
         <input_file_ref idref="fl-f1"/>
      </object_component>
      <object_component id="oc-440">
         <name>.text:UARTDisable</name>
         <load_address>0x6900</load_address>
         <run_address>0x6900</run_address>
         <size>0x20</size>
         <input_file_ref idref="fl-f6"/>
      </object_component>
      <object_component id="oc-283">
         <name>.text:ADCSequenceDataGet</name>
         <load_address>0x6920</load_address>
         <run_address>0x6920</run_address>
         <size>0x1e</size>
         <input_file_ref idref="fl-ee"/>
      </object_component>
      <object_component id="oc-244">
         <name>.text:PWMPulseWidthSet</name>
         <load_address>0x693e</load_address>
         <run_address>0x693e</run_address>
         <size>0x1e</size>
         <input_file_ref idref="fl-f1"/>
      </object_component>
      <object_component id="oc-21f">
         <name>.text:SysTickIntRegister</name>
         <load_address>0x695c</load_address>
         <run_address>0x695c</run_address>
         <size>0x1c</size>
         <input_file_ref idref="fl-f4"/>
      </object_component>
      <object_component id="oc-454">
         <name>.text:free_list_remove</name>
         <load_address>0x6978</load_address>
         <run_address>0x6978</run_address>
         <size>0x1c</size>
         <input_file_ref idref="fl-e5"/>
      </object_component>
      <object_component id="oc-2a7">
         <name>.text:ADCIntRegister</name>
         <load_address>0x6994</load_address>
         <run_address>0x6994</run_address>
         <size>0x18</size>
         <input_file_ref idref="fl-ee"/>
      </object_component>
      <object_component id="oc-213">
         <name>.text:ADCProcessorTrigger</name>
         <load_address>0x69ac</load_address>
         <run_address>0x69ac</run_address>
         <size>0x18</size>
         <input_file_ref idref="fl-ee"/>
      </object_component>
      <object_component id="oc-2e5">
         <name>.text:GPIOIntRegister</name>
         <load_address>0x69c4</load_address>
         <run_address>0x69c4</run_address>
         <size>0x18</size>
         <input_file_ref idref="fl-ef"/>
      </object_component>
      <object_component id="oc-4e1">
         <name>.text:GPIOPinTypeGPIOOutput</name>
         <load_address>0x69dc</load_address>
         <run_address>0x69dc</run_address>
         <size>0x18</size>
         <input_file_ref idref="fl-ef"/>
      </object_component>
      <object_component id="oc-2cd">
         <name>.text:GPIOPinTypeGPIOInput</name>
         <load_address>0x69f4</load_address>
         <run_address>0x69f4</run_address>
         <size>0x16</size>
         <input_file_ref idref="fl-ef"/>
      </object_component>
      <object_component id="oc-256">
         <name>.text:GPIOPinTypePWM</name>
         <load_address>0x6a0a</load_address>
         <run_address>0x6a0a</run_address>
         <size>0x16</size>
         <input_file_ref idref="fl-ef"/>
      </object_component>
      <object_component id="oc-4c3">
         <name>.text:GPIOPinTypeSSI</name>
         <load_address>0x6a20</load_address>
         <run_address>0x6a20</run_address>
         <size>0x16</size>
         <input_file_ref idref="fl-ef"/>
      </object_component>
      <object_component id="oc-335">
         <name>.text:GPIOPinTypeUART</name>
         <load_address>0x6a36</load_address>
         <run_address>0x6a36</run_address>
         <size>0x16</size>
         <input_file_ref idref="fl-ef"/>
      </object_component>
      <object_component id="oc-22b">
         <name>.text:SysTickEnable</name>
         <load_address>0x6a4c</load_address>
         <run_address>0x6a4c</run_address>
         <size>0x14</size>
         <input_file_ref idref="fl-f4"/>
      </object_component>
      <object_component id="oc-225">
         <name>.text:SysTickIntEnable</name>
         <load_address>0x6a60</load_address>
         <run_address>0x6a60</run_address>
         <size>0x14</size>
         <input_file_ref idref="fl-f4"/>
      </object_component>
      <object_component id="oc-347">
         <name>.text:UARTEnable</name>
         <load_address>0x6a74</load_address>
         <run_address>0x6a74</run_address>
         <size>0x14</size>
         <input_file_ref idref="fl-f6"/>
      </object_component>
      <object_component id="oc-268">
         <name>.text:PWMOutputState</name>
         <load_address>0x6a88</load_address>
         <run_address>0x6a88</run_address>
         <size>0x12</size>
         <input_file_ref idref="fl-f1"/>
      </object_component>
      <object_component id="oc-2ad">
         <name>.text:ADCIntEnable</name>
         <load_address>0x6a9a</load_address>
         <run_address>0x6a9a</run_address>
         <size>0x10</size>
         <input_file_ref idref="fl-ee"/>
      </object_component>
      <object_component id="oc-23e">
         <name>.text:PWMGenPeriodSet</name>
         <load_address>0x6aaa</load_address>
         <run_address>0x6aaa</run_address>
         <size>0x10</size>
         <input_file_ref idref="fl-f1"/>
      </object_component>
      <object_component id="oc-30b">
         <name>.text:SysCtlReset</name>
         <load_address>0x6abc</load_address>
         <run_address>0x6abc</run_address>
         <size>0x10</size>
         <input_file_ref idref="fl-f3"/>
      </object_component>
      <object_component id="oc-219">
         <name>.text:SysTickPeriodSet</name>
         <load_address>0x6acc</load_address>
         <run_address>0x6acc</run_address>
         <size>0x10</size>
         <input_file_ref idref="fl-f4"/>
      </object_component>
      <object_component id="oc-2a1">
         <name>.text:ADCSequenceEnable</name>
         <load_address>0x6adc</load_address>
         <run_address>0x6adc</run_address>
         <size>0xe</size>
         <input_file_ref idref="fl-ee"/>
      </object_component>
      <object_component id="oc-55c">
         <name>.text:TimerEnable</name>
         <load_address>0x6aea</load_address>
         <run_address>0x6aea</run_address>
         <size>0xe</size>
         <input_file_ref idref="fl-f5"/>
      </object_component>
      <object_component id="oc-18">
         <name>.text:decompress:none:__TI_decompress_none</name>
         <load_address>0x6af8</load_address>
         <run_address>0x6af8</run_address>
         <size>0xe</size>
         <input_file_ref idref="fl-e3"/>
      </object_component>
      <object_component id="oc-2df">
         <name>.text:GPIOIntEnable</name>
         <load_address>0x6b06</load_address>
         <run_address>0x6b06</run_address>
         <size>0xc</size>
         <input_file_ref idref="fl-ef"/>
      </object_component>
      <object_component id="oc-262">
         <name>.text:PWMGenEnable</name>
         <load_address>0x6b12</load_address>
         <run_address>0x6b12</run_address>
         <size>0xc</size>
         <input_file_ref idref="fl-f1"/>
      </object_component>
      <object_component id="oc-4f3">
         <name>.text:SSIDataGet</name>
         <load_address>0x6b1e</load_address>
         <run_address>0x6b1e</run_address>
         <size>0xc</size>
         <input_file_ref idref="fl-f2"/>
      </object_component>
      <object_component id="oc-58">
         <name>.text:decompress:ZI:__TI_zero_init</name>
         <load_address>0x6b2a</load_address>
         <run_address>0x6b2a</run_address>
         <size>0xc</size>
         <input_file_ref idref="fl-e2"/>
      </object_component>
      <object_component id="oc-27">
         <name>.text</name>
         <load_address>0x6b36</load_address>
         <run_address>0x6b36</run_address>
         <size>0xc</size>
         <input_file_ref idref="fl-b"/>
      </object_component>
      <object_component id="oc-289">
         <name>.text:ADCIntClear</name>
         <load_address>0x6b42</load_address>
         <run_address>0x6b42</run_address>
         <size>0xa</size>
         <input_file_ref idref="fl-ee"/>
      </object_component>
      <object_component id="oc-4ed">
         <name>.text:SSIDataPut</name>
         <load_address>0x6b4c</load_address>
         <run_address>0x6b4c</run_address>
         <size>0xa</size>
         <input_file_ref idref="fl-f2"/>
      </object_component>
      <object_component id="oc-4d5">
         <name>.text:SSIEnable</name>
         <load_address>0x6b56</load_address>
         <run_address>0x6b56</run_address>
         <size>0xa</size>
         <input_file_ref idref="fl-f2"/>
      </object_component>
      <object_component id="oc-562">
         <name>.text:TimerValueGet</name>
         <load_address>0x6b60</load_address>
         <run_address>0x6b60</run_address>
         <size>0xa</size>
         <input_file_ref idref="fl-f5"/>
      </object_component>
      <object_component id="oc-34d">
         <name>.text:UARTCharPut</name>
         <load_address>0x6b6a</load_address>
         <run_address>0x6b6a</run_address>
         <size>0xa</size>
         <input_file_ref idref="fl-f6"/>
      </object_component>
      <object_component id="oc-341">
         <name>.text:UARTFIFOEnable</name>
         <load_address>0x6b74</load_address>
         <run_address>0x6b74</run_address>
         <size>0xa</size>
         <input_file_ref idref="fl-f6"/>
      </object_component>
      <object_component id="oc-4e7">
         <name>.text:SSIBusy</name>
         <load_address>0x6b7e</load_address>
         <run_address>0x6b7e</run_address>
         <size>0x8</size>
         <input_file_ref idref="fl-f2"/>
      </object_component>
      <object_component id="oc-44d">
         <name>.text:malloc</name>
         <load_address>0x6b86</load_address>
         <run_address>0x6b86</run_address>
         <size>0x8</size>
         <input_file_ref idref="fl-e5"/>
      </object_component>
      <object_component id="oc-2c1">
         <name>.text:GPIOIntClear</name>
         <load_address>0x6b8e</load_address>
         <run_address>0x6b8e</run_address>
         <size>0x6</size>
         <input_file_ref idref="fl-ef"/>
      </object_component>
      <object_component id="oc-2c7">
         <name>.text:GPIOPinRead</name>
         <load_address>0x6b94</load_address>
         <run_address>0x6b94</run_address>
         <size>0x6</size>
         <input_file_ref idref="fl-ef"/>
      </object_component>
      <object_component id="oc-4db">
         <name>.text:GPIOPinWrite</name>
         <load_address>0x6b9a</load_address>
         <run_address>0x6b9a</run_address>
         <size>0x6</size>
         <input_file_ref idref="fl-ef"/>
      </object_component>
      <object_component id="oc-4c9">
         <name>.text:SSIClockSourceSet</name>
         <load_address>0x6ba0</load_address>
         <run_address>0x6ba0</run_address>
         <size>0x6</size>
         <input_file_ref idref="fl-f2"/>
      </object_component>
      <object_component id="oc-180">
         <name>.text:SysCtlDelay</name>
         <load_address>0x6ba6</load_address>
         <run_address>0x6ba6</run_address>
         <size>0x6</size>
         <input_file_ref idref="fl-f3"/>
      </object_component>
      <object_component id="oc-c0">
         <name>.text:_system_pre_init</name>
         <load_address>0x6bac</load_address>
         <run_address>0x6bac</run_address>
         <size>0x4</size>
         <input_file_ref idref="fl-e9"/>
      </object_component>
      <object_component id="oc-184">
         <name>.text:abort:abort</name>
         <load_address>0x6bb0</load_address>
         <run_address>0x6bb0</run_address>
         <size>0x4</size>
         <input_file_ref idref="fl-eb"/>
      </object_component>
      <object_component id="oc-4f9">
         <name>.const:.string:rgbOledFont0</name>
         <load_address>0x6bb4</load_address>
         <run_address>0x6bb4</run_address>
         <size>0x300</size>
         <input_file_ref idref="fl-1a"/>
      </object_component>
      <object_component id="oc-522">
         <name>.const:g_ppui32GPIOIntMapSnowflake</name>
         <load_address>0x6eb4</load_address>
         <run_address>0x6eb4</run_address>
         <size>0xd8</size>
         <input_file_ref idref="fl-ef"/>
      </object_component>
      <object_component id="oc-51f">
         <name>.const:g_ppui32GPIOIntMapBlizzard</name>
         <load_address>0x6f8c</load_address>
         <run_address>0x6f8c</run_address>
         <size>0xc0</size>
         <input_file_ref idref="fl-ef"/>
      </object_component>
      <object_component id="oc-3ba">
         <name>.const:g_pui32GPIOBaseAddrs</name>
         <load_address>0x704c</load_address>
         <run_address>0x704c</run_address>
         <size>0x90</size>
         <input_file_ref idref="fl-ef"/>
      </object_component>
      <object_component id="oc-363">
         <name>.const:g_pui32Xtals</name>
         <load_address>0x70dc</load_address>
         <run_address>0x70dc</run_address>
         <size>0x6c</size>
         <input_file_ref idref="fl-f3"/>
      </object_component>
      <object_component id="oc-4ff">
         <name>.const:.string:rgbFillPat</name>
         <load_address>0x7148</load_address>
         <run_address>0x7148</run_address>
         <size>0x40</size>
         <input_file_ref idref="fl-1b"/>
      </object_component>
      <object_component id="oc-3da">
         <name>.const:g_psDaysToMonth</name>
         <load_address>0x7188</load_address>
         <run_address>0x7188</run_address>
         <size>0x30</size>
         <input_file_ref idref="fl-d"/>
      </object_component>
      <object_component id="oc-3dd">
         <name>.const:g_pfExponents</name>
         <load_address>0x71b8</load_address>
         <run_address>0x71b8</run_address>
         <size>0x18</size>
         <input_file_ref idref="fl-d"/>
      </object_component>
      <object_component id="oc-419">
         <name>.const:g_pui32EnRegs</name>
         <load_address>0x71d0</load_address>
         <run_address>0x71d0</run_address>
         <size>0x14</size>
         <input_file_ref idref="fl-f0"/>
      </object_component>
      <object_component id="oc-50c">
         <name>.const:.string</name>
         <load_address>0x71e4</load_address>
         <run_address>0x71e4</run_address>
         <size>0x12</size>
         <input_file_ref idref="fl-d"/>
      </object_component>
      <object_component id="oc-80">
         <name>.const</name>
         <load_address>0x71f8</load_address>
         <run_address>0x71f8</run_address>
         <size>0x4</size>
         <input_file_ref idref="fl-16"/>
      </object_component>
      <object_component id="oc-3d7">
         <name>.const</name>
         <load_address>0x71fc</load_address>
         <run_address>0x71fc</run_address>
         <size>0x4</size>
         <input_file_ref idref="fl-d"/>
      </object_component>
      <object_component id="oc-5c0">
         <name>.cinit..data.load</name>
         <load_address>0x7200</load_address>
         <run_address>0x7200</run_address>
         <size>0x1e</size>
      </object_component>
      <object_component id="oc-5bd">
         <name>__TI_handler_table</name>
         <load_address>0x7220</load_address>
         <run_address>0x7220</run_address>
         <size>0xc</size>
      </object_component>
      <object_component id="oc-5c1">
         <name>.cinit..bss.load</name>
         <load_address>0x7230</load_address>
         <run_address>0x7230</run_address>
         <size>0x8</size>
      </object_component>
      <object_component id="oc-5bf">
         <name>.cinit..vtable.load</name>
         <load_address>0x7238</load_address>
         <run_address>0x7238</run_address>
         <size>0x8</size>
      </object_component>
      <object_component id="oc-5be">
         <name>__TI_cinit_table</name>
         <load_address>0x7240</load_address>
         <run_address>0x7240</run_address>
         <size>0x18</size>
      </object_component>
      <object_component id="oc-496">
         <name>.vtable</name>
         <uninitialized>true</uninitialized>
         <run_address>0x20000000</run_address>
         <size>0x26c</size>
         <input_file_ref idref="fl-f0"/>
      </object_component>
      <object_component id="oc-32a">
         <name>.data</name>
         <load_address>0x20005034</load_address>
         <run_address>0x20005034</run_address>
         <size>0x30</size>
         <input_file_ref idref="fl-5"/>
      </object_component>
      <object_component id="oc-23a">
         <name>.data</name>
         <load_address>0x20005084</load_address>
         <run_address>0x20005084</run_address>
         <size>0x2</size>
         <input_file_ref idref="fl-a"/>
      </object_component>
      <object_component id="oc-3e0">
         <name>.data</name>
         <load_address>0x20005080</load_address>
         <run_address>0x20005080</run_address>
         <size>0x4</size>
         <input_file_ref idref="fl-d"/>
      </object_component>
      <object_component id="oc-7d">
         <name>.data</name>
         <load_address>0x20005000</load_address>
         <run_address>0x20005000</run_address>
         <size>0x34</size>
         <input_file_ref idref="fl-14"/>
      </object_component>
      <object_component id="oc-8a">
         <name>.data</name>
         <load_address>0x2000507c</load_address>
         <run_address>0x2000507c</run_address>
         <size>0x4</size>
         <input_file_ref idref="fl-16"/>
      </object_component>
      <object_component id="oc-1d8">
         <name>.data</name>
         <load_address>0x20005074</load_address>
         <run_address>0x20005074</run_address>
         <size>0x8</size>
         <input_file_ref idref="fl-18"/>
      </object_component>
      <object_component id="oc-534">
         <name>.data:$O1$$</name>
         <load_address>0x2000506c</load_address>
         <run_address>0x2000506c</run_address>
         <size>0x8</size>
         <input_file_ref idref="fl-e5"/>
      </object_component>
      <object_component id="oc-372">
         <name>.data:$O1$$</name>
         <load_address>0x20005064</load_address>
         <run_address>0x20005064</run_address>
         <size>0x8</size>
         <input_file_ref idref="fl-ec"/>
      </object_component>
      <object_component id="oc-2bc">
         <name>.bss</name>
         <uninitialized>true</uninitialized>
         <run_address>0x20002788</run_address>
         <size>0x4</size>
         <input_file_ref idref="fl-2"/>
      </object_component>
      <object_component id="oc-2b9">
         <name>.bss:g_inBuffer</name>
         <uninitialized>true</uninitialized>
         <run_address>0x20002760</run_address>
         <size>0x10</size>
         <input_file_ref idref="fl-2"/>
      </object_component>
      <object_component id="oc-2fa">
         <name>.bss:but_state</name>
         <uninitialized>true</uninitialized>
         <run_address>0x20002798</run_address>
         <size>0x4</size>
         <input_file_ref idref="fl-3"/>
      </object_component>
      <object_component id="oc-2fd">
         <name>.bss:but_count</name>
         <uninitialized>true</uninitialized>
         <run_address>0x2000278c</run_address>
         <size>0x4</size>
         <input_file_ref idref="fl-3"/>
      </object_component>
      <object_component id="oc-300">
         <name>.bss:but_flag</name>
         <uninitialized>true</uninitialized>
         <run_address>0x20002790</run_address>
         <size>0x4</size>
         <input_file_ref idref="fl-3"/>
      </object_component>
      <object_component id="oc-2f7">
         <name>.bss:but_normal</name>
         <uninitialized>true</uninitialized>
         <run_address>0x20002794</run_address>
         <size>0x4</size>
         <input_file_ref idref="fl-3"/>
      </object_component>
      <object_component id="oc-237">
         <name>.bss</name>
         <uninitialized>true</uninitialized>
         <run_address>0x2000279c</run_address>
         <size>0x4</size>
         <input_file_ref idref="fl-a"/>
      </object_component>
      <object_component id="oc-fa">
         <name>.bss:pxReadyTasksLists</name>
         <uninitialized>true</uninitialized>
         <run_address>0x2000246c</run_address>
         <size>0x140</size>
         <input_file_ref idref="fl-14"/>
      </object_component>
      <object_component id="oc-109">
         <name>.bss:xDelayedTaskList1</name>
         <uninitialized>true</uninitialized>
         <run_address>0x200026fc</run_address>
         <size>0x14</size>
         <input_file_ref idref="fl-14"/>
      </object_component>
      <object_component id="oc-10c">
         <name>.bss:xDelayedTaskList2</name>
         <uninitialized>true</uninitialized>
         <run_address>0x20002710</run_address>
         <size>0x14</size>
         <input_file_ref idref="fl-14"/>
      </object_component>
      <object_component id="oc-100">
         <name>.bss</name>
         <uninitialized>true</uninitialized>
         <run_address>0x20002770</run_address>
         <size>0x8</size>
         <input_file_ref idref="fl-14"/>
      </object_component>
      <object_component id="oc-106">
         <name>.bss:xPendingReadyList</name>
         <uninitialized>true</uninitialized>
         <run_address>0x20002724</run_address>
         <size>0x14</size>
         <input_file_ref idref="fl-14"/>
      </object_component>
      <object_component id="oc-fd">
         <name>.bss:xTasksWaitingTermination</name>
         <uninitialized>true</uninitialized>
         <run_address>0x2000274c</run_address>
         <size>0x14</size>
         <input_file_ref idref="fl-14"/>
      </object_component>
      <object_component id="oc-103">
         <name>.bss:xSuspendedTaskList</name>
         <uninitialized>true</uninitialized>
         <run_address>0x20002738</run_address>
         <size>0x14</size>
         <input_file_ref idref="fl-14"/>
      </object_component>
      <object_component id="oc-1e1">
         <name>.bss:ucHeap</name>
         <uninitialized>true</uninitialized>
         <run_address>0x2000026c</run_address>
         <size>0x2000</size>
         <input_file_ref idref="fl-18"/>
      </object_component>
      <object_component id="oc-1db">
         <name>.bss:xStart</name>
         <uninitialized>true</uninitialized>
         <run_address>0x20002780</run_address>
         <size>0x8</size>
         <input_file_ref idref="fl-18"/>
      </object_component>
      <object_component id="oc-1de">
         <name>.bss:xEnd</name>
         <uninitialized>true</uninitialized>
         <run_address>0x20002778</run_address>
         <size>0x8</size>
         <input_file_ref idref="fl-18"/>
      </object_component>
      <object_component id="oc-2bf">
         <name>.common:g_pAltQueue</name>
         <uninitialized>true</uninitialized>
         <run_address>0x200027c4</run_address>
         <size>0x4</size>
      </object_component>
      <object_component id="oc-32d">
         <name>.common:Yaw_error</name>
         <uninitialized>true</uninitialized>
         <run_address>0x200027b0</run_address>
         <size>0x4</size>
      </object_component>
      <object_component id="oc-330">
         <name>.common:YawDerivError</name>
         <uninitialized>true</uninitialized>
         <run_address>0x200027ac</run_address>
         <size>0x4</size>
      </object_component>
      <object_component id="oc-331">
         <name>.common:YawControl</name>
         <uninitialized>true</uninitialized>
         <run_address>0x200027a8</run_address>
         <size>0x4</size>
      </object_component>
      <object_component id="oc-332">
         <name>.common:AltDerivError</name>
         <uninitialized>true</uninitialized>
         <run_address>0x200027a4</run_address>
         <size>0x4</size>
      </object_component>
      <object_component id="oc-333">
         <name>.common:AltControl</name>
         <uninitialized>true</uninitialized>
         <run_address>0x200027a0</run_address>
         <size>0x4</size>
      </object_component>
      <object_component id="oc-2f5">
         <name>.common:State</name>
         <uninitialized>true</uninitialized>
         <run_address>0x200027fc</run_address>
         <size>0x1</size>
      </object_component>
      <object_component id="oc-2f4">
         <name>.common:nextState</name>
         <uninitialized>true</uninitialized>
         <run_address>0x200027fe</run_address>
         <size>0x1</size>
      </object_component>
      <object_component id="oc-2f1">
         <name>.common:slot</name>
         <uninitialized>true</uninitialized>
         <run_address>0x200027e0</run_address>
         <size>0x4</size>
      </object_component>
      <object_component id="oc-3ff">
         <name>.common:xQueueRegistry</name>
         <uninitialized>true</uninitialized>
         <run_address>0x200026ac</run_address>
         <size>0x50</size>
      </object_component>
      <object_component id="oc-54a">
         <name>.common:xcoOledCur</name>
         <uninitialized>true</uninitialized>
         <run_address>0x200027ec</run_address>
         <size>0x4</size>
      </object_component>
      <object_component id="oc-54b">
         <name>.common:ycoOledCur</name>
         <uninitialized>true</uninitialized>
         <run_address>0x200027f8</run_address>
         <size>0x4</size>
      </object_component>
      <object_component id="oc-4bb">
         <name>.common:pbOledCur</name>
         <uninitialized>true</uninitialized>
         <run_address>0x200027cc</run_address>
         <size>0x4</size>
      </object_component>
      <object_component id="oc-54c">
         <name>.common:bnOledCur</name>
         <uninitialized>true</uninitialized>
         <run_address>0x200027b4</run_address>
         <size>0x4</size>
      </object_component>
      <object_component id="oc-4fd">
         <name>.common:clrOledCur</name>
         <uninitialized>true</uninitialized>
         <run_address>0x200027fd</run_address>
         <size>0x1</size>
      </object_component>
      <object_component id="oc-4fe">
         <name>.common:pbOledPatCur</name>
         <uninitialized>true</uninitialized>
         <run_address>0x200027d8</run_address>
         <size>0x4</size>
      </object_component>
      <object_component id="oc-4b9">
         <name>.common:fOledCharUpdate</name>
         <uninitialized>true</uninitialized>
         <run_address>0x200027c0</run_address>
         <size>0x4</size>
      </object_component>
      <object_component id="oc-4b4">
         <name>.common:dxcoOledFontCur</name>
         <uninitialized>true</uninitialized>
         <run_address>0x200027b8</run_address>
         <size>0x4</size>
      </object_component>
      <object_component id="oc-4b7">
         <name>.common:dycoOledFontCur</name>
         <uninitialized>true</uninitialized>
         <run_address>0x200027bc</run_address>
         <size>0x4</size>
      </object_component>
      <object_component id="oc-4ba">
         <name>.common:pbOledFontCur</name>
         <uninitialized>true</uninitialized>
         <run_address>0x200027d0</run_address>
         <size>0x4</size>
      </object_component>
      <object_component id="oc-4b8">
         <name>.common:pbOledFontUser</name>
         <uninitialized>true</uninitialized>
         <run_address>0x200027d4</run_address>
         <size>0x4</size>
      </object_component>
      <object_component id="oc-502">
         <name>.common:rgbOledBmp</name>
         <uninitialized>true</uninitialized>
         <run_address>0x2000226c</run_address>
         <size>0x200</size>
      </object_component>
      <object_component id="oc-4b2">
         <name>.common:xchOledCur</name>
         <uninitialized>true</uninitialized>
         <run_address>0x200027e4</run_address>
         <size>0x4</size>
      </object_component>
      <object_component id="oc-4b3">
         <name>.common:ychOledCur</name>
         <uninitialized>true</uninitialized>
         <run_address>0x200027f0</run_address>
         <size>0x4</size>
      </object_component>
      <object_component id="oc-4ae">
         <name>.common:xchOledMax</name>
         <uninitialized>true</uninitialized>
         <run_address>0x200027e8</run_address>
         <size>0x4</size>
      </object_component>
      <object_component id="oc-4b1">
         <name>.common:ychOledMax</name>
         <uninitialized>true</uninitialized>
         <run_address>0x200027f4</run_address>
         <size>0x4</size>
      </object_component>
      <object_component id="oc-4fc">
         <name>.common:rgbOledFontUser</name>
         <uninitialized>true</uninitialized>
         <run_address>0x200025ac</run_address>
         <size>0x100</size>
      </object_component>
      <object_component id="oc-550">
         <name>.common:pfnDoRop</name>
         <uninitialized>true</uninitialized>
         <run_address>0x200027dc</run_address>
         <size>0x4</size>
      </object_component>
      <object_component id="oc-54d">
         <name>.common:modOledCur</name>
         <uninitialized>true</uninitialized>
         <run_address>0x200027c8</run_address>
         <size>0x4</size>
      </object_component>
      <object_component id="oc-21">
         <name>.sysmem</name>
         <uninitialized>true</uninitialized>
         <run_address>0x20002800</run_address>
         <size>0x10</size>
         <input_file_ref idref="fl-e5"/>
      </object_component>
      <object_component id="oc-5c3">
         <name>.sysmem</name>
         <uninitialized>true</uninitialized>
         <run_address>0x20002800</run_address>
         <size>0x0</size>
      </object_component>
      <object_component id="oc-24">
         <name>.stack</name>
         <uninitialized>true</uninitialized>
         <run_address>0x20004800</run_address>
         <size>0x4</size>
         <input_file_ref idref="fl-e6"/>
      </object_component>
      <object_component id="oc-5c2">
         <name>.stack</name>
         <uninitialized>true</uninitialized>
         <run_address>0x20004800</run_address>
         <size>0x0</size>
      </object_component>
      <object_component id="oc-128">
         <name>.debug_info</name>
         <load_address>0x0</load_address>
         <run_address>0x0</run_address>
         <size>0x6ec</size>
         <input_file_ref idref="fl-2"/>
      </object_component>
      <object_component id="oc-2bd">
         <name>.debug_info</name>
         <load_address>0x6ec</load_address>
         <run_address>0x6ec</run_address>
         <size>0xe0</size>
         <input_file_ref idref="fl-2"/>
      </object_component>
      <object_component id="oc-2ba">
         <name>.debug_info</name>
         <load_address>0x7cc</load_address>
         <run_address>0x7cc</run_address>
         <size>0xde</size>
         <input_file_ref idref="fl-2"/>
      </object_component>
      <object_component id="oc-157">
         <name>.debug_info</name>
         <load_address>0x8aa</load_address>
         <run_address>0x8aa</run_address>
         <size>0x595</size>
         <input_file_ref idref="fl-2"/>
      </object_component>
      <object_component id="oc-119">
         <name>.debug_info</name>
         <load_address>0xe3f</load_address>
         <run_address>0xe3f</run_address>
         <size>0x315</size>
         <input_file_ref idref="fl-2"/>
      </object_component>
      <object_component id="oc-1fa">
         <name>.debug_info</name>
         <load_address>0x1154</load_address>
         <run_address>0x1154</run_address>
         <size>0x86</size>
         <input_file_ref idref="fl-2"/>
      </object_component>
      <object_component id="oc-9b">
         <name>.debug_info</name>
         <load_address>0x11da</load_address>
         <run_address>0x11da</run_address>
         <size>0x26b</size>
         <input_file_ref idref="fl-2"/>
      </object_component>
      <object_component id="oc-204">
         <name>.debug_info</name>
         <load_address>0x1445</load_address>
         <run_address>0x1445</run_address>
         <size>0x196</size>
         <input_file_ref idref="fl-2"/>
      </object_component>
      <object_component id="oc-20e">
         <name>.debug_info</name>
         <load_address>0x15db</load_address>
         <run_address>0x15db</run_address>
         <size>0x461</size>
         <input_file_ref idref="fl-2"/>
      </object_component>
      <object_component id="oc-1ff">
         <name>.debug_info</name>
         <load_address>0x1a3c</load_address>
         <run_address>0x1a3c</run_address>
         <size>0x4f</size>
         <input_file_ref idref="fl-2"/>
      </object_component>
      <object_component id="oc-369">
         <name>.debug_info</name>
         <load_address>0x1a8b</load_address>
         <run_address>0x1a8b</run_address>
         <size>0x2c</size>
         <input_file_ref idref="fl-2"/>
      </object_component>
      <object_component id="oc-12a">
         <name>.debug_info</name>
         <load_address>0x1ab7</load_address>
         <run_address>0x1ab7</run_address>
         <size>0x8b</size>
         <input_file_ref idref="fl-2"/>
      </object_component>
      <object_component id="oc-8f">
         <name>.debug_info</name>
         <load_address>0x1b42</load_address>
         <run_address>0x1b42</run_address>
         <size>0x2c</size>
         <input_file_ref idref="fl-2"/>
      </object_component>
      <object_component id="oc-12f">
         <name>.debug_info</name>
         <load_address>0x1b6e</load_address>
         <run_address>0x1b6e</run_address>
         <size>0x297</size>
         <input_file_ref idref="fl-2"/>
      </object_component>
      <object_component id="oc-3f9">
         <name>.debug_info</name>
         <load_address>0x1e05</load_address>
         <run_address>0x1e05</run_address>
         <size>0xef</size>
         <input_file_ref idref="fl-2"/>
      </object_component>
      <object_component id="oc-a0">
         <name>.debug_info</name>
         <load_address>0x1ef4</load_address>
         <run_address>0x1ef4</run_address>
         <size>0xbb</size>
         <input_file_ref idref="fl-2"/>
      </object_component>
      <object_component id="oc-94">
         <name>.debug_info</name>
         <load_address>0x1faf</load_address>
         <run_address>0x1faf</run_address>
         <size>0x53</size>
         <input_file_ref idref="fl-2"/>
      </object_component>
      <object_component id="oc-3e5">
         <name>.debug_info</name>
         <load_address>0x2002</load_address>
         <run_address>0x2002</run_address>
         <size>0x2c</size>
         <input_file_ref idref="fl-2"/>
      </object_component>
      <object_component id="oc-209">
         <name>.debug_info</name>
         <load_address>0x202e</load_address>
         <run_address>0x202e</run_address>
         <size>0x35</size>
         <input_file_ref idref="fl-2"/>
      </object_component>
      <object_component id="oc-11e">
         <name>.debug_info</name>
         <load_address>0x2063</load_address>
         <run_address>0x2063</run_address>
         <size>0x14c</size>
         <input_file_ref idref="fl-2"/>
      </object_component>
      <object_component id="oc-304">
         <name>.debug_info</name>
         <load_address>0x21af</load_address>
         <run_address>0x21af</run_address>
         <size>0x372</size>
         <input_file_ref idref="fl-3"/>
      </object_component>
      <object_component id="oc-2fb">
         <name>.debug_info</name>
         <load_address>0x2521</load_address>
         <run_address>0x2521</run_address>
         <size>0xdc</size>
         <input_file_ref idref="fl-3"/>
      </object_component>
      <object_component id="oc-2fe">
         <name>.debug_info</name>
         <load_address>0x25fd</load_address>
         <run_address>0x25fd</run_address>
         <size>0xdc</size>
         <input_file_ref idref="fl-3"/>
      </object_component>
      <object_component id="oc-301">
         <name>.debug_info</name>
         <load_address>0x26d9</load_address>
         <run_address>0x26d9</run_address>
         <size>0xda</size>
         <input_file_ref idref="fl-3"/>
      </object_component>
      <object_component id="oc-2f8">
         <name>.debug_info</name>
         <load_address>0x27b3</load_address>
         <run_address>0x27b3</run_address>
         <size>0xde</size>
         <input_file_ref idref="fl-3"/>
      </object_component>
      <object_component id="oc-164">
         <name>.debug_info</name>
         <load_address>0x2891</load_address>
         <run_address>0x2891</run_address>
         <size>0x3a4</size>
         <input_file_ref idref="fl-3"/>
      </object_component>
      <object_component id="oc-362">
         <name>.debug_info</name>
         <load_address>0x2c35</load_address>
         <run_address>0x2c35</run_address>
         <size>0x2e1</size>
         <input_file_ref idref="fl-4"/>
      </object_component>
      <object_component id="oc-176">
         <name>.debug_info</name>
         <load_address>0x2f16</load_address>
         <run_address>0x2f16</run_address>
         <size>0x332</size>
         <input_file_ref idref="fl-4"/>
      </object_component>
      <object_component id="oc-1c9">
         <name>.debug_info</name>
         <load_address>0x3248</load_address>
         <run_address>0x3248</run_address>
         <size>0x110</size>
         <input_file_ref idref="fl-4"/>
      </object_component>
      <object_component id="oc-41">
         <name>.debug_info</name>
         <load_address>0x3358</load_address>
         <run_address>0x3358</run_address>
         <size>0x84</size>
         <input_file_ref idref="fl-4"/>
      </object_component>
      <object_component id="oc-32e">
         <name>.debug_info</name>
         <load_address>0x33dc</load_address>
         <run_address>0x33dc</run_address>
         <size>0x590</size>
         <input_file_ref idref="fl-5"/>
      </object_component>
      <object_component id="oc-32b">
         <name>.debug_info</name>
         <load_address>0x396c</load_address>
         <run_address>0x396c</run_address>
         <size>0x2c4</size>
         <input_file_ref idref="fl-5"/>
      </object_component>
      <object_component id="oc-169">
         <name>.debug_info</name>
         <load_address>0x3c30</load_address>
         <run_address>0x3c30</run_address>
         <size>0xcbc</size>
         <input_file_ref idref="fl-5"/>
      </object_component>
      <object_component id="oc-438">
         <name>.debug_info</name>
         <load_address>0x48ec</load_address>
         <run_address>0x48ec</run_address>
         <size>0x63</size>
         <input_file_ref idref="fl-5"/>
      </object_component>
      <object_component id="oc-13b">
         <name>.debug_info</name>
         <load_address>0x494f</load_address>
         <run_address>0x494f</run_address>
         <size>0x2c</size>
         <input_file_ref idref="fl-5"/>
      </object_component>
      <object_component id="oc-282">
         <name>.debug_info</name>
         <load_address>0x497b</load_address>
         <run_address>0x497b</run_address>
         <size>0x4f3</size>
         <input_file_ref idref="fl-6"/>
      </object_component>
      <object_component id="oc-153">
         <name>.debug_info</name>
         <load_address>0x4e6e</load_address>
         <run_address>0x4e6e</run_address>
         <size>0x5d8</size>
         <input_file_ref idref="fl-6"/>
      </object_component>
      <object_component id="oc-1f6">
         <name>.debug_info</name>
         <load_address>0x5446</load_address>
         <run_address>0x5446</run_address>
         <size>0x3d6</size>
         <input_file_ref idref="fl-7"/>
      </object_component>
      <object_component id="oc-123">
         <name>.debug_info</name>
         <load_address>0x581c</load_address>
         <run_address>0x581c</run_address>
         <size>0x461</size>
         <input_file_ref idref="fl-7"/>
      </object_component>
      <object_component id="oc-114">
         <name>.debug_info</name>
         <load_address>0x5c7d</load_address>
         <run_address>0x5c7d</run_address>
         <size>0x53</size>
         <input_file_ref idref="fl-7"/>
      </object_component>
      <object_component id="oc-182">
         <name>.debug_info</name>
         <load_address>0x5cd0</load_address>
         <run_address>0x5cd0</run_address>
         <size>0x640</size>
         <input_file_ref idref="fl-8"/>
      </object_component>
      <object_component id="oc-c7">
         <name>.debug_info</name>
         <load_address>0x6310</load_address>
         <run_address>0x6310</run_address>
         <size>0x356</size>
         <input_file_ref idref="fl-8"/>
      </object_component>
      <object_component id="oc-14d">
         <name>.debug_info</name>
         <load_address>0x6666</load_address>
         <run_address>0x6666</run_address>
         <size>0x5e9</size>
         <input_file_ref idref="fl-9"/>
      </object_component>
      <object_component id="oc-3b5">
         <name>.debug_info</name>
         <load_address>0x6c4f</load_address>
         <run_address>0x6c4f</run_address>
         <size>0x426</size>
         <input_file_ref idref="fl-a"/>
      </object_component>
      <object_component id="oc-238">
         <name>.debug_info</name>
         <load_address>0x7075</load_address>
         <run_address>0x7075</run_address>
         <size>0xde</size>
         <input_file_ref idref="fl-a"/>
      </object_component>
      <object_component id="oc-23b">
         <name>.debug_info</name>
         <load_address>0x7153</load_address>
         <run_address>0x7153</run_address>
         <size>0xfb</size>
         <input_file_ref idref="fl-a"/>
      </object_component>
      <object_component id="oc-146">
         <name>.debug_info</name>
         <load_address>0x724e</load_address>
         <run_address>0x724e</run_address>
         <size>0x276</size>
         <input_file_ref idref="fl-a"/>
      </object_component>
      <object_component id="oc-3a">
         <name>.debug_info</name>
         <load_address>0x74c4</load_address>
         <run_address>0x74c4</run_address>
         <size>0x334</size>
         <input_file_ref idref="fl-b"/>
      </object_component>
      <object_component id="oc-10">
         <name>.debug_info</name>
         <load_address>0x77f8</load_address>
         <run_address>0x77f8</run_address>
         <size>0xf3</size>
         <input_file_ref idref="fl-b"/>
      </object_component>
      <object_component id="oc-28">
         <name>.debug_info</name>
         <load_address>0x78eb</load_address>
         <run_address>0x78eb</run_address>
         <size>0x26f</size>
         <input_file_ref idref="fl-b"/>
      </object_component>
      <object_component id="oc-354">
         <name>.debug_info</name>
         <load_address>0x7b5a</load_address>
         <run_address>0x7b5a</run_address>
         <size>0x447</size>
         <input_file_ref idref="fl-c"/>
      </object_component>
      <object_component id="oc-16f">
         <name>.debug_info</name>
         <load_address>0x7fa1</load_address>
         <run_address>0x7fa1</run_address>
         <size>0x274</size>
         <input_file_ref idref="fl-c"/>
      </object_component>
      <object_component id="oc-3e4">
         <name>.debug_info</name>
         <load_address>0x8215</load_address>
         <run_address>0x8215</run_address>
         <size>0x2d0</size>
         <input_file_ref idref="fl-d"/>
      </object_component>
      <object_component id="oc-3d8">
         <name>.debug_info</name>
         <load_address>0x84e5</load_address>
         <run_address>0x84e5</run_address>
         <size>0xd7</size>
         <input_file_ref idref="fl-d"/>
      </object_component>
      <object_component id="oc-3db">
         <name>.debug_info</name>
         <load_address>0x85bc</load_address>
         <run_address>0x85bc</run_address>
         <size>0xe8</size>
         <input_file_ref idref="fl-d"/>
      </object_component>
      <object_component id="oc-3de">
         <name>.debug_info</name>
         <load_address>0x86a4</load_address>
         <run_address>0x86a4</run_address>
         <size>0xe4</size>
         <input_file_ref idref="fl-d"/>
      </object_component>
      <object_component id="oc-3e1">
         <name>.debug_info</name>
         <load_address>0x8788</load_address>
         <run_address>0x8788</run_address>
         <size>0xe4</size>
         <input_file_ref idref="fl-d"/>
      </object_component>
      <object_component id="oc-27c">
         <name>.debug_info</name>
         <load_address>0x886c</load_address>
         <run_address>0x886c</run_address>
         <size>0xe56</size>
         <input_file_ref idref="fl-d"/>
      </object_component>
      <object_component id="oc-2f2">
         <name>.debug_info</name>
         <load_address>0x96c2</load_address>
         <run_address>0x96c2</run_address>
         <size>0x4b5</size>
         <input_file_ref idref="fl-e"/>
      </object_component>
      <object_component id="oc-160">
         <name>.debug_info</name>
         <load_address>0x9b77</load_address>
         <run_address>0x9b77</run_address>
         <size>0x33f</size>
         <input_file_ref idref="fl-e"/>
      </object_component>
      <object_component id="oc-420">
         <name>.debug_info</name>
         <load_address>0x9eb6</load_address>
         <run_address>0x9eb6</run_address>
         <size>0x51</size>
         <input_file_ref idref="fl-e"/>
      </object_component>
      <object_component id="oc-38e">
         <name>.debug_info</name>
         <load_address>0x9f07</load_address>
         <run_address>0x9f07</run_address>
         <size>0x637</size>
         <input_file_ref idref="fl-10"/>
      </object_component>
      <object_component id="oc-1d3">
         <name>.debug_info</name>
         <load_address>0xa53e</load_address>
         <run_address>0xa53e</run_address>
         <size>0x461</size>
         <input_file_ref idref="fl-10"/>
      </object_component>
      <object_component id="oc-488">
         <name>.debug_info</name>
         <load_address>0xa99f</load_address>
         <run_address>0xa99f</run_address>
         <size>0x76</size>
         <input_file_ref idref="fl-10"/>
      </object_component>
      <object_component id="oc-48d">
         <name>.debug_info</name>
         <load_address>0xaa15</load_address>
         <run_address>0xaa15</run_address>
         <size>0x39</size>
         <input_file_ref idref="fl-10"/>
      </object_component>
      <object_component id="oc-1c4">
         <name>.debug_info</name>
         <load_address>0xaa4e</load_address>
         <run_address>0xaa4e</run_address>
         <size>0x4f</size>
         <input_file_ref idref="fl-10"/>
      </object_component>
      <object_component id="oc-1e7">
         <name>.debug_info</name>
         <load_address>0xaa9d</load_address>
         <run_address>0xaa9d</run_address>
         <size>0x369</size>
         <input_file_ref idref="fl-11"/>
      </object_component>
      <object_component id="oc-f5">
         <name>.debug_info</name>
         <load_address>0xae06</load_address>
         <run_address>0xae06</run_address>
         <size>0x4af</size>
         <input_file_ref idref="fl-11"/>
      </object_component>
      <object_component id="oc-400">
         <name>.debug_info</name>
         <load_address>0xb2b5</load_address>
         <run_address>0xb2b5</run_address>
         <size>0x837</size>
         <input_file_ref idref="fl-12"/>
      </object_component>
      <object_component id="oc-2b4">
         <name>.debug_info</name>
         <load_address>0xbaec</load_address>
         <run_address>0xbaec</run_address>
         <size>0x336c</size>
         <input_file_ref idref="fl-12"/>
      </object_component>
      <object_component id="oc-51a">
         <name>.debug_info</name>
         <load_address>0xee58</load_address>
         <run_address>0xee58</run_address>
         <size>0x23f</size>
         <input_file_ref idref="fl-12"/>
      </object_component>
      <object_component id="oc-403">
         <name>.debug_info</name>
         <load_address>0xf097</load_address>
         <run_address>0xf097</run_address>
         <size>0x46</size>
         <input_file_ref idref="fl-12"/>
      </object_component>
      <object_component id="oc-e6">
         <name>.debug_info</name>
         <load_address>0xf0dd</load_address>
         <run_address>0xf0dd</run_address>
         <size>0x798</size>
         <input_file_ref idref="fl-14"/>
      </object_component>
      <object_component id="oc-7e">
         <name>.debug_info</name>
         <load_address>0xf875</load_address>
         <run_address>0xf875</run_address>
         <size>0x34a</size>
         <input_file_ref idref="fl-14"/>
      </object_component>
      <object_component id="oc-fb">
         <name>.debug_info</name>
         <load_address>0xfbbf</load_address>
         <run_address>0xfbbf</run_address>
         <size>0xf3</size>
         <input_file_ref idref="fl-14"/>
      </object_component>
      <object_component id="oc-10a">
         <name>.debug_info</name>
         <load_address>0xfcb2</load_address>
         <run_address>0xfcb2</run_address>
         <size>0xf3</size>
         <input_file_ref idref="fl-14"/>
      </object_component>
      <object_component id="oc-10d">
         <name>.debug_info</name>
         <load_address>0xfda5</load_address>
         <run_address>0xfda5</run_address>
         <size>0xf3</size>
         <input_file_ref idref="fl-14"/>
      </object_component>
      <object_component id="oc-101">
         <name>.debug_info</name>
         <load_address>0xfe98</load_address>
         <run_address>0xfe98</run_address>
         <size>0x136</size>
         <input_file_ref idref="fl-14"/>
      </object_component>
      <object_component id="oc-107">
         <name>.debug_info</name>
         <load_address>0xffce</load_address>
         <run_address>0xffce</run_address>
         <size>0xf3</size>
         <input_file_ref idref="fl-14"/>
      </object_component>
      <object_component id="oc-fe">
         <name>.debug_info</name>
         <load_address>0x100c1</load_address>
         <run_address>0x100c1</run_address>
         <size>0x101</size>
         <input_file_ref idref="fl-14"/>
      </object_component>
      <object_component id="oc-104">
         <name>.debug_info</name>
         <load_address>0x101c2</load_address>
         <run_address>0x101c2</run_address>
         <size>0xf5</size>
         <input_file_ref idref="fl-14"/>
      </object_component>
      <object_component id="oc-84">
         <name>.debug_info</name>
         <load_address>0x102b7</load_address>
         <run_address>0x102b7</run_address>
         <size>0x4b53</size>
         <input_file_ref idref="fl-14"/>
      </object_component>
      <object_component id="oc-e7">
         <name>.debug_info</name>
         <load_address>0x14e0a</load_address>
         <run_address>0x14e0a</run_address>
         <size>0x30c</size>
         <input_file_ref idref="fl-14"/>
      </object_component>
      <object_component id="oc-1ce">
         <name>.debug_info</name>
         <load_address>0x15116</load_address>
         <run_address>0x15116</run_address>
         <size>0x144</size>
         <input_file_ref idref="fl-14"/>
      </object_component>
      <object_component id="oc-8e">
         <name>.debug_info</name>
         <load_address>0x1525a</load_address>
[...]
         <value>0x200027dc</value>
      </symbol>
      <symbol id="sm-8d4">
         <name>modOledCur</name>
         <value>0x200027c8</value>
      </symbol>
      <symbol id="sm-8d5">
         <name>OrbitOledGetPixel</name>
         <value>0x35cb</value>
         <object_component_ref idref="oc-4a8"/>
      </symbol>
      <symbol id="sm-8d6">
         <name>OrbitOledMoveUp</name>
         <value>0x3cf9</value>
         <object_component_ref idref="oc-4a8"/>
      </symbol>
      <symbol id="sm-8d7">
         <name>OrbitOledMoveTo</name>
         <value>0x34a9</value>
         <object_component_ref idref="oc-4a8"/>
      </symbol>
      <symbol id="sm-8d8">
         <name>OrbitOledGetDrawMode</name>
         <value>0x3599</value>
         <object_component_ref idref="oc-4a8"/>
      </symbol>
      <symbol id="sm-8d9">
         <name>OrbitOledDrawPixel</name>
         <value>0x359f</value>
         <object_component_ref idref="oc-4a8"/>
      </symbol>
      <symbol id="sm-8da">
         <name>OrbitOledDrawString</name>
         <value>0x3c3b</value>
         <object_component_ref idref="oc-4a8"/>
      </symbol>
      <symbol id="sm-8db">
         <name>OrbitOledDrawChar</name>
         <value>0x3bdb</value>
         <object_component_ref idref="oc-4a8"/>
      </symbol>
      <symbol id="sm-8dc">
         <name>OrbitOledMoveDown</name>
         <value>0x3d31</value>
         <object_component_ref idref="oc-4a8"/>
      </symbol>
      <symbol id="sm-8dd">
         <name>OrbitOledMoveRight</name>
         <value>0x3d7f</value>
         <object_component_ref idref="oc-4a8"/>
      </symbol>
      <symbol id="sm-8de">
         <name>OrbitOledFillRect</name>
         <value>0x3769</value>
         <object_component_ref idref="oc-4a8"/>
      </symbol>
      <symbol id="sm-8df">
         <name>OrbitOledLineTo</name>
         <value>0x35e5</value>
         <object_component_ref idref="oc-4a8"/>
      </symbol>
      <symbol id="sm-8e0">
         <name>OrbitOledGetStdPattern</name>
         <value>0x3523</value>
         <object_component_ref idref="oc-4a8"/>
      </symbol>
      <symbol id="sm-8e1">
         <name>OrbitOledSetDrawColor</name>
         <value>0x350b</value>
         <object_component_ref idref="oc-4a8"/>
      </symbol>
      <symbol id="sm-8e2">
         <name>OrbitOledDrawRect</name>
         <value>0x36e5</value>
         <object_component_ref idref="oc-4a8"/>
      </symbol>
      <symbol id="sm-8e3">
         <name>OrbitOledClampYco</name>
         <value>0x3db9</value>
         <object_component_ref idref="oc-4a8"/>
      </symbol>
      <symbol id="sm-8e4">
         <name>OrbitOledGetPos</name>
         <value>0x34ef</value>
         <object_component_ref idref="oc-4a8"/>
      </symbol>
      <symbol id="sm-8e5">
         <name>OrbitOledRopSet</name>
         <value>0x3c59</value>
         <object_component_ref idref="oc-4a8"/>
      </symbol>
      <symbol id="sm-8e6">
         <name>OrbitOledRopXor</name>
         <value>0x3ccb</value>
         <object_component_ref idref="oc-4a8"/>
      </symbol>
      <symbol id="sm-8e7">
         <name>OrbitOledGetBmp</name>
         <value>0x38ad</value>
         <object_component_ref idref="oc-4a8"/>
      </symbol>
      <symbol id="sm-8e8">
         <name>OrbitOledMoveLeft</name>
         <value>0x3d67</value>
         <object_component_ref idref="oc-4a8"/>
      </symbol>
      <symbol id="sm-8e9">
         <name>OrbitOledRopAnd</name>
         <value>0x3ca7</value>
         <object_component_ref idref="oc-4a8"/>
      </symbol>
      <symbol id="sm-8ea">
         <name>OrbitOledPutBmp</name>
         <value>0x3a0d</value>
         <object_component_ref idref="oc-4a8"/>
      </symbol>
      <symbol id="sm-8eb">
         <name>OrbitOledSetDrawMode</name>
         <value>0x3545</value>
         <object_component_ref idref="oc-4a8"/>
      </symbol>
      <symbol id="sm-8ec">
         <name>OrbitOledClampXco</name>
         <value>0x3d99</value>
         <object_component_ref idref="oc-4a8"/>
      </symbol>
      <symbol id="sm-8ed">
         <name>OrbitOledSetFillPattern</name>
         <value>0x3535</value>
         <object_component_ref idref="oc-4a8"/>
      </symbol>
      <symbol id="sm-8ee">
         <name>OrbitOledRopOr</name>
         <value>0x3c83</value>
         <object_component_ref idref="oc-4a8"/>
      </symbol>
      <symbol id="sm-900">
         <name>DelayMs</name>
         <value>0x635b</value>
         <object_component_ref idref="oc-4bd"/>
      </symbol>
      <symbol id="sm-901">
         <name>DelayInit</name>
         <value>0x6341</value>
         <object_component_ref idref="oc-4bd"/>
      </symbol>
      <symbol id="sm-918">
         <name>__aeabi_dsub</name>
         <value>0x4ecd</value>
         <object_component_ref idref="oc-31b"/>
      </symbol>
      <symbol id="sm-919">
         <name>__aeabi_dadd</name>
         <value>0x4ed7</value>
         <object_component_ref idref="oc-31b"/>
      </symbol>
      <symbol id="sm-924">
         <name>__aeabi_dmul</name>
         <value>0x5a55</value>
         <object_component_ref idref="oc-316"/>
      </symbol>
      <symbol id="sm-92e">
         <name>__aeabi_d2iz</name>
         <value>0x6531</value>
         <object_component_ref idref="oc-320"/>
      </symbol>
      <symbol id="sm-938">
         <name>__aeabi_d2uiz</name>
         <value>0x668d</value>
         <object_component_ref idref="oc-325"/>
      </symbol>
      <symbol id="sm-942">
         <name>__aeabi_i2d</name>
         <value>0x6859</value>
         <object_component_ref idref="oc-311"/>
      </symbol>
      <symbol id="sm-95d">
         <name>memcpy</name>
         <value>0x5ebb</value>
         <object_component_ref idref="oc-46"/>
      </symbol>
      <symbol id="sm-95e">
         <name>__aeabi_memcpy</name>
         <value>0x5ebb</value>
         <object_component_ref idref="oc-46"/>
      </symbol>
      <symbol id="sm-95f">
         <name>__aeabi_memcpy8</name>
         <value>0x5ebb</value>
         <object_component_ref idref="oc-46"/>
      </symbol>
      <symbol id="sm-960">
         <name>__aeabi_memcpy4</name>
         <value>0x5ebb</value>
         <object_component_ref idref="oc-46"/>
      </symbol>
      <symbol id="sm-96f">
         <name>__aeabi_uidivmod</name>
         <value>0x66d1</value>
         <object_component_ref idref="oc-3d2"/>
      </symbol>
      <symbol id="sm-970">
         <name>__aeabi_uidiv</name>
         <value>0x66d1</value>
         <object_component_ref idref="oc-3d2"/>
      </symbol>
      <symbol id="sm-97f">
         <name>__aeabi_memset</name>
         <value>0x5fd3</value>
         <object_component_ref idref="oc-ba"/>
      </symbol>
      <symbol id="sm-980">
         <name>memset</name>
         <value>0x5fd9</value>
         <object_component_ref idref="oc-ba"/>
      </symbol>
      <symbol id="sm-981">
         <name>__aeabi_memset8</name>
         <value>0x5fd3</value>
         <object_component_ref idref="oc-ba"/>
      </symbol>
      <symbol id="sm-982">
         <name>__aeabi_memset4</name>
         <value>0x5fd3</value>
         <object_component_ref idref="oc-ba"/>
      </symbol>
      <symbol id="sm-983">
         <name>__aeabi_memclr8</name>
         <value>0x5fd1</value>
         <object_component_ref idref="oc-ba"/>
      </symbol>
      <symbol id="sm-984">
         <name>__aeabi_memclr4</name>
         <value>0x5fd1</value>
         <object_component_ref idref="oc-ba"/>
      </symbol>
      <symbol id="sm-985">
         <name>__aeabi_memclr</name>
         <value>0x5fd1</value>
         <object_component_ref idref="oc-ba"/>
      </symbol>
      <symbol id="sm-997">
         <name>__TI_zero_init</name>
         <value>0x6b2b</value>
         <object_component_ref idref="oc-58"/>
      </symbol>
      <symbol id="sm-9ae">
         <name>__TI_decompress_none</name>
         <value>0x6af9</value>
         <object_component_ref idref="oc-18"/>
      </symbol>
      <symbol id="sm-9d1">
         <name>__TI_decompress_lzss</name>
         <value>0x6211</value>
         <object_component_ref idref="oc-12"/>
      </symbol>
      <symbol id="sm-a66">
         <name>_sys_memory</name>
         <value>0x20002800</value>
         <object_component_ref idref="oc-21"/>
      </symbol>
      <symbol id="sm-a67">
         <name>free</name>
         <value>0x5c45</value>
         <object_component_ref idref="oc-35b"/>
      </symbol>
      <symbol id="sm-a68">
         <name>memalign</name>
         <value>0x593d</value>
         <object_component_ref idref="oc-52d"/>
      </symbol>
      <symbol id="sm-a69">
         <name>calloc</name>
         <value>0x6785</value>
         <object_component_ref idref="oc-355"/>
      </symbol>
      <symbol id="sm-a6a">
         <name>malloc</name>
         <value>0x6b87</value>
         <object_component_ref idref="oc-44d"/>
      </symbol>
      <symbol id="sm-a6b">
         <name>aligned_alloc</name>
         <value>0x593d</value>
         <object_component_ref idref="oc-52d"/>
      </symbol>
      <symbol id="sm-a7e">
         <name>__stack</name>
         <value>0x20004800</value>
         <object_component_ref idref="oc-24"/>
      </symbol>
      <symbol id="sm-a7f">
         <name>_c_int00_noargs</name>
         <value>0x6825</value>
         <object_component_ref idref="oc-64"/>
      </symbol>
      <symbol id="sm-a89">
         <name>__aeabi_idiv0</name>
         <value>0x604b</value>
         <object_component_ref idref="oc-506"/>
      </symbol>
      <symbol id="sm-a8a">
         <name>__aeabi_ldiv0</name>
         <value>0x604b</value>
         <object_component_ref idref="oc-506"/>
      </symbol>
      <symbol id="sm-ab2">
         <name>__TI_auto_init_nobinit_nopinit</name>
         <value>0x6649</value>
         <object_component_ref idref="oc-190"/>
      </symbol>
      <symbol id="sm-abc">
         <name>_system_pre_init</name>
         <value>0x6bad</value>
         <object_component_ref idref="oc-c0"/>
      </symbol>
      <symbol id="sm-ac8">
         <name>C$$EXIT</name>
         <value>0x6bb1</value>
         <object_component_ref idref="oc-184"/>
      </symbol>
      <symbol id="sm-ac9">
         <name>abort</name>
         <value>0x6bb1</value>
         <object_component_ref idref="oc-184"/>
      </symbol>
      <symbol id="sm-ade">
         <name>_nop</name>
         <value>0x5083</value>
         <object_component_ref idref="oc-467"/>
      </symbol>
      <symbol id="sm-adf">
         <name>_lock</name>
         <value>0x20005064</value>
         <object_component_ref idref="oc-372"/>
      </symbol>
      <symbol id="sm-ae0">
         <name>_unlock</name>
         <value>0x20005068</value>
         <object_component_ref idref="oc-372"/>
      </symbol>
      <symbol id="sm-b3f">
         <name>ADCProcessorTrigger</name>
         <value>0x69ad</value>
         <object_component_ref idref="oc-213"/>
      </symbol>
      <symbol id="sm-b40">
         <name>ADCSequenceEnable</name>
         <value>0x6add</value>
         <object_component_ref idref="oc-2a1"/>
      </symbol>
      <symbol id="sm-b41">
         <name>ADCSequenceConfigure</name>
         <value>0x6495</value>
         <object_component_ref idref="oc-295"/>
      </symbol>
      <symbol id="sm-b42">
         <name>ADCIntEnable</name>
         <value>0x6a9b</value>
         <object_component_ref idref="oc-2ad"/>
      </symbol>
      <symbol id="sm-b43">
         <name>ADCSequenceStepConfigure</name>
         <value>0x5f57</value>
         <object_component_ref idref="oc-29b"/>
      </symbol>
      <symbol id="sm-b44">
         <name>ADCIntClear</name>
         <value>0x6b43</value>
         <object_component_ref idref="oc-289"/>
      </symbol>
      <symbol id="sm-b45">
         <name>ADCIntRegister</name>
         <value>0x6995</value>
         <object_component_ref idref="oc-2a7"/>
      </symbol>
      <symbol id="sm-b46">
         <name>ADCSequenceDataGet</name>
         <value>0x6921</value>
         <object_component_ref idref="oc-283"/>
      </symbol>
      <symbol id="sm-be8">
         <name>GPIOPinTypePWM</name>
         <value>0x6a0b</value>
         <object_component_ref idref="oc-256"/>
      </symbol>
      <symbol id="sm-be9">
         <name>GPIOIntRegister</name>
         <value>0x69c5</value>
         <object_component_ref idref="oc-2e5"/>
      </symbol>
      <symbol id="sm-bea">
         <name>GPIOPinConfigure</name>
         <value>0x64e5</value>
         <object_component_ref idref="oc-250"/>
      </symbol>
      <symbol id="sm-beb">
         <name>GPIOIntEnable</name>
         <value>0x6b07</value>
         <object_component_ref idref="oc-2df"/>
      </symbol>
      <symbol id="sm-bec">
         <name>GPIOIntTypeSet</name>
         <value>0x639d</value>
         <object_component_ref idref="oc-2d9"/>
      </symbol>
      <symbol id="sm-bed">
         <name>GPIOPinTypeGPIOInput</name>
         <value>0x69f5</value>
         <object_component_ref idref="oc-2cd"/>
      </symbol>
      <symbol id="sm-bee">
         <name>GPIOIntClear</name>
         <value>0x6b8f</value>
         <object_component_ref idref="oc-2c1"/>
      </symbol>
      <symbol id="sm-bef">
         <name>GPIOPinTypeUART</name>
         <value>0x6a37</value>
         <object_component_ref idref="oc-335"/>
      </symbol>
      <symbol id="sm-bf0">
         <name>GPIOPinTypeGPIOOutput</name>
         <value>0x69dd</value>
         <object_component_ref idref="oc-4e1"/>
      </symbol>
      <symbol id="sm-bf1">
         <name>GPIOPinRead</name>
         <value>0x6b95</value>
         <object_component_ref idref="oc-2c7"/>
      </symbol>
      <symbol id="sm-bf2">
         <name>GPIODirModeSet</name>
         <value>0x6887</value>
         <object_component_ref idref="oc-305"/>
      </symbol>
      <symbol id="sm-bf3">
         <name>GPIOPinWrite</name>
         <value>0x6b9b</value>
         <object_component_ref idref="oc-4db"/>
      </symbol>
      <symbol id="sm-bf4">
         <name>GPIOPadConfigSet</name>
         <value>0x55c9</value>
         <object_component_ref idref="oc-2d3"/>
      </symbol>
      <symbol id="sm-bf5">
         <name>GPIOPinTypeSSI</name>
         <value>0x6a21</value>
         <object_component_ref idref="oc-4c3"/>
      </symbol>
      <symbol id="sm-c26">
         <name>IntEnable</name>
         <value>0x61a9</value>
         <object_component_ref idref="oc-2eb"/>
      </symbol>
      <symbol id="sm-c27">
         <name>IntRegister</name>
         <value>0x67bd</value>
         <object_component_ref idref="oc-3a6"/>
      </symbol>
      <symbol id="sm-c28">
         <name>g_pfnRAMVectors</name>
         <value>0x20000000</value>
         <object_component_ref idref="oc-496"/>
      </symbol>
      <symbol id="sm-c55">
         <name>PWMGenPeriodSet</name>
         <value>0x6aab</value>
         <object_component_ref idref="oc-23e"/>
      </symbol>
      <symbol id="sm-c56">
         <name>PWMPulseWidthSet</name>
         <value>0x693f</value>
         <object_component_ref idref="oc-244"/>
      </symbol>
      <symbol id="sm-c57">
         <name>PWMOutputState</name>
         <value>0x6a89</value>
         <object_component_ref idref="oc-268"/>
      </symbol>
      <symbol id="sm-c58">
         <name>PWMGenEnable</name>
         <value>0x6b13</value>
         <object_component_ref idref="oc-262"/>
      </symbol>
      <symbol id="sm-c59">
         <name>PWMGenConfigure</name>
         <value>0x68dd</value>
         <object_component_ref idref="oc-25c"/>
      </symbol>
      <symbol id="sm-c91">
         <name>SSIDataPut</name>
         <value>0x6b4d</value>
         <object_component_ref idref="oc-4ed"/>
      </symbol>
      <symbol id="sm-c92">
         <name>SSIDataGet</name>
         <value>0x6b1f</value>
         <object_component_ref idref="oc-4f3"/>
      </symbol>
      <symbol id="sm-c93">
         <name>SSIConfigSetExpClk</name>
         <value>0x6711</value>
         <object_component_ref idref="oc-4cf"/>
      </symbol>
      <symbol id="sm-c94">
         <name>SSIEnable</name>
         <value>0x6b57</value>
         <object_component_ref idref="oc-4d5"/>
      </symbol>
      <symbol id="sm-c95">
         <name>SSIClockSourceSet</name>
         <value>0x6ba1</value>
         <object_component_ref idref="oc-4c9"/>
      </symbol>
      <symbol id="sm-c96">
         <name>SSIBusy</name>
         <value>0x6b7f</value>
         <object_component_ref idref="oc-4e7"/>
      </symbol>
      <symbol id="sm-d0c">
         <name>SysCtlClockSet</name>
         <value>0x5b51</value>
         <object_component_ref idref="oc-231"/>
      </symbol>
      <symbol id="sm-d0d">
         <name>SysCtlDelay</name>
         <value>0x6ba7</value>
         <object_component_ref idref="oc-180"/>
      </symbol>
      <symbol id="sm-d0e">
         <name>SysCtlPeripheralEnable</name>
         <value>0x67f1</value>
         <object_component_ref idref="oc-24a"/>
      </symbol>
      <symbol id="sm-d0f">
         <name>SysCtlReset</name>
         <value>0x6abd</value>
         <object_component_ref idref="oc-30b"/>
      </symbol>
      <symbol id="sm-d10">
         <name>SysCtlClockGet</name>
         <value>0x5825</value>
         <object_component_ref idref="oc-17a"/>
      </symbol>
      <symbol id="sm-d11">
         <name>SysCtlPeripheralReady</name>
         <value>0x674d</value>
         <object_component_ref idref="oc-28f"/>
      </symbol>
      <symbol id="sm-d12">
         <name>SysCtlPeripheralReset</name>
         <value>0x63f5</value>
         <object_component_ref idref="oc-26e"/>
      </symbol>
      <symbol id="sm-d3f">
         <name>SysTickEnable</name>
         <value>0x6a4d</value>
         <object_component_ref idref="oc-22b"/>
      </symbol>
      <symbol id="sm-d40">
         <name>SysTickIntRegister</name>
         <value>0x695d</value>
         <object_component_ref idref="oc-21f"/>
      </symbol>
      <symbol id="sm-d41">
         <name>SysTickIntEnable</name>
         <value>0x6a61</value>
         <object_component_ref idref="oc-225"/>
      </symbol>
      <symbol id="sm-d42">
         <name>SysTickPeriodSet</name>
         <value>0x6acd</value>
         <object_component_ref idref="oc-219"/>
      </symbol>
      <symbol id="sm-d66">
         <name>TimerEnable</name>
         <value>0x6aeb</value>
         <object_component_ref idref="oc-55c"/>
      </symbol>
      <symbol id="sm-d67">
         <name>TimerValueGet</name>
         <value>0x6b61</value>
         <object_component_ref idref="oc-562"/>
      </symbol>
      <symbol id="sm-d68">
         <name>TimerConfigure</name>
         <value>0x62e1</value>
         <object_component_ref idref="oc-556"/>
      </symbol>
      <symbol id="sm-d9a">
         <name>UARTConfigSetExpClk</name>
         <value>0x6579</value>
         <object_component_ref idref="oc-33b"/>
      </symbol>
      <symbol id="sm-d9b">
         <name>UARTDisable</name>
         <value>0x6901</value>
         <object_component_ref idref="oc-440"/>
      </symbol>
      <symbol id="sm-d9c">
         <name>UARTCharPut</name>
         <value>0x6b6b</value>
         <object_component_ref idref="oc-34d"/>
      </symbol>
      <symbol id="sm-d9d">
         <name>UARTEnable</name>
         <value>0x6a75</value>
         <object_component_ref idref="oc-347"/>
      </symbol>
      <symbol id="sm-d9e">
         <name>UARTFIFOEnable</name>
         <value>0x6b75</value>
         <object_component_ref idref="oc-341"/>
      </symbol>
      <symbol id="sm-da0">
         <name>__TI_static_base__</name>
         <value>0x0</value>
      </symbol>
      <symbol id="sm-da3">
         <name>__mpu_init</name>
         <value>0x0</value>
      </symbol>
      <symbol id="sm-da4">
         <name>_system_post_cinit</name>
         <value>0x0</value>
      </symbol>
   </symbol_table>
   <title>Link successful</title>
</link_info>
