******************************************************************************
                  TI ARM Linker PC v18.12.4                    
******************************************************************************
>> Linked Wed Aug  5 23:07:42 2020

OUTPUT FILE NAME:   <FreeRTOS_Initial.out>
ENTRY POINT SYMBOL: "_c_int00_noargs"  address: 00006825


MEMORY CONFIGURATION

         name            origin    length      used     unused   attr    fill
----------------------  --------  ---------  --------  --------  ----  --------
  FLASH                 00000000   00040000  00007258  00038da8  R  X
  SRAM                  20000000   00008000  00005085  00002f7b  RW X


SEGMENT ALLOCATION MAP

run origin  load origin   length   init length attrs members
----------  ----------- ---------- ----------- ----- -------
00000000    00000000    00007258   00007258    r-x
  00000000    00000000    0000026c   0000026c    r-- .intvecs
  0000026c    0000026c    00006948   00006948    r-x .text
  00006bb4    00006bb4    0000064c   0000064c    r-- .const
  00007200    00007200    00000058   00000058    r-- .cinit
20000000    20000000    00005086   00000000    rw-
  20000000    20000000    0000026c   00000000    rw- .vtable
  2000026c    2000026c    00002593   00000000    rw- .bss
  20002800    20002800    00002000   00000000    rw- .sysmem
  20004800    20004800    00000800   00000000    rw- .stack
  20005000    20005000    00000086   00000000    rw- .data


SECTION ALLOCATION MAP

 output                                  attributes/
section   page    origin      length       input sections
--------  ----  ----------  ----------   ----------------
.intvecs   0    00000000    0000026c     
                  00000000    0000026c     tm4c123gh6pm_startup_ccs.obj (.intvecs)

.text      0    0000026c    00006948     
                  0000026c    0000190c     tasks.obj (.text)
                  00001b78    00000cac     queue.obj (.text)
                  00002824    00000c84     ustdlib.obj (.text)
                  000034a8    00000950     OrbitOledGrph.obj (.text)
                  00003df8    000005a8     control.obj (.text)
                  000043a0    0000037c     OrbitOled.obj (.text)
                  0000471c    00000220     buttons4.obj (.text)
                  0000493c    00000204     OrbitOledChar.obj (.text)
                  00004b40    000001d4     display.obj (.text)
                  00004d14    000001b8     heap_2.obj (.text)
                  00004ecc    000001b6     rtsv7M4_T_le_v4SPD16_eabi.lib : fd_add_t2.asm.obj (.text)
                  00005082    00000002                                   : _lock.c.obj (.text:_nop)
                  00005084    00000178     yaw.obj (.text)
                  000051fc    00000150     motor.obj (.text)
                  0000534c    00000140     altitude.obj (.text)
                  0000548c    0000013c     port.obj (.text)
                  000055c8    00000132     driverlib.lib : gpio.obj (.text:GPIOPadConfigSet)
                  000056fa    0000012a     list.obj (.text)
                  00005824    00000118     driverlib.lib : sysctl.obj (.text:SysCtlClockGet)
                  0000593c    00000118     rtsv7M4_T_le_v4SPD16_eabi.lib : memory.c.obj (.text:aligned_alloc)
                  00005a54    000000fc                                   : fd_mul_t2.asm.obj (.text)
                  00005b50    000000f4     driverlib.lib : sysctl.obj (.text:SysCtlClockSet)
                  00005c44    000000e4     rtsv7M4_T_le_v4SPD16_eabi.lib : memory.c.obj (.text:free)
                  00005d28    000000da     portasm.obj (.text)
                  00005e02    000000b8     circBufT.obj (.text)
                  00005eba    0000009c     rtsv7M4_T_le_v4SPD16_eabi.lib : memcpy_t2.asm.obj (.text)
                  00005f56    0000007a     driverlib.lib : adc.obj (.text:ADCSequenceStepConfigure)
                  00005fd0    0000007a     rtsv7M4_T_le_v4SPD16_eabi.lib : memset_t2.asm.obj (.text)
                  0000604a    00000002                                   : div0.asm.obj (.text)
                  0000604c    00000078     system.obj (.text)
                  000060c4    00000074     uart.obj (.text)
                  00006138    00000070     rtsv7M4_T_le_v4SPD16_eabi.lib : memory.c.obj (.text:split)
                  000061a8    00000068     driverlib.lib : interrupt.obj (.text:IntEnable)
                  00006210    00000068     rtsv7M4_T_le_v4SPD16_eabi.lib : copy_decompress_lzss.c.obj (.text:decompress:lzss:__TI_decompress_lzss)
                  00006278    00000066     main.obj (.text)
                  000062de    00000002     --HOLE-- [fill = 0]
                  000062e0    00000060     driverlib.lib : timer.obj (.text:TimerConfigure)
                  00006340    0000005c     delay.obj (.text)
                  0000639c    00000058     driverlib.lib : gpio.obj (.text:GPIOIntTypeSet)
                  000063f4    00000050                   : sysctl.obj (.text:SysCtlPeripheralReset)
                  00006444    00000050                   : adc.obj (.text:_ADCIntNumberGet)
                  00006494    0000004e                   : adc.obj (.text:ADCSequenceConfigure)
                  000064e2    00000002     --HOLE-- [fill = 0]
                  000064e4    0000004c                   : gpio.obj (.text:GPIOPinConfigure)
                  00006530    00000048     rtsv7M4_T_le_v4SPD16_eabi.lib : fd_toi_t2.asm.obj (.text)
                  00006578    00000046     driverlib.lib : uart.obj (.text:UARTConfigSetExpClk)
                  000065be    00000002     --HOLE-- [fill = 0]
                  000065c0    00000044     OrbitOLEDInterface.obj (.text)
                  00006604    00000044     driverlib.lib : gpio.obj (.text:_GPIOIntNumberGet)
                  00006648    00000044     rtsv7M4_T_le_v4SPD16_eabi.lib : autoinit.c.obj (.text:__TI_auto_init_nobinit_nopinit:__TI_auto_init_nobinit_nopinit)
                  0000668c    00000044                                   : fd_tou_t2.asm.obj (.text)
                  000066d0    00000040                                   : u_divt2.asm.obj (.text)
                  00006710    0000003c     driverlib.lib : ssi.obj (.text:SSIConfigSetExpClk)
                  0000674c    00000038                   : sysctl.obj (.text:SysCtlPeripheralReady)
                  00006784    00000038     rtsv7M4_T_le_v4SPD16_eabi.lib : memory.c.obj (.text:calloc)
                  000067bc    00000034     driverlib.lib : interrupt.obj (.text:IntRegister)
                  000067f0    00000034                   : sysctl.obj (.text:SysCtlPeripheralEnable)
                  00006824    00000034     rtsv7M4_T_le_v4SPD16_eabi.lib : boot_cortex_m.c.obj (.text:_c_int00_noargs:_c_int00_noargs)
                  00006858    0000002e                                   : i_tofd_t2.asm.obj (.text)
                  00006886    0000002c     driverlib.lib : gpio.obj (.text:GPIODirModeSet)
                  000068b2    00000002     --HOLE-- [fill = 0]
                  000068b4    00000028     rtsv7M4_T_le_v4SPD16_eabi.lib : memory.c.obj (.text:free_list_insert)
                  000068dc    00000022     driverlib.lib : pwm.obj (.text:PWMGenConfigure)
                  000068fe    00000002     --HOLE-- [fill = 0]
                  00006900    00000020                   : uart.obj (.text:UARTDisable)
                  00006920    0000001e                   : adc.obj (.text:ADCSequenceDataGet)
                  0000693e    0000001e                   : pwm.obj (.text:PWMPulseWidthSet)
                  0000695c    0000001c                   : systick.obj (.text:SysTickIntRegister)
                  00006978    0000001c     rtsv7M4_T_le_v4SPD16_eabi.lib : memory.c.obj (.text:free_list_remove)
                  00006994    00000018     driverlib.lib : adc.obj (.text:ADCIntRegister)
                  000069ac    00000018                   : adc.obj (.text:ADCProcessorTrigger)
                  000069c4    00000018                   : gpio.obj (.text:GPIOIntRegister)
                  000069dc    00000018                   : gpio.obj (.text:GPIOPinTypeGPIOOutput)
                  000069f4    00000016                   : gpio.obj (.text:GPIOPinTypeGPIOInput)
                  00006a0a    00000016                   : gpio.obj (.text:GPIOPinTypePWM)
                  00006a20    00000016                   : gpio.obj (.text:GPIOPinTypeSSI)
                  00006a36    00000016                   : gpio.obj (.text:GPIOPinTypeUART)
                  00006a4c    00000014                   : systick.obj (.text:SysTickEnable)
                  00006a60    00000014                   : systick.obj (.text:SysTickIntEnable)
                  00006a74    00000014                   : uart.obj (.text:UARTEnable)
                  00006a88    00000012                   : pwm.obj (.text:PWMOutputState)
                  00006a9a    00000010                   : adc.obj (.text:ADCIntEnable)
                  00006aaa    00000010                   : pwm.obj (.text:PWMGenPeriodSet)
                  00006aba    00000002     --HOLE-- [fill = 0]
                  00006abc    00000010                   : sysctl.obj (.text:SysCtlReset)
                  00006acc    00000010                   : systick.obj (.text:SysTickPeriodSet)
                  00006adc    0000000e                   : adc.obj (.text:ADCSequenceEnable)
                  00006aea    0000000e                   : timer.obj (.text:TimerEnable)
                  00006af8    0000000e     rtsv7M4_T_le_v4SPD16_eabi.lib : copy_decompress_none.c.obj (.text:decompress:none:__TI_decompress_none)
                  00006b06    0000000c     driverlib.lib : gpio.obj (.text:GPIOIntEnable)
                  00006b12    0000000c                   : pwm.obj (.text:PWMGenEnable)
                  00006b1e    0000000c                   : ssi.obj (.text:SSIDataGet)
                  00006b2a    0000000c     rtsv7M4_T_le_v4SPD16_eabi.lib : copy_zero_init.c.obj (.text:decompress:ZI:__TI_zero_init)
                  00006b36    0000000c     tm4c123gh6pm_startup_ccs.obj (.text)
                  00006b42    0000000a     driverlib.lib : adc.obj (.text:ADCIntClear)
                  00006b4c    0000000a                   : ssi.obj (.text:SSIDataPut)
                  00006b56    0000000a                   : ssi.obj (.text:SSIEnable)
                  00006b60    0000000a                   : timer.obj (.text:TimerValueGet)
                  00006b6a    0000000a                   : uart.obj (.text:UARTCharPut)
                  00006b74    0000000a                   : uart.obj (.text:UARTFIFOEnable)
                  00006b7e    00000008                   : ssi.obj (.text:SSIBusy)
                  00006b86    00000008     rtsv7M4_T_le_v4SPD16_eabi.lib : memory.c.obj (.text:malloc)
                  00006b8e    00000006     driverlib.lib : gpio.obj (.text:GPIOIntClear)
                  00006b94    00000006                   : gpio.obj (.text:GPIOPinRead)
                  00006b9a    00000006                   : gpio.obj (.text:GPIOPinWrite)
                  00006ba0    00000006                   : ssi.obj (.text:SSIClockSourceSet)
                  00006ba6    00000006                   : sysctl.obj (.text:SysCtlDelay)
                  00006bac    00000004     rtsv7M4_T_le_v4SPD16_eabi.lib : pre_init.c.obj (.text:_system_pre_init)
                  00006bb0    00000004                                   : exit.c.obj (.text:abort:abort)

.const     0    00006bb4    0000064c     
                  00006bb4    00000300     ChrFont0.obj (.const:.string:rgbOledFont0)
                  00006eb4    000000d8     driverlib.lib : gpio.obj (.const:g_ppui32GPIOIntMapSnowflake)
                  00006f8c    000000c0                   : gpio.obj (.const:g_ppui32GPIOIntMapBlizzard)
                  0000704c    00000090                   : gpio.obj (.const:g_pui32GPIOBaseAddrs)
                  000070dc    0000006c                   : sysctl.obj (.const:g_pui32Xtals)
                  00007148    00000040     FillPat.obj (.const:.string:rgbFillPat)
                  00007188    00000030     ustdlib.obj (.const:g_psDaysToMonth)
                  000071b8    00000018     ustdlib.obj (.const:g_pfExponents)
                  000071d0    00000014     driverlib.lib : interrupt.obj (.const:g_pui32EnRegs)
                  000071e4    00000012     ustdlib.obj (.const:.string)
                  000071f6    00000002     --HOLE-- [fill = 0]
                  000071f8    00000004     port.obj (.const)
                  000071fc    00000004     ustdlib.obj (.const)

.cinit     0    00007200    00000058     
                  00007200    0000001e     (.cinit..data.load) [load image, compression = lzss]
                  0000721e    00000002     --HOLE-- [fill = 0]
                  00007220    0000000c     (__TI_handler_table)
                  0000722c    00000004     --HOLE-- [fill = 0]
                  00007230    00000008     (.cinit..bss.load) [load image, compression = zero_init]
                  00007238    00000008     (.cinit..vtable.load) [load image, compression = zero_init]
                  00007240    00000018     (__TI_cinit_table)

.init_array 
*          0    00000000    00000000     UNINITIALIZED

.vtable    0    20000000    0000026c     UNINITIALIZED
                  20000000    0000026c     driverlib.lib : interrupt.obj (.vtable)

.bss       0    2000026c    00002593     UNINITIALIZED
                  2000026c    00002000     heap_2.obj (.bss:ucHeap)
                  2000226c    00000200     (.common:rgbOledBmp)
                  2000246c    00000140     tasks.obj (.bss:pxReadyTasksLists)
                  200025ac    00000100     (.common:rgbOledFontUser)
                  200026ac    00000050     (.common:xQueueRegistry)
                  200026fc    00000014     tasks.obj (.bss:xDelayedTaskList1)
                  20002710    00000014     tasks.obj (.bss:xDelayedTaskList2)
                  20002724    00000014     tasks.obj (.bss:xPendingReadyList)
                  20002738    00000014     tasks.obj (.bss:xSuspendedTaskList)
                  2000274c    00000014     tasks.obj (.bss:xTasksWaitingTermination)
                  20002760    00000010     altitude.obj (.bss:g_inBuffer)
                  20002770    00000008     tasks.obj (.bss)
                  20002778    00000008     heap_2.obj (.bss:xEnd)
                  20002780    00000008     heap_2.obj (.bss:xStart)
                  20002788    00000004     altitude.obj (.bss)
                  2000278c    00000004     buttons4.obj (.bss:but_count)
                  20002790    00000004     buttons4.obj (.bss:but_flag)
                  20002794    00000004     buttons4.obj (.bss:but_normal)
                  20002798    00000004     buttons4.obj (.bss:but_state)
                  2000279c    00000004     system.obj (.bss)
                  200027a0    00000004     (.common:AltControl)
                  200027a4    00000004     (.common:AltDerivError)
                  200027a8    00000004     (.common:YawControl)
                  200027ac    00000004     (.common:YawDerivError)
                  200027b0    00000004     (.common:Yaw_error)
                  200027b4    00000004     (.common:bnOledCur)
                  200027b8    00000004     (.common:dxcoOledFontCur)
                  200027bc    00000004     (.common:dycoOledFontCur)
                  200027c0    00000004     (.common:fOledCharUpdate)
                  200027c4    00000004     (.common:g_pAltQueue)
                  200027c8    00000004     (.common:modOledCur)
                  200027cc    00000004     (.common:pbOledCur)
                  200027d0    00000004     (.common:pbOledFontCur)
                  200027d4    00000004     (.common:pbOledFontUser)
                  200027d8    00000004     (.common:pbOledPatCur)
                  200027dc    00000004     (.common:pfnDoRop)
                  200027e0    00000004     (.common:slot)
                  200027e4    00000004     (.common:xchOledCur)
                  200027e8    00000004     (.common:xchOledMax)
                  200027ec    00000004     (.common:xcoOledCur)
                  200027f0    00000004     (.common:ychOledCur)
                  200027f4    00000004     (.common:ychOledMax)
                  200027f8    00000004     (.common:ycoOledCur)
                  200027fc    00000001     (.common:State)
                  200027fd    00000001     (.common:clrOledCur)
                  200027fe    00000001     (.common:nextState)

.sysmem    0    20002800    00002000     UNINITIALIZED
                  20002800    00000010     rtsv7M4_T_le_v4SPD16_eabi.lib : memory.c.obj (.sysmem)
                  20002810    00001ff0     --HOLE--

.stack     0    20004800    00000800     UNINITIALIZED
                  20004800    00000004     rtsv7M4_T_le_v4SPD16_eabi.lib : boot_cortex_m.c.obj (.stack)
                  20004804    000007fc     --HOLE--

.data      0    20005000    00000086     UNINITIALIZED
                  20005000    00000034     tasks.obj (.data)
                  20005034    00000030     control.obj (.data)
                  20005064    00000008     rtsv7M4_T_le_v4SPD16_eabi.lib : _lock.c.obj (.data:$O1$$)
                  2000506c    00000008                                   : memory.c.obj (.data:$O1$$)
                  20005074    00000008     heap_2.obj (.data)
                  2000507c    00000004     port.obj (.data)
                  20005080    00000004     ustdlib.obj (.data)
                  20005084    00000002     system.obj (.data)

MODULE SUMMARY

       Module                         code    ro data   rw data
       ------                         ----    -------   -------
    .\
       ustdlib.obj                    3204    94        4      
       control.obj                    1448    0         68     
       tm4c123gh6pm_startup_ccs.obj   12      620       0      
       buttons4.obj                   544     0         16     
       display.obj                    468     0         0      
       yaw.obj                        376     0         6      
       altitude.obj                   320     0         24     
       motor.obj                      336     0         0      
       circBufT.obj                   184     0         0      
       system.obj                     120     0         6      
       uart.obj                       116     0         0      
       main.obj                       102     0         0      
    +--+------------------------------+-------+---------+---------+
       Total:                         7230    714       124    
                                                               
    .\FreeRTOS\
       tasks.obj                      6412    0         480    
       queue.obj                      3244    0         80     
       list.obj                       298     0         0      
    +--+------------------------------+-------+---------+---------+
       Total:                         9954    0         560    
                                                               
    .\FreeRTOS\portable\CCS\ARM_CM4F\
       port.obj                       316     4         4      
       portasm.obj                    218     0         0      
    +--+------------------------------+-------+---------+---------+
       Total:                         534     4         4      
                                                               
    .\FreeRTOS\portable\MemMang\
       heap_2.obj                     440     0         8216   
    +--+------------------------------+-------+---------+---------+
       Total:                         440     0         8216   
                                                               
    .\OrbitOLED\
       OrbitOLEDInterface.obj         68      0         0      
    +--+------------------------------+-------+---------+---------+
       Total:                         68      0         0      
                                                               
    .\OrbitOLED\lib_OrbitOled\
       OrbitOledGrph.obj              2384    0         8      
       OrbitOled.obj                  892     0         553    
       OrbitOledChar.obj              516     0         272    
       ChrFont0.obj                   0       768       0      
       delay.obj                      92      0         0      
       FillPat.obj                    0       64        0      
    +--+------------------------------+-------+---------+---------+
       Total:                         3884    832       833    
                                                               
    C:/ti/TivaWare_C_Series-2.1.4.178/driverlib/ccs/Debug/driverlib.lib
       gpio.obj                       748     552       0      
       sysctl.obj                     734     108       0      
       interrupt.obj                  156     20        620    
       adc.obj                        398     0         0      
       uart.obj                       142     0         0      
       timer.obj                      120     0         0      
       pwm.obj                        110     0         0      
       ssi.obj                        106     0         0      
       systick.obj                    84      0         0      
    +--+------------------------------+-------+---------+---------+
       Total:                         2598    680       620    
                                                               
    C:\ti\ccs920\ccs\tools\compiler\ti-cgt-arm_18.12.4.LTS\lib\rtsv7M4_T_le_v4SPD16_eabi.lib
       memory.c.obj                   752     0         8      
       fd_add_t2.asm.obj              438     0         0      
       fd_mul_t2.asm.obj              252     0         0      
       memcpy_t2.asm.obj              156     0         0      
       memset_t2.asm.obj              122     0         0      
       copy_decompress_lzss.c.obj     104     0         0      
       fd_toi_t2.asm.obj              72      0         0      
       autoinit.c.obj                 68      0         0      
       fd_tou_t2.asm.obj              68      0         0      
       u_divt2.asm.obj                64      0         0      
       boot_cortex_m.c.obj            52      0         0      
       i_tofd_t2.asm.obj              46      0         0      
       copy_decompress_none.c.obj     14      0         0      
       copy_zero_init.c.obj           12      0         0      
       _lock.c.obj                    2       0         8      
       exit.c.obj                     4       0         0      
       pre_init.c.obj                 4       0         0      
       div0.asm.obj                   2       0         0      
    +--+------------------------------+-------+---------+---------+
       Total:                         2232    0         16     
                                                               
       Heap:                          0       0         8192   
       Stack:                         0       0         2048   
       Linker Generated:              0       82        0      
    +--+------------------------------+-------+---------+---------+
       Grand Total:                   26940   2312      20613  


LINKER GENERATED COPY TABLES

__TI_cinit_table @ 00007240 records: 3, size/record: 8, table size: 24
	.data: load addr=00007200, load size=0000001e bytes, run addr=20005000, run size=00000086 bytes, compression=lzss
	.bss: load addr=00007230, load size=00000008 bytes, run addr=2000026c, run size=00002593 bytes, compression=zero_init
	.vtable: load addr=00007238, load size=00000008 bytes, run addr=20000000, run size=0000026c bytes, compression=zero_init


LINKER GENERATED HANDLER TABLE

__TI_handler_table @ 00007220 records: 3, size/record: 4, table size: 12
	index: 0, handler: __TI_zero_init
	index: 1, handler: __TI_decompress_lzss
	index: 2, handler: __TI_decompress_none


GLOBAL SYMBOLS: SORTED ALPHABETICALLY BY Name 

address   name                               
-------   ----                               
00006b43  ADCIntClear                        
00006a9b  ADCIntEnable                       
0000534d  ADCIntHandler                      
00006995  ADCIntRegister                     
000069ad  ADCProcessorTrigger                
00006495  ADCSequenceConfigure               
00006921  ADCSequenceDataGet                 
00006add  ADCSequenceEnable                  
00005f57  ADCSequenceStepConfigure           
200027a0  AltControl                         
200027a4  AltDerivError                      
2000504c  Alt_error                          
00006bb1  C$$EXIT                            
00006341  DelayInit                          
0000635b  DelayMs                            
00006887  GPIODirModeSet                     
00006b8f  GPIOIntClear                       
00006b07  GPIOIntEnable                      
000069c5  GPIOIntRegister                    
0000639d  GPIOIntTypeSet                     
000055c9  GPIOPadConfigSet                   
000064e5  GPIOPinConfigure                   
00006b95  GPIOPinRead                        
000069f5  GPIOPinTypeGPIOInput               
000069dd  GPIOPinTypeGPIOOutput              
00006a0b  GPIOPinTypePWM                     
00006a21  GPIOPinTypeSSI                     
00006a37  GPIOPinTypeUART                    
00006b9b  GPIOPinWrite                       
00003ed9  GetAltRef                          
00003e6b  GetSwitchState                     
00003edf  GetYawRef                          
000061a9  IntEnable                          
000067bd  IntRegister                        
000065e7  OLEDInitialise                     
000065c1  OLEDStringDraw                     
00004ad5  OrbitOledAdvanceCursor             
00003d99  OrbitOledClampXco                  
00003db9  OrbitOledClampYco                  
0000457d  OrbitOledClear                     
00004589  OrbitOledClearBuffer               
000049a5  OrbitOledDefUserChar               
000044f9  OrbitOledDevInit                   
00003bdb  OrbitOledDrawChar                  
00004a5d  OrbitOledDrawGlyph                 
0000359f  OrbitOledDrawPixel                 
000036e5  OrbitOledDrawRect                  
00003c3b  OrbitOledDrawString                
0000447f  OrbitOledDvrInit                   
00003769  OrbitOledFillRect                  
000038ad  OrbitOledGetBmp                    
00004a0d  OrbitOledGetCharUpdate             
00004989  OrbitOledGetCursor                 
00003599  OrbitOledGetDrawMode               
000035cb  OrbitOledGetPixel                  
000034ef  OrbitOledGetPos                    
00003523  OrbitOledGetStdPattern             
000043b5  OrbitOledHostInit                  
000043a1  OrbitOledInit                      
000035e5  OrbitOledLineTo                    
00003d31  OrbitOledMoveDown                  
00003d67  OrbitOledMoveLeft                  
00003d7f  OrbitOledMoveRight                 
000034a9  OrbitOledMoveTo                    
00003cf9  OrbitOledMoveUp                    
00003a0d  OrbitOledPutBmp                    
00004613  OrbitOledPutBuffer                 
00004a13  OrbitOledPutChar                   
00004a31  OrbitOledPutString                 
00003ca7  OrbitOledRopAnd                    
00003c83  OrbitOledRopOr                     
00003c59  OrbitOledRopSet                    
00003ccb  OrbitOledRopXor                    
000049f5  OrbitOledSetCharUpdate             
0000493d  OrbitOledSetCursor                 
0000350b  OrbitOledSetDrawColor              
00003545  OrbitOledSetDrawMode               
00003535  OrbitOledSetFillPattern            
000045b9  OrbitOledUpdate                    
00004b9d  OutputToDisplay                    
00004bd9  OutputToUART                       
20005058  PC4Read                            
00004085  PIDControlAlt                      
00003f7f  PIDControlYaw                      
000068dd  PWMGenConfigure                    
00006b13  PWMGenEnable                       
00006aab  PWMGenPeriodSet                    
00006a89  PWMOutputState                     
0000693f  PWMPulseWidthSet                   
000041fd  RefUpdate                          
00006b37  ResetISR                           
00006b7f  SSIBusy                            
00006ba1  SSIClockSourceSet                  
00006711  SSIConfigSetExpClk                 
00006b1f  SSIDataGet                         
00006b4d  SSIDataPut                         
00006b57  SSIEnable                          
000051fd  SetMainPWM                         
00005277  SetTailPWM                         
00004679  Ssi3PutByte                        
200027fc  State                              
00005825  SysCtlClockGet                     
00005b51  SysCtlClockSet                     
00006ba7  SysCtlDelay                        
000067f1  SysCtlPeripheralEnable             
0000674d  SysCtlPeripheralReady              
000063f5  SysCtlPeripheralReset              
00006abd  SysCtlReset                        
00006a4d  SysTickEnable                      
00006a61  SysTickIntEnable                   
0000604d  SysTickIntHandler                  
0000695d  SysTickIntRegister                 
00006acd  SysTickPeriodSet                   
000062e1  TimerConfigure                     
00006aeb  TimerEnable                        
00006b61  TimerValueGet                      
00006b6b  UARTCharPut                        
00006579  UARTConfigSetExpClk                
00006901  UARTDisable                        
00006a75  UARTEnable                         
00006b75  UARTFIFOEnable                     
0000610b  UARTSend                           
200027a8  YawControl                         
200027ac  YawDerivError                      
000050df  YawIntHandler                      
200027b0  Yaw_error                          
20005000  __STACK_END                        
00000800  __STACK_SIZE                       
20004a00  __STACK_TOP                        
00002000  __SYSMEM_SIZE                      
00007240  __TI_CINIT_Base                    
00007258  __TI_CINIT_Limit                   
00007220  __TI_Handler_Table_Base            
0000722c  __TI_Handler_Table_Limit           
00006649  __TI_auto_init_nobinit_nopinit     
00006211  __TI_decompress_lzss               
00006af9  __TI_decompress_none               
ffffffff  __TI_pprof_out_hndl                
ffffffff  __TI_prof_data_size                
ffffffff  __TI_prof_data_start               
00000000  __TI_static_base__                 
00006b2b  __TI_zero_init                     
00006531  __aeabi_d2iz                       
0000668d  __aeabi_d2uiz                      
00004ed7  __aeabi_dadd                       
00005a55  __aeabi_dmul                       
00004ecd  __aeabi_dsub                       
00006859  __aeabi_i2d                        
0000604b  __aeabi_idiv0                      
0000604b  __aeabi_ldiv0                      
00005fd1  __aeabi_memclr                     
00005fd1  __aeabi_memclr4                    
00005fd1  __aeabi_memclr8                    
00005ebb  __aeabi_memcpy                     
00005ebb  __aeabi_memcpy4                    
00005ebb  __aeabi_memcpy8                    
00005fd3  __aeabi_memset                     
00005fd3  __aeabi_memset4                    
00005fd3  __aeabi_memset8                    
000066d1  __aeabi_uidiv                      
000066d1  __aeabi_uidivmod                   
ffffffff  __binit__                          
ffffffff  __c_args__                         
UNDEFED   __mpu_init                         
20004800  __stack                            
00006825  _c_int00_noargs                    
20005064  _lock                              
00005083  _nop                               
20002800  _sys_memory                        
UNDEFED   _system_post_cinit                 
00006bad  _system_pre_init                   
20005068  _unlock                            
00006bb1  abort                              
0000593d  aligned_alloc                      
ffffffff  binit                              
200027b4  bnOledCur                          
00005427  bufferLocation                     
00006785  calloc                             
000048bf  checkButton                        
00003ea7  checkStability                     
200027fd  clrOledCur                         
000053b1  computeAltitude                    
200027b8  dxcoOledFontCur                    
200027bc  dycoOledFontCur                    
000005f1  eTaskGetState                      
200027c0  fOledCharUpdate                    
00003ef5  findYawRef                         
00005c45  free                               
00005e95  freeCircBuf                        
200027c4  g_pAltQueue                        
20000000  g_pfnRAMVectors                    
00000000  g_pfnVectors                       
0000417f  getMainDuty                        
0000419d  getMode                            
00004189  getTailDuty                        
00005085  getYaw                             
00004299  helicopterStates                   
0000536b  initADC                            
00006283  initAll                            
00005437  initAltTask                        
00004b81  initButtonCheck                    
0000471d  initButtons                        
00005e03  initCircBuf                        
000060a3  initClock                          
00004b41  initDisplay                        
00003df9  initSwitch_PC4                     
00006083  initSysTick                        
0000519d  initYaw                            
00005233  initialiseMainPWM                  
000052a9  initialiseTailPWM                  
000060c5  initialiseUSB_UART                 
00005305  initmotor                          
00004b49  introLine                          
00003f31  landing                            
000062cb  main                               
20005050  mainDuty                           
00006b87  malloc                             
0000593d  memalign                           
00005ebb  memcpy                             
00005fd9  memset                             
200027c8  modOledCur                         
20005063  mode                               
200027fe  nextState                          
20005061  paralysed                          
200027cc  pbOledCur                          
200027d0  pbOledFontCur                      
200027d4  pbOledFontUser                     
200027d8  pbOledPatCur                       
00002797  pcQueueGetName                     
00000bdb  pcTaskGetName                      
000053f9  percentAltitude                    
200027dc  pfnDoRop                           
00004b57  printString                        
00004d15  pvPortMalloc                       
0000165d  pvTaskIncrementMutexHeldCount      
20005000  pxCurrentTCB                       
0000548d  pxPortInitialiseStack              
00005e61  readCircBuf                        
20005062  ref_Found                          
000053ed  resetAltitude                      
000041cf  resetIntControl                    
000050d7  resetYaw                           
000052e9  resetmotor                         
00007148  rgbFillPat                         
2000226c  rgbOledBmp                         
00006bb4  rgbOledFont0                       
200025ac  rgbOledFontUser                    
00003eb9  setAltRef                          
00003ec9  setYawRef                          
200027e0  slot                               
20005084  slowTick                           
20005060  stable                             
2000505c  switchState                        
20005054  tailDuty                           
00003ee5  take_Off                           
000024e7  ucQueueGetQueueType                
000071f8  ulMaxSyscallInterruptPriority      
00005d39  ulPortGetIPSR                      
00001675  ulTaskNotifyTake                   
00001a7b  ulTaskNotifyValueClear             
00002d09  ulocaltime                         
00002f07  umktime                            
000047eb  updateButtons                      
00003e49  updateReset                        
00003481  urand                              
00002cd9  usnprintf                          
00002ca7  usprintf                           
00003471  usrand                             
000033e9  ustrcasecmp                        
0000345d  ustrcmp                            
000032ed  ustrlen                            
00003345  ustrncasecmp                       
000033fd  ustrncmp                           
00002825  ustrncpy                           
0000330f  ustrstr                            
000030b5  ustrtof                            
00002f7d  ustrtoul                           
0000287d  uvsnprintf                         
000057dd  uxListRemove                       
000024c7  uxQueueGetQueueNumber              
00002465  uxQueueMessagesWaiting             
0000249b  uxQueueMessagesWaitingFromISR      
0000247b  uxQueueSpacesAvailable             
00000bd5  uxTaskGetNumberOfTasks             
0000135d  uxTaskGetStackHighWaterMark        
00000c01  uxTaskGetSystemState               
000010f1  uxTaskGetTaskNumber                
000006a1  uxTaskPriorityGet                  
000006cd  uxTaskPriorityGetFromISR           
00001635  uxTaskResetEventItemValue          
00006279  vApplicationStackOverflowHook      
000056fb  vListInitialise                    
0000572b  vListInitialiseItem                
00005777  vListInsert                        
0000573b  vListInsertEnd                     
00005df5  vPortEnableVFP                     
0000552d  vPortEndScheduler                  
0000552f  vPortEnterCritical                 
0000554f  vPortExitCritical                  
00004e0d  vPortFree                          
00004e71  vPortInitialiseBlocks              
00005db1  vPortSVCHandler                    
0000558b  vPortSetupTimerInterrupt           
00005dd1  vPortStartFirstTask                
00002755  vQueueAddToRegistry                
000024b1  vQueueDelete                       
000024d5  vQueueSetQueueNumber               
000027d7  vQueueUnregisterQueue              
000005b3  vTaskDelay                         
00000523  vTaskDelayUntil                    
00000475  vTaskDelete                        
00000a99  vTaskEndScheduler                  
000011cd  vTaskGetInfo                       
0000103b  vTaskInternalSetTimeOutState       
000010e3  vTaskMissedYield                   
00001995  vTaskNotifyGiveFromISR             
00000ed7  vTaskPlaceOnEventList              
00000ef9  vTaskPlaceOnUnorderedEventList     
00001575  vTaskPriorityDisinheritAfterTimeout
00000715  vTaskPrioritySet                   
00000fb1  vTaskRemoveFromUnorderedEventList  
00000941  vTaskResume                        
00001111  vTaskSetTaskNumber                 
0000101d  vTaskSetTimeOutState               
00000a49  vTaskStartScheduler                
0000082d  vTaskSuspend                       
00000ab5  vTaskSuspendAll                    
00000e35  vTaskSwitchContext                 
00005e2d  writeCircBuf                       
00004e6b  xPortGetFreeHeapSize               
00005d51  xPortPendSVHandler                 
000054f7  xPortStartScheduler                
00005565  xPortSysTickHandler                
00001ccd  xQueueCreateMutex                  
00001c19  xQueueGenericCreate                
00001b79  xQueueGenericReset                 
00001d79  xQueueGenericSend                  
00001ea7  xQueueGenericSendFromISR           
00001f49  xQueueGiveFromISR                  
00001cf9  xQueueGiveMutexRecursive           
000026e9  xQueueIsQueueEmptyFromISR          
0000272f  xQueueIsQueueFullFromISR           
00002253  xQueuePeek                         
00002413  xQueuePeekFromISR                  
00001fdd  xQueueReceive                      
00002379  xQueueReceiveFromISR               
200026ac  xQueueRegistry                     
000020f7  xQueueSemaphoreTake                
00001d35  xQueueTakeMutexRecursive           
00000cd3  xTaskCatchUpTicks                  
00001065  xTaskCheckForTimeOut               
0000026d  xTaskCreate                        
0000179d  xTaskGenericNotify                 
00001889  xTaskGenericNotifyFromISR          
000013d5  xTaskGetCurrentTaskHandle          
00000bab  xTaskGetTickCount                  
00000bc1  xTaskGetTickCountFromISR           
00000d21  xTaskIncrementTick                 
00001a41  xTaskNotifyStateClear              
000016f5  xTaskNotifyWait                    
000014d7  xTaskPriorityDisinherit            
00001409  xTaskPriorityInherit               
00000f31  xTaskRemoveFromEventList           
00000ac9  xTaskResumeAll                     
000009bb  xTaskResumeFromISR                 
200027e4  xchOledCur                         
200027e8  xchOledMax                         
200027ec  xcoOledCur                         
000051db  yawTask                            
200027f0  ychOledCur                         
200027f4  ychOledMax                         
200027f8  ycoOledCur                         


GLOBAL SYMBOLS: SORTED BY Symbol Address 

address   name                               
-------   ----                               
00000000  __TI_static_base__                 
00000000  g_pfnVectors                       
0000026d  xTaskCreate                        
00000475  vTaskDelete                        
00000523  vTaskDelayUntil                    
000005b3  vTaskDelay                         
000005f1  eTaskGetState                      
000006a1  uxTaskPriorityGet                  
000006cd  uxTaskPriorityGetFromISR           
00000715  vTaskPrioritySet                   
00000800  __STACK_SIZE                       
0000082d  vTaskSuspend                       
00000941  vTaskResume                        
000009bb  xTaskResumeFromISR                 
00000a49  vTaskStartScheduler                
00000a99  vTaskEndScheduler                  
00000ab5  vTaskSuspendAll                    
00000ac9  xTaskResumeAll                     
00000bab  xTaskGetTickCount                  
00000bc1  xTaskGetTickCountFromISR           
00000bd5  uxTaskGetNumberOfTasks             
00000bdb  pcTaskGetName                      
00000c01  uxTaskGetSystemState               
00000cd3  xTaskCatchUpTicks                  
00000d21  xTaskIncrementTick                 
00000e35  vTaskSwitchContext                 
00000ed7  vTaskPlaceOnEventList              
00000ef9  vTaskPlaceOnUnorderedEventList     
00000f31  xTaskRemoveFromEventList           
00000fb1  vTaskRemoveFromUnorderedEventList  
0000101d  vTaskSetTimeOutState               
0000103b  vTaskInternalSetTimeOutState       
00001065  xTaskCheckForTimeOut               
000010e3  vTaskMissedYield                   
000010f1  uxTaskGetTaskNumber                
00001111  vTaskSetTaskNumber                 
000011cd  vTaskGetInfo                       
0000135d  uxTaskGetStackHighWaterMark        
000013d5  xTaskGetCurrentTaskHandle          
00001409  xTaskPriorityInherit               
000014d7  xTaskPriorityDisinherit            
00001575  vTaskPriorityDisinheritAfterTimeout
00001635  uxTaskResetEventItemValue          
0000165d  pvTaskIncrementMutexHeldCount      
00001675  ulTaskNotifyTake                   
000016f5  xTaskNotifyWait                    
0000179d  xTaskGenericNotify                 
00001889  xTaskGenericNotifyFromISR          
00001995  vTaskNotifyGiveFromISR             
00001a41  xTaskNotifyStateClear              
00001a7b  ulTaskNotifyValueClear             
00001b79  xQueueGenericReset                 
00001c19  xQueueGenericCreate                
00001ccd  xQueueCreateMutex                  
00001cf9  xQueueGiveMutexRecursive           
00001d35  xQueueTakeMutexRecursive           
00001d79  xQueueGenericSend                  
00001ea7  xQueueGenericSendFromISR           
00001f49  xQueueGiveFromISR                  
00001fdd  xQueueReceive                      
00002000  __SYSMEM_SIZE                      
000020f7  xQueueSemaphoreTake                
00002253  xQueuePeek                         
00002379  xQueueReceiveFromISR               
00002413  xQueuePeekFromISR                  
00002465  uxQueueMessagesWaiting             
0000247b  uxQueueSpacesAvailable             
0000249b  uxQueueMessagesWaitingFromISR      
000024b1  vQueueDelete                       
000024c7  uxQueueGetQueueNumber              
000024d5  vQueueSetQueueNumber               
000024e7  ucQueueGetQueueType                
000026e9  xQueueIsQueueEmptyFromISR          
0000272f  xQueueIsQueueFullFromISR           
00002755  vQueueAddToRegistry                
00002797  pcQueueGetName                     
000027d7  vQueueUnregisterQueue              
00002825  ustrncpy                           
0000287d  uvsnprintf                         
00002ca7  usprintf                           
00002cd9  usnprintf                          
00002d09  ulocaltime                         
00002f07  umktime                            
00002f7d  ustrtoul                           
000030b5  ustrtof                            
000032ed  ustrlen                            
0000330f  ustrstr                            
00003345  ustrncasecmp                       
000033e9  ustrcasecmp                        
000033fd  ustrncmp                           
0000345d  ustrcmp                            
00003471  usrand                             
00003481  urand                              
000034a9  OrbitOledMoveTo                    
000034ef  OrbitOledGetPos                    
0000350b  OrbitOledSetDrawColor              
00003523  OrbitOledGetStdPattern             
00003535  OrbitOledSetFillPattern            
00003545  OrbitOledSetDrawMode               
00003599  OrbitOledGetDrawMode               
0000359f  OrbitOledDrawPixel                 
000035cb  OrbitOledGetPixel                  
000035e5  OrbitOledLineTo                    
000036e5  OrbitOledDrawRect                  
00003769  OrbitOledFillRect                  
000038ad  OrbitOledGetBmp                    
00003a0d  OrbitOledPutBmp                    
00003bdb  OrbitOledDrawChar                  
00003c3b  OrbitOledDrawString                
00003c59  OrbitOledRopSet                    
00003c83  OrbitOledRopOr                     
00003ca7  OrbitOledRopAnd                    
00003ccb  OrbitOledRopXor                    
00003cf9  OrbitOledMoveUp                    
00003d31  OrbitOledMoveDown                  
00003d67  OrbitOledMoveLeft                  
00003d7f  OrbitOledMoveRight                 
00003d99  OrbitOledClampXco                  
00003db9  OrbitOledClampYco                  
00003df9  initSwitch_PC4                     
00003e49  updateReset                        
00003e6b  GetSwitchState                     
00003ea7  checkStability                     
00003eb9  setAltRef                          
00003ec9  setYawRef                          
00003ed9  GetAltRef                          
00003edf  GetYawRef                          
00003ee5  take_Off                           
00003ef5  findYawRef                         
00003f31  landing                            
00003f7f  PIDControlYaw                      
00004085  PIDControlAlt                      
0000417f  getMainDuty                        
00004189  getTailDuty                        
0000419d  getMode                            
000041cf  resetIntControl                    
000041fd  RefUpdate                          
00004299  helicopterStates                   
000043a1  OrbitOledInit                      
000043b5  OrbitOledHostInit                  
0000447f  OrbitOledDvrInit                   
000044f9  OrbitOledDevInit                   
0000457d  OrbitOledClear                     
00004589  OrbitOledClearBuffer               
000045b9  OrbitOledUpdate                    
00004613  OrbitOledPutBuffer                 
00004679  Ssi3PutByte                        
0000471d  initButtons                        
000047eb  updateButtons                      
000048bf  checkButton                        
0000493d  OrbitOledSetCursor                 
00004989  OrbitOledGetCursor                 
000049a5  OrbitOledDefUserChar               
000049f5  OrbitOledSetCharUpdate             
00004a0d  OrbitOledGetCharUpdate             
00004a13  OrbitOledPutChar                   
00004a31  OrbitOledPutString                 
00004a5d  OrbitOledDrawGlyph                 
00004ad5  OrbitOledAdvanceCursor             
00004b41  initDisplay                        
00004b49  introLine                          
00004b57  printString                        
00004b81  initButtonCheck                    
00004b9d  OutputToDisplay                    
00004bd9  OutputToUART                       
00004d15  pvPortMalloc                       
00004e0d  vPortFree                          
00004e6b  xPortGetFreeHeapSize               
00004e71  vPortInitialiseBlocks              
00004ecd  __aeabi_dsub                       
00004ed7  __aeabi_dadd                       
00005083  _nop                               
00005085  getYaw                             
000050d7  resetYaw                           
000050df  YawIntHandler                      
0000519d  initYaw                            
000051db  yawTask                            
000051fd  SetMainPWM                         
00005233  initialiseMainPWM                  
00005277  SetTailPWM                         
000052a9  initialiseTailPWM                  
000052e9  resetmotor                         
00005305  initmotor                          
0000534d  ADCIntHandler                      
0000536b  initADC                            
000053b1  computeAltitude                    
000053ed  resetAltitude                      
000053f9  percentAltitude                    
00005427  bufferLocation                     
00005437  initAltTask                        
0000548d  pxPortInitialiseStack              
000054f7  xPortStartScheduler                
0000552d  vPortEndScheduler                  
0000552f  vPortEnterCritical                 
0000554f  vPortExitCritical                  
00005565  xPortSysTickHandler                
0000558b  vPortSetupTimerInterrupt           
000055c9  GPIOPadConfigSet                   
000056fb  vListInitialise                    
0000572b  vListInitialiseItem                
0000573b  vListInsertEnd                     
00005777  vListInsert                        
000057dd  uxListRemove                       
00005825  SysCtlClockGet                     
0000593d  aligned_alloc                      
0000593d  memalign                           
00005a55  __aeabi_dmul                       
00005b51  SysCtlClockSet                     
00005c45  free                               
00005d39  ulPortGetIPSR                      
00005d51  xPortPendSVHandler                 
00005db1  vPortSVCHandler                    
00005dd1  vPortStartFirstTask                
00005df5  vPortEnableVFP                     
00005e03  initCircBuf                        
00005e2d  writeCircBuf                       
00005e61  readCircBuf                        
00005e95  freeCircBuf                        
00005ebb  __aeabi_memcpy                     
00005ebb  __aeabi_memcpy4                    
00005ebb  __aeabi_memcpy8                    
00005ebb  memcpy                             
00005f57  ADCSequenceStepConfigure           
00005fd1  __aeabi_memclr                     
00005fd1  __aeabi_memclr4                    
00005fd1  __aeabi_memclr8                    
00005fd3  __aeabi_memset                     
00005fd3  __aeabi_memset4                    
00005fd3  __aeabi_memset8                    
00005fd9  memset                             
0000604b  __aeabi_idiv0                      
0000604b  __aeabi_ldiv0                      
0000604d  SysTickIntHandler                  
00006083  initSysTick                        
000060a3  initClock                          
000060c5  initialiseUSB_UART                 
0000610b  UARTSend                           
000061a9  IntEnable                          
00006211  __TI_decompress_lzss               
00006279  vApplicationStackOverflowHook      
00006283  initAll                            
000062cb  main                               
000062e1  TimerConfigure                     
00006341  DelayInit                          
0000635b  DelayMs                            
0000639d  GPIOIntTypeSet                     
000063f5  SysCtlPeripheralReset              
00006495  ADCSequenceConfigure               
000064e5  GPIOPinConfigure                   
00006531  __aeabi_d2iz                       
00006579  UARTConfigSetExpClk                
000065c1  OLEDStringDraw                     
000065e7  OLEDInitialise                     
00006649  __TI_auto_init_nobinit_nopinit     
0000668d  __aeabi_d2uiz                      
000066d1  __aeabi_uidiv                      
000066d1  __aeabi_uidivmod                   
00006711  SSIConfigSetExpClk                 
0000674d  SysCtlPeripheralReady              
00006785  calloc                             
000067bd  IntRegister                        
000067f1  SysCtlPeripheralEnable             
00006825  _c_int00_noargs                    
00006859  __aeabi_i2d                        
00006887  GPIODirModeSet                     
000068dd  PWMGenConfigure                    
00006901  UARTDisable                        
00006921  ADCSequenceDataGet                 
0000693f  PWMPulseWidthSet                   
0000695d  SysTickIntRegister                 
00006995  ADCIntRegister                     
000069ad  ADCProcessorTrigger                
000069c5  GPIOIntRegister                    
000069dd  GPIOPinTypeGPIOOutput              
000069f5  GPIOPinTypeGPIOInput               
00006a0b  GPIOPinTypePWM                     
00006a21  GPIOPinTypeSSI                     
00006a37  GPIOPinTypeUART                    
00006a4d  SysTickEnable                      
00006a61  SysTickIntEnable                   
00006a75  UARTEnable                         
00006a89  PWMOutputState                     
00006a9b  ADCIntEnable                       
00006aab  PWMGenPeriodSet                    
00006abd  SysCtlReset                        
00006acd  SysTickPeriodSet                   
00006add  ADCSequenceEnable                  
00006aeb  TimerEnable                        
00006af9  __TI_decompress_none               
00006b07  GPIOIntEnable                      
00006b13  PWMGenEnable                       
00006b1f  SSIDataGet                         
00006b2b  __TI_zero_init                     
00006b37  ResetISR                           
00006b43  ADCIntClear                        
00006b4d  SSIDataPut                         
00006b57  SSIEnable                          
00006b61  TimerValueGet                      
00006b6b  UARTCharPut                        
00006b75  UARTFIFOEnable                     
00006b7f  SSIBusy                            
00006b87  malloc                             
00006b8f  GPIOIntClear                       
00006b95  GPIOPinRead                        
00006b9b  GPIOPinWrite                       
00006ba1  SSIClockSourceSet                  
00006ba7  SysCtlDelay                        
00006bad  _system_pre_init                   
00006bb1  C$$EXIT                            
00006bb1  abort                              
00006bb4  rgbOledFont0                       
00007148  rgbFillPat                         
000071f8  ulMaxSyscallInterruptPriority      
00007220  __TI_Handler_Table_Base            
0000722c  __TI_Handler_Table_Limit           
00007240  __TI_CINIT_Base                    
00007258  __TI_CINIT_Limit                   
20000000  g_pfnRAMVectors                    
2000226c  rgbOledBmp                         
200025ac  rgbOledFontUser                    
200026ac  xQueueRegistry                     
200027a0  AltControl                         
200027a4  AltDerivError                      
200027a8  YawControl                         
200027ac  YawDerivError                      
200027b0  Yaw_error                          
200027b4  bnOledCur                          
200027b8  dxcoOledFontCur                    
200027bc  dycoOledFontCur                    
200027c0  fOledCharUpdate                    
200027c4  g_pAltQueue                        
200027c8  modOledCur                         
200027cc  pbOledCur                          
200027d0  pbOledFontCur                      
200027d4  pbOledFontUser                     
200027d8  pbOledPatCur                       
200027dc  pfnDoRop                           
200027e0  slot                               
200027e4  xchOledCur                         
200027e8  xchOledMax                         
200027ec  xcoOledCur                         
200027f0  ychOledCur                         
200027f4  ychOledMax                         
200027f8  ycoOledCur                         
200027fc  State                              
200027fd  clrOledCur                         
200027fe  nextState                          
20002800  _sys_memory                        
20004800  __stack                            
20004a00  __STACK_TOP                        
20005000  __STACK_END                        
20005000  pxCurrentTCB                       
2000504c  Alt_error                          
20005050  mainDuty                           
20005054  tailDuty                           
20005058  PC4Read                            
2000505c  switchState                        
20005060  stable                             
20005061  paralysed                          
20005062  ref_Found                          
20005063  mode                               
20005064  _lock                              
20005068  _unlock                            
20005084  slowTick                           
ffffffff  __TI_pprof_out_hndl                
ffffffff  __TI_prof_data_size                
ffffffff  __TI_prof_data_start               
ffffffff  __binit__                          
ffffffff  __c_args__                         
ffffffff  binit                              
UNDEFED   __mpu_init                         
UNDEFED   _system_post_cinit                 

[372 symbols]
