<?xml version="1.0" encoding="ISO-8859-1" ?>
<link_info>
   <banner>TI ARM Linker PC v18.12.4.LTS</banner>
   <copyright>Copyright (c) 1996-2018 Texas Instruments Incorporated</copyright>
   <link_time>0x5f2929e7</link_time>
   <link_errors>0x0</link_errors>
   <output_file>FreeRTOS_Initial.out</output_file>
   <entry_point>
      <name>_c_int00_noargs</name>
      <address>0x68b5</address>
   </entry_point>
   <input_file_list>
      <input_file id="fl-2">
         <path>.\</path>
         <kind>object</kind>
         <file>altitude.obj</file>
         <name>altitude.obj</name>
      </input_file>
      <input_file id="fl-3">
         <path>.\</path>
         <kind>object</kind>
         <file>buttons4.obj</file>
         <name>buttons4.obj</name>
      </input_file>
      <input_file id="fl-4">
         <path>.\</path>
         <kind>object</kind>
         <file>circBufT.obj</file>
         <name>circBufT.obj</name>
      </input_file>
      <input_file id="fl-5">
         <path>.\</path>
         <kind>object</kind>
         <file>control.obj</file>
         <name>control.obj</name>
      </input_file>
      <input_file id="fl-6">
         <path>.\</path>
         <kind>object</kind>
         <file>display.obj</file>
         <name>display.obj</name>
      </input_file>
      <input_file id="fl-7">
         <path>.\</path>
         <kind>object</kind>
         <file>main.obj</file>
         <name>main.obj</name>
      </input_file>
      <input_file id="fl-8">
         <path>.\</path>
         <kind>object</kind>
         <file>motor.obj</file>
         <name>motor.obj</name>
      </input_file>
      <input_file id="fl-9">
         <path>.\</path>
         <kind>object</kind>
         <file>system.obj</file>
         <name>system.obj</name>
      </input_file>
      <input_file id="fl-a">
         <path>.\</path>
         <kind>object</kind>
         <file>tm4c123gh6pm_startup_ccs.obj</file>
         <name>tm4c123gh6pm_startup_ccs.obj</name>
      </input_file>
      <input_file id="fl-b">
         <path>.\</path>
         <kind>object</kind>
         <file>uart.obj</file>
         <name>uart.obj</name>
      </input_file>
      <input_file id="fl-c">
         <path>.\</path>
         <kind>object</kind>
         <file>ustdlib.obj</file>
         <name>ustdlib.obj</name>
      </input_file>
      <input_file id="fl-d">
         <path>.\</path>
         <kind>object</kind>
         <file>yaw.obj</file>
         <name>yaw.obj</name>
      </input_file>
      <input_file id="fl-e">
         <path>.\FreeRTOS\</path>
         <kind>object</kind>
         <file>croutine.obj</file>
         <name>croutine.obj</name>
      </input_file>
      <input_file id="fl-f">
         <path>.\FreeRTOS\</path>
         <kind>object</kind>
         <file>event_groups.obj</file>
         <name>event_groups.obj</name>
      </input_file>
      <input_file id="fl-10">
         <path>.\FreeRTOS\</path>
         <kind>object</kind>
         <file>list.obj</file>
         <name>list.obj</name>
      </input_file>
      <input_file id="fl-11">
         <path>.\FreeRTOS\</path>
         <kind>object</kind>
         <file>queue.obj</file>
         <name>queue.obj</name>
      </input_file>
      <input_file id="fl-12">
         <path>.\FreeRTOS\</path>
         <kind>object</kind>
         <file>stream_buffer.obj</file>
         <name>stream_buffer.obj</name>
      </input_file>
      <input_file id="fl-13">
         <path>.\FreeRTOS\</path>
         <kind>object</kind>
         <file>tasks.obj</file>
         <name>tasks.obj</name>
      </input_file>
      <input_file id="fl-14">
         <path>.\FreeRTOS\</path>
         <kind>object</kind>
         <file>timers.obj</file>
         <name>timers.obj</name>
      </input_file>
      <input_file id="fl-15">
         <path>.\FreeRTOS\portable\CCS\ARM_CM4F\</path>
         <kind>object</kind>
         <file>port.obj</file>
         <name>port.obj</name>
      </input_file>
      <input_file id="fl-16">
         <path>.\FreeRTOS\portable\CCS\ARM_CM4F\</path>
         <kind>object</kind>
         <file>portasm.obj</file>
         <name>portasm.obj</name>
      </input_file>
      <input_file id="fl-17">
         <path>.\FreeRTOS\portable\MemMang\</path>
         <kind>object</kind>
         <file>heap_2.obj</file>
         <name>heap_2.obj</name>
      </input_file>
      <input_file id="fl-18">
         <path>.\OrbitOLED\</path>
         <kind>object</kind>
         <file>OrbitOLEDInterface.obj</file>
         <name>OrbitOLEDInterface.obj</name>
      </input_file>
      <input_file id="fl-19">
         <path>.\OrbitOLED\lib_OrbitOled\</path>
         <kind>object</kind>
         <file>ChrFont0.obj</file>
         <name>ChrFont0.obj</name>
      </input_file>
      <input_file id="fl-1a">
         <path>.\OrbitOLED\lib_OrbitOled\</path>
         <kind>object</kind>
         <file>FillPat.obj</file>
         <name>FillPat.obj</name>
      </input_file>
      <input_file id="fl-1b">
         <path>.\OrbitOLED\lib_OrbitOled\</path>
         <kind>object</kind>
         <file>OrbitOled.obj</file>
         <name>OrbitOled.obj</name>
      </input_file>
      <input_file id="fl-1c">
         <path>.\OrbitOLED\lib_OrbitOled\</path>
         <kind>object</kind>
         <file>OrbitOledChar.obj</file>
         <name>OrbitOledChar.obj</name>
      </input_file>
      <input_file id="fl-1d">
         <path>.\OrbitOLED\lib_OrbitOled\</path>
         <kind>object</kind>
         <file>OrbitOledGrph.obj</file>
         <name>OrbitOledGrph.obj</name>
      </input_file>
      <input_file id="fl-1e">
         <path>.\OrbitOLED\lib_OrbitOled\</path>
         <kind>object</kind>
         <file>delay.obj</file>
         <name>delay.obj</name>
      </input_file>
      <input_file id="fl-23">
         <kind>object</kind>
         <file>&lt;internal&gt;</file>
         <name>&lt;internal&gt;</name>
      </input_file>
      <input_file id="fl-d9">
         <path>C:\ti\ccs920\ccs\tools\compiler\ti-cgt-arm_18.12.4.LTS\lib\</path>
         <kind>archive</kind>
         <file>rtsv7M4_T_le_v4SPD16_eabi.lib</file>
         <name>fd_add_t2.asm.obj</name>
      </input_file>
      <input_file id="fl-da">
         <path>C:\ti\ccs920\ccs\tools\compiler\ti-cgt-arm_18.12.4.LTS\lib\</path>
         <kind>archive</kind>
         <file>rtsv7M4_T_le_v4SPD16_eabi.lib</file>
         <name>fd_mul_t2.asm.obj</name>
      </input_file>
      <input_file id="fl-db">
         <path>C:\ti\ccs920\ccs\tools\compiler\ti-cgt-arm_18.12.4.LTS\lib\</path>
         <kind>archive</kind>
         <file>rtsv7M4_T_le_v4SPD16_eabi.lib</file>
         <name>fd_toi_t2.asm.obj</name>
      </input_file>
      <input_file id="fl-dc">
         <path>C:\ti\ccs920\ccs\tools\compiler\ti-cgt-arm_18.12.4.LTS\lib\</path>
         <kind>archive</kind>
         <file>rtsv7M4_T_le_v4SPD16_eabi.lib</file>
         <name>fd_tou_t2.asm.obj</name>
      </input_file>
      <input_file id="fl-dd">
         <path>C:\ti\ccs920\ccs\tools\compiler\ti-cgt-arm_18.12.4.LTS\lib\</path>
         <kind>archive</kind>
         <file>rtsv7M4_T_le_v4SPD16_eabi.lib</file>
         <name>i_tofd_t2.asm.obj</name>
      </input_file>
      <input_file id="fl-de">
         <path>C:\ti\ccs920\ccs\tools\compiler\ti-cgt-arm_18.12.4.LTS\lib\</path>
         <kind>archive</kind>
         <file>rtsv7M4_T_le_v4SPD16_eabi.lib</file>
         <name>memcpy_t2.asm.obj</name>
      </input_file>
      <input_file id="fl-df">
         <path>C:\ti\ccs920\ccs\tools\compiler\ti-cgt-arm_18.12.4.LTS\lib\</path>
         <kind>archive</kind>
         <file>rtsv7M4_T_le_v4SPD16_eabi.lib</file>
         <name>u_divt2.asm.obj</name>
      </input_file>
      <input_file id="fl-e0">
         <path>C:\ti\ccs920\ccs\tools\compiler\ti-cgt-arm_18.12.4.LTS\lib\</path>
         <kind>archive</kind>
         <file>rtsv7M4_T_le_v4SPD16_eabi.lib</file>
         <name>memset_t2.asm.obj</name>
      </input_file>
      <input_file id="fl-e1">
         <path>C:\ti\ccs920\ccs\tools\compiler\ti-cgt-arm_18.12.4.LTS\lib\</path>
         <kind>archive</kind>
         <file>rtsv7M4_T_le_v4SPD16_eabi.lib</file>
         <name>copy_zero_init.c.obj</name>
      </input_file>
      <input_file id="fl-e2">
         <path>C:\ti\ccs920\ccs\tools\compiler\ti-cgt-arm_18.12.4.LTS\lib\</path>
         <kind>archive</kind>
         <file>rtsv7M4_T_le_v4SPD16_eabi.lib</file>
         <name>copy_decompress_none.c.obj</name>
      </input_file>
      <input_file id="fl-e3">
         <path>C:\ti\ccs920\ccs\tools\compiler\ti-cgt-arm_18.12.4.LTS\lib\</path>
         <kind>archive</kind>
         <file>rtsv7M4_T_le_v4SPD16_eabi.lib</file>
         <name>copy_decompress_lzss.c.obj</name>
      </input_file>
      <input_file id="fl-e4">
         <path>C:\ti\ccs920\ccs\tools\compiler\ti-cgt-arm_18.12.4.LTS\lib\</path>
         <kind>archive</kind>
         <file>rtsv7M4_T_le_v4SPD16_eabi.lib</file>
         <name>memory.c.obj</name>
      </input_file>
      <input_file id="fl-e5">
         <path>C:\ti\ccs920\ccs\tools\compiler\ti-cgt-arm_18.12.4.LTS\lib\</path>
         <kind>archive</kind>
         <file>rtsv7M4_T_le_v4SPD16_eabi.lib</file>
         <name>boot_cortex_m.c.obj</name>
      </input_file>
      <input_file id="fl-e6">
         <path>C:\ti\ccs920\ccs\tools\compiler\ti-cgt-arm_18.12.4.LTS\lib\</path>
         <kind>archive</kind>
         <file>rtsv7M4_T_le_v4SPD16_eabi.lib</file>
         <name>div0.asm.obj</name>
      </input_file>
      <input_file id="fl-e7">
         <path>C:\ti\ccs920\ccs\tools\compiler\ti-cgt-arm_18.12.4.LTS\lib\</path>
         <kind>archive</kind>
         <file>rtsv7M4_T_le_v4SPD16_eabi.lib</file>
         <name>autoinit.c.obj</name>
      </input_file>
      <input_file id="fl-e8">
         <path>C:\ti\ccs920\ccs\tools\compiler\ti-cgt-arm_18.12.4.LTS\lib\</path>
         <kind>archive</kind>
         <file>rtsv7M4_T_le_v4SPD16_eabi.lib</file>
         <name>pre_init.c.obj</name>
      </input_file>
      <input_file id="fl-e9">
         <path>C:\ti\ccs920\ccs\tools\compiler\ti-cgt-arm_18.12.4.LTS\lib\</path>
         <kind>archive</kind>
         <file>rtsv7M4_T_le_v4SPD16_eabi.lib</file>
         <name>cpy_tbl.c.obj</name>
      </input_file>
      <input_file id="fl-ea">
         <path>C:\ti\ccs920\ccs\tools\compiler\ti-cgt-arm_18.12.4.LTS\lib\</path>
         <kind>archive</kind>
         <file>rtsv7M4_T_le_v4SPD16_eabi.lib</file>
         <name>exit.c.obj</name>
      </input_file>
      <input_file id="fl-eb">
         <path>C:\ti\ccs920\ccs\tools\compiler\ti-cgt-arm_18.12.4.LTS\lib\</path>
         <kind>archive</kind>
         <file>rtsv7M4_T_le_v4SPD16_eabi.lib</file>
         <name>_lock.c.obj</name>
      </input_file>
      <input_file id="fl-ec">
         <path>C:\ti\ccs920\ccs\tools\compiler\ti-cgt-arm_18.12.4.LTS\lib\</path>
         <kind>archive</kind>
         <file>rtsv7M4_T_le_v4SPD16_eabi.lib</file>
         <name>args_main.c.obj</name>
      </input_file>
      <input_file id="fl-ed">
         <path>C:\ti\TivaWare_C_Series-2.1.4.178\driverlib\ccs\Debug\</path>
         <kind>archive</kind>
         <file>driverlib.lib</file>
         <name>adc.obj</name>
      </input_file>
      <input_file id="fl-ee">
         <path>C:\ti\TivaWare_C_Series-2.1.4.178\driverlib\ccs\Debug\</path>
         <kind>archive</kind>
         <file>driverlib.lib</file>
         <name>gpio.obj</name>
      </input_file>
      <input_file id="fl-ef">
         <path>C:\ti\TivaWare_C_Series-2.1.4.178\driverlib\ccs\Debug\</path>
         <kind>archive</kind>
         <file>driverlib.lib</file>
         <name>interrupt.obj</name>
      </input_file>
      <input_file id="fl-f0">
         <path>C:\ti\TivaWare_C_Series-2.1.4.178\driverlib\ccs\Debug\</path>
         <kind>archive</kind>
         <file>driverlib.lib</file>
         <name>pwm.obj</name>
      </input_file>
      <input_file id="fl-f1">
         <path>C:\ti\TivaWare_C_Series-2.1.4.178\driverlib\ccs\Debug\</path>
         <kind>archive</kind>
         <file>driverlib.lib</file>
         <name>ssi.obj</name>
      </input_file>
      <input_file id="fl-f2">
         <path>C:\ti\TivaWare_C_Series-2.1.4.178\driverlib\ccs\Debug\</path>
         <kind>archive</kind>
         <file>driverlib.lib</file>
         <name>sysctl.obj</name>
      </input_file>
      <input_file id="fl-f3">
         <path>C:\ti\TivaWare_C_Series-2.1.4.178\driverlib\ccs\Debug\</path>
         <kind>archive</kind>
         <file>driverlib.lib</file>
         <name>systick.obj</name>
      </input_file>
      <input_file id="fl-f4">
         <path>C:\ti\TivaWare_C_Series-2.1.4.178\driverlib\ccs\Debug\</path>
         <kind>archive</kind>
         <file>driverlib.lib</file>
         <name>timer.obj</name>
      </input_file>
      <input_file id="fl-f5">
         <path>C:\ti\TivaWare_C_Series-2.1.4.178\driverlib\ccs\Debug\</path>
         <kind>archive</kind>
         <file>driverlib.lib</file>
         <name>uart.obj</name>
      </input_file>
      <input_file id="fl-f6">
         <path>C:\ti\TivaWare_C_Series-2.1.4.178\driverlib\ccs\Debug\</path>
         <kind>archive</kind>
         <file>driverlib.lib</file>
         <name>cpu.obj</name>
      </input_file>
   </input_file_list>
   <object_component_list>
      <object_component id="oc-f">
         <name>.intvecs</name>
         <load_address>0x0</load_address>
         <run_address>0x0</run_address>
         <size>0x26c</size>
         <input_file_ref idref="fl-a"/>
      </object_component>
      <object_component id="oc-83">
         <name>.text</name>
         <load_address>0x26c</load_address>
         <run_address>0x26c</run_address>
         <size>0x190c</size>
         <input_file_ref idref="fl-13"/>
      </object_component>
      <object_component id="oc-2b1">
         <name>.text</name>
         <load_address>0x1b78</load_address>
         <run_address>0x1b78</run_address>
         <size>0xcac</size>
         <input_file_ref idref="fl-11"/>
      </object_component>
      <object_component id="oc-279">
         <name>.text</name>
         <load_address>0x2824</load_address>
         <run_address>0x2824</run_address>
         <size>0xc84</size>
         <input_file_ref idref="fl-c"/>
      </object_component>
      <object_component id="oc-4a4">
         <name>.text</name>
         <load_address>0x34a8</load_address>
         <run_address>0x34a8</run_address>
         <size>0x950</size>
         <input_file_ref idref="fl-1d"/>
      </object_component>
      <object_component id="oc-168">
         <name>.text</name>
         <load_address>0x3df8</load_address>
         <run_address>0x3df8</run_address>
         <size>0x5a8</size>
         <input_file_ref idref="fl-5"/>
      </object_component>
      <object_component id="oc-3c6">
         <name>.text</name>
         <load_address>0x43a0</load_address>
         <run_address>0x43a0</run_address>
         <size>0x37c</size>
         <input_file_ref idref="fl-1b"/>
      </object_component>
      <object_component id="oc-162">
         <name>.text</name>
         <load_address>0x471c</load_address>
         <run_address>0x471c</run_address>
         <size>0x220</size>
         <input_file_ref idref="fl-3"/>
      </object_component>
      <object_component id="oc-3c0">
         <name>.text</name>
         <load_address>0x493c</load_address>
         <run_address>0x493c</run_address>
         <size>0x204</size>
         <input_file_ref idref="fl-1c"/>
      </object_component>
      <object_component id="oc-150">
         <name>.text</name>
         <load_address>0x4b40</load_address>
         <run_address>0x4b40</run_address>
         <size>0x1d4</size>
         <input_file_ref idref="fl-6"/>
      </object_component>
      <object_component id="oc-ee">
         <name>.text</name>
         <load_address>0x4d14</load_address>
         <run_address>0x4d14</run_address>
         <size>0x1b8</size>
         <input_file_ref idref="fl-17"/>
      </object_component>
      <object_component id="oc-319">
         <name>.text</name>
         <load_address>0x4ecc</load_address>
         <run_address>0x4ecc</run_address>
         <size>0x1b6</size>
         <input_file_ref idref="fl-d9"/>
      </object_component>
      <object_component id="oc-463">
         <name>.text:_nop</name>
         <load_address>0x5082</load_address>
         <run_address>0x5082</run_address>
         <size>0x2</size>
         <input_file_ref idref="fl-eb"/>
      </object_component>
      <object_component id="oc-15c">
         <name>.text</name>
         <load_address>0x5084</load_address>
         <run_address>0x5084</run_address>
         <size>0x170</size>
         <input_file_ref idref="fl-d"/>
      </object_component>
      <object_component id="oc-156">
         <name>.text</name>
         <load_address>0x51f4</load_address>
         <run_address>0x51f4</run_address>
         <size>0x150</size>
         <input_file_ref idref="fl-2"/>
      </object_component>
      <object_component id="oc-14a">
         <name>.text</name>
         <load_address>0x5344</load_address>
         <run_address>0x5344</run_address>
         <size>0x150</size>
         <input_file_ref idref="fl-8"/>
      </object_component>
      <object_component id="oc-32">
         <name>.text</name>
         <load_address>0x5494</load_address>
         <run_address>0x5494</run_address>
         <size>0x13c</size>
         <input_file_ref idref="fl-15"/>
      </object_component>
      <object_component id="oc-2d1">
         <name>.text:GPIOPadConfigSet</name>
         <load_address>0x55d0</load_address>
         <run_address>0x55d0</run_address>
         <size>0x132</size>
         <input_file_ref idref="fl-ee"/>
      </object_component>
      <object_component id="oc-f4">
         <name>.text</name>
         <load_address>0x5702</load_address>
         <run_address>0x5702</run_address>
         <size>0x12a</size>
         <input_file_ref idref="fl-10"/>
      </object_component>
      <object_component id="oc-17a">
         <name>.text:SysCtlClockGet</name>
         <load_address>0x582c</load_address>
         <run_address>0x582c</run_address>
         <size>0x118</size>
         <input_file_ref idref="fl-f2"/>
      </object_component>
      <object_component id="oc-529">
         <name>.text:aligned_alloc</name>
         <load_address>0x5944</load_address>
         <run_address>0x5944</run_address>
         <size>0x118</size>
         <input_file_ref idref="fl-e4"/>
      </object_component>
      <object_component id="oc-314">
         <name>.text</name>
         <load_address>0x5a5c</load_address>
         <run_address>0x5a5c</run_address>
         <size>0xfc</size>
         <input_file_ref idref="fl-da"/>
      </object_component>
      <object_component id="oc-22f">
         <name>.text:SysCtlClockSet</name>
         <load_address>0x5b58</load_address>
         <run_address>0x5b58</run_address>
         <size>0xf4</size>
         <input_file_ref idref="fl-f2"/>
      </object_component>
      <object_component id="oc-c6">
         <name>.text</name>
         <load_address>0x5c4c</load_address>
         <run_address>0x5c4c</run_address>
         <size>0xf0</size>
         <input_file_ref idref="fl-7"/>
      </object_component>
      <object_component id="oc-359">
         <name>.text:free</name>
         <load_address>0x5d3c</load_address>
         <run_address>0x5d3c</run_address>
         <size>0xe4</size>
         <input_file_ref idref="fl-e4"/>
      </object_component>
      <object_component id="oc-2d">
         <name>.text</name>
         <load_address>0x5e20</load_address>
         <run_address>0x5e20</run_address>
         <size>0xda</size>
         <input_file_ref idref="fl-16"/>
      </object_component>
      <object_component id="oc-174">
         <name>.text</name>
         <load_address>0x5efa</load_address>
         <run_address>0x5efa</run_address>
         <size>0xb8</size>
         <input_file_ref idref="fl-4"/>
      </object_component>
      <object_component id="oc-46">
         <name>.text</name>
         <load_address>0x5fb2</load_address>
         <run_address>0x5fb2</run_address>
         <size>0x9c</size>
         <input_file_ref idref="fl-de"/>
      </object_component>
      <object_component id="oc-299">
         <name>.text:ADCSequenceStepConfigure</name>
         <load_address>0x604e</load_address>
         <run_address>0x604e</run_address>
         <size>0x7a</size>
         <input_file_ref idref="fl-ed"/>
      </object_component>
      <object_component id="oc-ba">
         <name>.text</name>
         <load_address>0x60c8</load_address>
         <run_address>0x60c8</run_address>
         <size>0x7a</size>
         <input_file_ref idref="fl-e0"/>
      </object_component>
      <object_component id="oc-502">
         <name>.text</name>
         <load_address>0x6142</load_address>
         <run_address>0x6142</run_address>
         <size>0x2</size>
         <input_file_ref idref="fl-e6"/>
      </object_component>
      <object_component id="oc-144">
         <name>.text</name>
         <load_address>0x6144</load_address>
         <run_address>0x6144</run_address>
         <size>0x78</size>
         <input_file_ref idref="fl-9"/>
      </object_component>
      <object_component id="oc-16e">
         <name>.text</name>
         <load_address>0x61bc</load_address>
         <run_address>0x61bc</run_address>
         <size>0x74</size>
         <input_file_ref idref="fl-b"/>
      </object_component>
      <object_component id="oc-57a">
         <name>.text:split</name>
         <load_address>0x6230</load_address>
         <run_address>0x6230</run_address>
         <size>0x70</size>
         <input_file_ref idref="fl-e4"/>
      </object_component>
      <object_component id="oc-2e9">
         <name>.text:IntEnable</name>
         <load_address>0x62a0</load_address>
         <run_address>0x62a0</run_address>
         <size>0x68</size>
         <input_file_ref idref="fl-ef"/>
      </object_component>
      <object_component id="oc-12">
         <name>.text:decompress:lzss:__TI_decompress_lzss</name>
         <load_address>0x6308</load_address>
         <run_address>0x6308</run_address>
         <size>0x68</size>
         <input_file_ref idref="fl-e3"/>
      </object_component>
      <object_component id="oc-552">
         <name>.text:TimerConfigure</name>
         <load_address>0x6370</load_address>
         <run_address>0x6370</run_address>
         <size>0x60</size>
         <input_file_ref idref="fl-f4"/>
      </object_component>
      <object_component id="oc-4b9">
         <name>.text</name>
         <load_address>0x63d0</load_address>
         <run_address>0x63d0</run_address>
         <size>0x5c</size>
         <input_file_ref idref="fl-1e"/>
      </object_component>
      <object_component id="oc-2d7">
         <name>.text:GPIOIntTypeSet</name>
         <load_address>0x642c</load_address>
         <run_address>0x642c</run_address>
         <size>0x58</size>
         <input_file_ref idref="fl-ee"/>
      </object_component>
      <object_component id="oc-26c">
         <name>.text:SysCtlPeripheralReset</name>
         <load_address>0x6484</load_address>
         <run_address>0x6484</run_address>
         <size>0x50</size>
         <input_file_ref idref="fl-f2"/>
      </object_component>
      <object_component id="oc-3ee">
         <name>.text:_ADCIntNumberGet</name>
         <load_address>0x64d4</load_address>
         <run_address>0x64d4</run_address>
         <size>0x50</size>
         <input_file_ref idref="fl-ed"/>
      </object_component>
      <object_component id="oc-293">
         <name>.text:ADCSequenceConfigure</name>
         <load_address>0x6524</load_address>
         <run_address>0x6524</run_address>
         <size>0x4e</size>
         <input_file_ref idref="fl-ed"/>
      </object_component>
      <object_component id="oc-24e">
         <name>.text:GPIOPinConfigure</name>
         <load_address>0x6574</load_address>
         <run_address>0x6574</run_address>
         <size>0x4c</size>
         <input_file_ref idref="fl-ee"/>
      </object_component>
      <object_component id="oc-31e">
         <name>.text</name>
         <load_address>0x65c0</load_address>
         <run_address>0x65c0</run_address>
         <size>0x48</size>
         <input_file_ref idref="fl-db"/>
      </object_component>
      <object_component id="oc-339">
         <name>.text:UARTConfigSetExpClk</name>
         <load_address>0x6608</load_address>
         <run_address>0x6608</run_address>
         <size>0x46</size>
         <input_file_ref idref="fl-f5"/>
      </object_component>
      <object_component id="oc-273">
         <name>.text</name>
         <load_address>0x6650</load_address>
         <run_address>0x6650</run_address>
         <size>0x44</size>
         <input_file_ref idref="fl-18"/>
      </object_component>
      <object_component id="oc-40e">
         <name>.text:_GPIOIntNumberGet</name>
         <load_address>0x6694</load_address>
         <run_address>0x6694</run_address>
         <size>0x44</size>
         <input_file_ref idref="fl-ee"/>
      </object_component>
      <object_component id="oc-190">
         <name>.text:__TI_auto_init_nobinit_nopinit:__TI_auto_init_nobinit_nopinit</name>
         <load_address>0x66d8</load_address>
         <run_address>0x66d8</run_address>
         <size>0x44</size>
         <input_file_ref idref="fl-e7"/>
      </object_component>
      <object_component id="oc-323">
         <name>.text</name>
         <load_address>0x671c</load_address>
         <run_address>0x671c</run_address>
         <size>0x44</size>
         <input_file_ref idref="fl-dc"/>
      </object_component>
      <object_component id="oc-3ce">
         <name>.text</name>
         <load_address>0x6760</load_address>
         <run_address>0x6760</run_address>
         <size>0x40</size>
         <input_file_ref idref="fl-df"/>
      </object_component>
      <object_component id="oc-4cb">
         <name>.text:SSIConfigSetExpClk</name>
         <load_address>0x67a0</load_address>
         <run_address>0x67a0</run_address>
         <size>0x3c</size>
         <input_file_ref idref="fl-f1"/>
      </object_component>
      <object_component id="oc-28d">
         <name>.text:SysCtlPeripheralReady</name>
         <load_address>0x67dc</load_address>
         <run_address>0x67dc</run_address>
         <size>0x38</size>
         <input_file_ref idref="fl-f2"/>
      </object_component>
      <object_component id="oc-353">
         <name>.text:calloc</name>
         <load_address>0x6814</load_address>
         <run_address>0x6814</run_address>
         <size>0x38</size>
         <input_file_ref idref="fl-e4"/>
      </object_component>
      <object_component id="oc-3a2">
         <name>.text:IntRegister</name>
         <load_address>0x684c</load_address>
         <run_address>0x684c</run_address>
         <size>0x34</size>
         <input_file_ref idref="fl-ef"/>
      </object_component>
      <object_component id="oc-248">
         <name>.text:SysCtlPeripheralEnable</name>
         <load_address>0x6880</load_address>
         <run_address>0x6880</run_address>
         <size>0x34</size>
         <input_file_ref idref="fl-f2"/>
      </object_component>
      <object_component id="oc-64">
         <name>.text:_c_int00_noargs:_c_int00_noargs</name>
         <load_address>0x68b4</load_address>
         <run_address>0x68b4</run_address>
         <size>0x34</size>
         <input_file_ref idref="fl-e5"/>
      </object_component>
      <object_component id="oc-30f">
         <name>.text</name>
         <load_address>0x68e8</load_address>
         <run_address>0x68e8</run_address>
         <size>0x2e</size>
         <input_file_ref idref="fl-dd"/>
      </object_component>
      <object_component id="oc-303">
         <name>.text:GPIODirModeSet</name>
         <load_address>0x6916</load_address>
         <run_address>0x6916</run_address>
         <size>0x2c</size>
         <input_file_ref idref="fl-ee"/>
      </object_component>
      <object_component id="oc-456">
         <name>.text:free_list_insert</name>
         <load_address>0x6944</load_address>
         <run_address>0x6944</run_address>
         <size>0x28</size>
         <input_file_ref idref="fl-e4"/>
      </object_component>
      <object_component id="oc-25a">
         <name>.text:PWMGenConfigure</name>
         <load_address>0x696c</load_address>
         <run_address>0x696c</run_address>
         <size>0x22</size>
         <input_file_ref idref="fl-f0"/>
      </object_component>
      <object_component id="oc-43c">
         <name>.text:UARTDisable</name>
         <load_address>0x6990</load_address>
         <run_address>0x6990</run_address>
         <size>0x20</size>
         <input_file_ref idref="fl-f5"/>
      </object_component>
      <object_component id="oc-281">
         <name>.text:ADCSequenceDataGet</name>
         <load_address>0x69b0</load_address>
         <run_address>0x69b0</run_address>
         <size>0x1e</size>
         <input_file_ref idref="fl-ed"/>
      </object_component>
      <object_component id="oc-242">
         <name>.text:PWMPulseWidthSet</name>
         <load_address>0x69ce</load_address>
         <run_address>0x69ce</run_address>
         <size>0x1e</size>
         <input_file_ref idref="fl-f0"/>
      </object_component>
      <object_component id="oc-21d">
         <name>.text:SysTickIntRegister</name>
         <load_address>0x69ec</load_address>
         <run_address>0x69ec</run_address>
         <size>0x1c</size>
         <input_file_ref idref="fl-f3"/>
      </object_component>
      <object_component id="oc-450">
         <name>.text:free_list_remove</name>
         <load_address>0x6a08</load_address>
         <run_address>0x6a08</run_address>
         <size>0x1c</size>
         <input_file_ref idref="fl-e4"/>
      </object_component>
      <object_component id="oc-2a5">
         <name>.text:ADCIntRegister</name>
         <load_address>0x6a24</load_address>
         <run_address>0x6a24</run_address>
         <size>0x18</size>
         <input_file_ref idref="fl-ed"/>
      </object_component>
      <object_component id="oc-211">
         <name>.text:ADCProcessorTrigger</name>
         <load_address>0x6a3c</load_address>
         <run_address>0x6a3c</run_address>
         <size>0x18</size>
         <input_file_ref idref="fl-ed"/>
      </object_component>
      <object_component id="oc-2e3">
         <name>.text:GPIOIntRegister</name>
         <load_address>0x6a54</load_address>
         <run_address>0x6a54</run_address>
         <size>0x18</size>
         <input_file_ref idref="fl-ee"/>
      </object_component>
      <object_component id="oc-4dd">
         <name>.text:GPIOPinTypeGPIOOutput</name>
         <load_address>0x6a6c</load_address>
         <run_address>0x6a6c</run_address>
         <size>0x18</size>
         <input_file_ref idref="fl-ee"/>
      </object_component>
      <object_component id="oc-2cb">
         <name>.text:GPIOPinTypeGPIOInput</name>
         <load_address>0x6a84</load_address>
         <run_address>0x6a84</run_address>
         <size>0x16</size>
         <input_file_ref idref="fl-ee"/>
      </object_component>
      <object_component id="oc-254">
         <name>.text:GPIOPinTypePWM</name>
         <load_address>0x6a9a</load_address>
         <run_address>0x6a9a</run_address>
         <size>0x16</size>
         <input_file_ref idref="fl-ee"/>
      </object_component>
      <object_component id="oc-4bf">
         <name>.text:GPIOPinTypeSSI</name>
         <load_address>0x6ab0</load_address>
         <run_address>0x6ab0</run_address>
         <size>0x16</size>
         <input_file_ref idref="fl-ee"/>
      </object_component>
      <object_component id="oc-333">
         <name>.text:GPIOPinTypeUART</name>
         <load_address>0x6ac6</load_address>
         <run_address>0x6ac6</run_address>
         <size>0x16</size>
         <input_file_ref idref="fl-ee"/>
      </object_component>
      <object_component id="oc-229">
         <name>.text:SysTickEnable</name>
         <load_address>0x6adc</load_address>
         <run_address>0x6adc</run_address>
         <size>0x14</size>
         <input_file_ref idref="fl-f3"/>
      </object_component>
      <object_component id="oc-223">
         <name>.text:SysTickIntEnable</name>
         <load_address>0x6af0</load_address>
         <run_address>0x6af0</run_address>
         <size>0x14</size>
         <input_file_ref idref="fl-f3"/>
      </object_component>
      <object_component id="oc-345">
         <name>.text:UARTEnable</name>
         <load_address>0x6b04</load_address>
         <run_address>0x6b04</run_address>
         <size>0x14</size>
         <input_file_ref idref="fl-f5"/>
      </object_component>
      <object_component id="oc-266">
         <name>.text:PWMOutputState</name>
         <load_address>0x6b18</load_address>
         <run_address>0x6b18</run_address>
         <size>0x12</size>
         <input_file_ref idref="fl-f0"/>
      </object_component>
      <object_component id="oc-2ab">
         <name>.text:ADCIntEnable</name>
         <load_address>0x6b2a</load_address>
         <run_address>0x6b2a</run_address>
         <size>0x10</size>
         <input_file_ref idref="fl-ed"/>
      </object_component>
      <object_component id="oc-23c">
         <name>.text:PWMGenPeriodSet</name>
         <load_address>0x6b3a</load_address>
         <run_address>0x6b3a</run_address>
         <size>0x10</size>
         <input_file_ref idref="fl-f0"/>
      </object_component>
      <object_component id="oc-309">
         <name>.text:SysCtlReset</name>
         <load_address>0x6b4c</load_address>
         <run_address>0x6b4c</run_address>
         <size>0x10</size>
         <input_file_ref idref="fl-f2"/>
      </object_component>
      <object_component id="oc-217">
         <name>.text:SysTickPeriodSet</name>
         <load_address>0x6b5c</load_address>
         <run_address>0x6b5c</run_address>
         <size>0x10</size>
         <input_file_ref idref="fl-f3"/>
      </object_component>
      <object_component id="oc-29f">
         <name>.text:ADCSequenceEnable</name>
         <load_address>0x6b6c</load_address>
         <run_address>0x6b6c</run_address>
         <size>0xe</size>
         <input_file_ref idref="fl-ed"/>
      </object_component>
      <object_component id="oc-558">
         <name>.text:TimerEnable</name>
         <load_address>0x6b7a</load_address>
         <run_address>0x6b7a</run_address>
         <size>0xe</size>
         <input_file_ref idref="fl-f4"/>
      </object_component>
      <object_component id="oc-18">
         <name>.text:decompress:none:__TI_decompress_none</name>
         <load_address>0x6b88</load_address>
         <run_address>0x6b88</run_address>
         <size>0xe</size>
         <input_file_ref idref="fl-e2"/>
      </object_component>
      <object_component id="oc-2dd">
         <name>.text:GPIOIntEnable</name>
         <load_address>0x6b96</load_address>
         <run_address>0x6b96</run_address>
         <size>0xc</size>
         <input_file_ref idref="fl-ee"/>
      </object_component>
      <object_component id="oc-260">
         <name>.text:PWMGenEnable</name>
         <load_address>0x6ba2</load_address>
         <run_address>0x6ba2</run_address>
         <size>0xc</size>
         <input_file_ref idref="fl-f0"/>
      </object_component>
      <object_component id="oc-4ef">
         <name>.text:SSIDataGet</name>
         <load_address>0x6bae</load_address>
         <run_address>0x6bae</run_address>
         <size>0xc</size>
         <input_file_ref idref="fl-f1"/>
      </object_component>
      <object_component id="oc-58">
         <name>.text:decompress:ZI:__TI_zero_init</name>
         <load_address>0x6bba</load_address>
         <run_address>0x6bba</run_address>
         <size>0xc</size>
         <input_file_ref idref="fl-e1"/>
      </object_component>
      <object_component id="oc-27">
         <name>.text</name>
         <load_address>0x6bc6</load_address>
         <run_address>0x6bc6</run_address>
         <size>0xc</size>
         <input_file_ref idref="fl-a"/>
      </object_component>
      <object_component id="oc-287">
         <name>.text:ADCIntClear</name>
         <load_address>0x6bd2</load_address>
         <run_address>0x6bd2</run_address>
         <size>0xa</size>
         <input_file_ref idref="fl-ed"/>
      </object_component>
      <object_component id="oc-4e9">
         <name>.text:SSIDataPut</name>
         <load_address>0x6bdc</load_address>
         <run_address>0x6bdc</run_address>
         <size>0xa</size>
         <input_file_ref idref="fl-f1"/>
      </object_component>
      <object_component id="oc-4d1">
         <name>.text:SSIEnable</name>
         <load_address>0x6be6</load_address>
         <run_address>0x6be6</run_address>
         <size>0xa</size>
         <input_file_ref idref="fl-f1"/>
      </object_component>
      <object_component id="oc-55e">
         <name>.text:TimerValueGet</name>
         <load_address>0x6bf0</load_address>
         <run_address>0x6bf0</run_address>
         <size>0xa</size>
         <input_file_ref idref="fl-f4"/>
      </object_component>
      <object_component id="oc-34b">
         <name>.text:UARTCharPut</name>
         <load_address>0x6bfa</load_address>
         <run_address>0x6bfa</run_address>
         <size>0xa</size>
         <input_file_ref idref="fl-f5"/>
      </object_component>
      <object_component id="oc-33f">
         <name>.text:UARTFIFOEnable</name>
         <load_address>0x6c04</load_address>
         <run_address>0x6c04</run_address>
         <size>0xa</size>
         <input_file_ref idref="fl-f5"/>
      </object_component>
      <object_component id="oc-4e3">
         <name>.text:SSIBusy</name>
         <load_address>0x6c0e</load_address>
         <run_address>0x6c0e</run_address>
         <size>0x8</size>
         <input_file_ref idref="fl-f1"/>
      </object_component>
      <object_component id="oc-449">
         <name>.text:malloc</name>
         <load_address>0x6c16</load_address>
         <run_address>0x6c16</run_address>
         <size>0x8</size>
         <input_file_ref idref="fl-e4"/>
      </object_component>
      <object_component id="oc-2bf">
         <name>.text:GPIOIntClear</name>
         <load_address>0x6c1e</load_address>
         <run_address>0x6c1e</run_address>
         <size>0x6</size>
         <input_file_ref idref="fl-ee"/>
      </object_component>
      <object_component id="oc-2c5">
         <name>.text:GPIOPinRead</name>
         <load_address>0x6c24</load_address>
         <run_address>0x6c24</run_address>
         <size>0x6</size>
         <input_file_ref idref="fl-ee"/>
      </object_component>
      <object_component id="oc-4d7">
         <name>.text:GPIOPinWrite</name>
         <load_address>0x6c2a</load_address>
         <run_address>0x6c2a</run_address>
         <size>0x6</size>
         <input_file_ref idref="fl-ee"/>
      </object_component>
      <object_component id="oc-4c5">
         <name>.text:SSIClockSourceSet</name>
         <load_address>0x6c30</load_address>
         <run_address>0x6c30</run_address>
         <size>0x6</size>
         <input_file_ref idref="fl-f1"/>
      </object_component>
      <object_component id="oc-180">
         <name>.text:SysCtlDelay</name>
         <load_address>0x6c36</load_address>
         <run_address>0x6c36</run_address>
         <size>0x6</size>
         <input_file_ref idref="fl-f2"/>
      </object_component>
      <object_component id="oc-c0">
         <name>.text:_system_pre_init</name>
         <load_address>0x6c3c</load_address>
         <run_address>0x6c3c</run_address>
         <size>0x4</size>
         <input_file_ref idref="fl-e8"/>
      </object_component>
      <object_component id="oc-184">
         <name>.text:abort:abort</name>
         <load_address>0x6c40</load_address>
         <run_address>0x6c40</run_address>
         <size>0x4</size>
         <input_file_ref idref="fl-ea"/>
      </object_component>
      <object_component id="oc-4f5">
         <name>.const:.string:rgbOledFont0</name>
         <load_address>0x6c44</load_address>
         <run_address>0x6c44</run_address>
         <size>0x300</size>
         <input_file_ref idref="fl-19"/>
      </object_component>
      <object_component id="oc-51e">
         <name>.const:g_ppui32GPIOIntMapSnowflake</name>
         <load_address>0x6f44</load_address>
         <run_address>0x6f44</run_address>
         <size>0xd8</size>
         <input_file_ref idref="fl-ee"/>
      </object_component>
      <object_component id="oc-51b">
         <name>.const:g_ppui32GPIOIntMapBlizzard</name>
         <load_address>0x701c</load_address>
         <run_address>0x701c</run_address>
         <size>0xc0</size>
         <input_file_ref idref="fl-ee"/>
      </object_component>
      <object_component id="oc-3b6">
         <name>.const:g_pui32GPIOBaseAddrs</name>
         <load_address>0x70dc</load_address>
         <run_address>0x70dc</run_address>
         <size>0x90</size>
         <input_file_ref idref="fl-ee"/>
      </object_component>
      <object_component id="oc-361">
         <name>.const:g_pui32Xtals</name>
         <load_address>0x716c</load_address>
         <run_address>0x716c</run_address>
         <size>0x6c</size>
         <input_file_ref idref="fl-f2"/>
      </object_component>
      <object_component id="oc-4fb">
         <name>.const:.string:rgbFillPat</name>
         <load_address>0x71d8</load_address>
         <run_address>0x71d8</run_address>
         <size>0x40</size>
         <input_file_ref idref="fl-1a"/>
      </object_component>
      <object_component id="oc-3d6">
         <name>.const:g_psDaysToMonth</name>
         <load_address>0x7218</load_address>
         <run_address>0x7218</run_address>
         <size>0x30</size>
         <input_file_ref idref="fl-c"/>
      </object_component>
      <object_component id="oc-3d9">
         <name>.const:g_pfExponents</name>
         <load_address>0x7248</load_address>
         <run_address>0x7248</run_address>
         <size>0x18</size>
         <input_file_ref idref="fl-c"/>
      </object_component>
      <object_component id="oc-415">
         <name>.const:g_pui32EnRegs</name>
         <load_address>0x7260</load_address>
         <run_address>0x7260</run_address>
         <size>0x14</size>
         <input_file_ref idref="fl-ef"/>
      </object_component>
      <object_component id="oc-508">
         <name>.const:.string</name>
         <load_address>0x7274</load_address>
         <run_address>0x7274</run_address>
         <size>0x12</size>
         <input_file_ref idref="fl-c"/>
      </object_component>
      <object_component id="oc-80">
         <name>.const</name>
         <load_address>0x7288</load_address>
         <run_address>0x7288</run_address>
         <size>0x4</size>
         <input_file_ref idref="fl-15"/>
      </object_component>
      <object_component id="oc-3d3">
         <name>.const</name>
         <load_address>0x728c</load_address>
         <run_address>0x728c</run_address>
         <size>0x4</size>
         <input_file_ref idref="fl-c"/>
      </object_component>
      <object_component id="oc-5bc">
         <name>.cinit..data.load</name>
         <load_address>0x7290</load_address>
         <run_address>0x7290</run_address>
         <size>0x1e</size>
      </object_component>
      <object_component id="oc-5b9">
         <name>__TI_handler_table</name>
         <load_address>0x72b0</load_address>
         <run_address>0x72b0</run_address>
         <size>0xc</size>
      </object_component>
      <object_component id="oc-5bd">
         <name>.cinit..bss.load</name>
         <load_address>0x72c0</load_address>
         <run_address>0x72c0</run_address>
         <size>0x8</size>
      </object_component>
      <object_component id="oc-5bb">
         <name>.cinit..vtable.load</name>
         <load_address>0x72c8</load_address>
         <run_address>0x72c8</run_address>
         <size>0x8</size>
      </object_component>
      <object_component id="oc-5ba">
         <name>__TI_cinit_table</name>
         <load_address>0x72d0</load_address>
         <run_address>0x72d0</run_address>
         <size>0x18</size>
      </object_component>
      <object_component id="oc-492">
         <name>.vtable</name>
         <uninitialized>true</uninitialized>
         <run_address>0x20000000</run_address>
         <size>0x26c</size>
         <input_file_ref idref="fl-ef"/>
      </object_component>
      <object_component id="oc-328">
         <name>.data</name>
         <load_address>0x20005034</load_address>
         <run_address>0x20005034</run_address>
         <size>0x30</size>
         <input_file_ref idref="fl-5"/>
      </object_component>
      <object_component id="oc-238">
         <name>.data</name>
         <load_address>0x20005084</load_address>
         <run_address>0x20005084</run_address>
         <size>0x2</size>
         <input_file_ref idref="fl-9"/>
      </object_component>
      <object_component id="oc-3dc">
         <name>.data</name>
         <load_address>0x20005080</load_address>
         <run_address>0x20005080</run_address>
         <size>0x4</size>
         <input_file_ref idref="fl-c"/>
      </object_component>
      <object_component id="oc-7d">
         <name>.data</name>
         <load_address>0x20005000</load_address>
         <run_address>0x20005000</run_address>
         <size>0x34</size>
         <input_file_ref idref="fl-13"/>
      </object_component>
      <object_component id="oc-8a">
         <name>.data</name>
         <load_address>0x2000507c</load_address>
         <run_address>0x2000507c</run_address>
         <size>0x4</size>
         <input_file_ref idref="fl-15"/>
      </object_component>
      <object_component id="oc-1d8">
         <name>.data</name>
         <load_address>0x20005074</load_address>
         <run_address>0x20005074</run_address>
         <size>0x8</size>
         <input_file_ref idref="fl-17"/>
      </object_component>
      <object_component id="oc-530">
         <name>.data:$O1$$</name>
         <load_address>0x2000506c</load_address>
         <run_address>0x2000506c</run_address>
         <size>0x8</size>
         <input_file_ref idref="fl-e4"/>
      </object_component>
      <object_component id="oc-370">
         <name>.data:$O1$$</name>
         <load_address>0x20005064</load_address>
         <run_address>0x20005064</run_address>
         <size>0x8</size>
         <input_file_ref idref="fl-eb"/>
      </object_component>
      <object_component id="oc-2ba">
         <name>.bss</name>
         <uninitialized>true</uninitialized>
         <run_address>0x20002788</run_address>
         <size>0x4</size>
         <input_file_ref idref="fl-2"/>
      </object_component>
      <object_component id="oc-2b7">
         <name>.bss:g_inBuffer</name>
         <uninitialized>true</uninitialized>
         <run_address>0x20002760</run_address>
         <size>0x10</size>
         <input_file_ref idref="fl-2"/>
      </object_component>
      <object_component id="oc-2f8">
         <name>.bss:but_state</name>
         <uninitialized>true</uninitialized>
         <run_address>0x20002798</run_address>
         <size>0x4</size>
         <input_file_ref idref="fl-3"/>
      </object_component>
      <object_component id="oc-2fb">
         <name>.bss:but_count</name>
         <uninitialized>true</uninitialized>
         <run_address>0x2000278c</run_address>
         <size>0x4</size>
         <input_file_ref idref="fl-3"/>
      </object_component>
      <object_component id="oc-2fe">
         <name>.bss:but_flag</name>
         <uninitialized>true</uninitialized>
         <run_address>0x20002790</run_address>
         <size>0x4</size>
         <input_file_ref idref="fl-3"/>
      </object_component>
      <object_component id="oc-2f5">
         <name>.bss:but_normal</name>
         <uninitialized>true</uninitialized>
         <run_address>0x20002794</run_address>
         <size>0x4</size>
         <input_file_ref idref="fl-3"/>
      </object_component>
      <object_component id="oc-235">
         <name>.bss</name>
         <uninitialized>true</uninitialized>
         <run_address>0x2000279c</run_address>
         <size>0x4</size>
         <input_file_ref idref="fl-9"/>
      </object_component>
      <object_component id="oc-fa">
         <name>.bss:pxReadyTasksLists</name>
         <uninitialized>true</uninitialized>
         <run_address>0x2000246c</run_address>
         <size>0x140</size>
         <input_file_ref idref="fl-13"/>
      </object_component>
      <object_component id="oc-109">
         <name>.bss:xDelayedTaskList1</name>
         <uninitialized>true</uninitialized>
         <run_address>0x200026fc</run_address>
         <size>0x14</size>
         <input_file_ref idref="fl-13"/>
      </object_component>
      <object_component id="oc-10c">
         <name>.bss:xDelayedTaskList2</name>
         <uninitialized>true</uninitialized>
         <run_address>0x20002710</run_address>
         <size>0x14</size>
         <input_file_ref idref="fl-13"/>
      </object_component>
      <object_component id="oc-100">
         <name>.bss</name>
         <uninitialized>true</uninitialized>
         <run_address>0x20002770</run_address>
         <size>0x8</size>
         <input_file_ref idref="fl-13"/>
      </object_component>
      <object_component id="oc-106">
         <name>.bss:xPendingReadyList</name>
         <uninitialized>true</uninitialized>
         <run_address>0x20002724</run_address>
         <size>0x14</size>
         <input_file_ref idref="fl-13"/>
      </object_component>
      <object_component id="oc-fd">
         <name>.bss:xTasksWaitingTermination</name>
         <uninitialized>true</uninitialized>
         <run_address>0x2000274c</run_address>
         <size>0x14</size>
         <input_file_ref idref="fl-13"/>
      </object_component>
      <object_component id="oc-103">
         <name>.bss:xSuspendedTaskList</name>
         <uninitialized>true</uninitialized>
         <run_address>0x20002738</run_address>
         <size>0x14</size>
         <input_file_ref idref="fl-13"/>
      </object_component>
      <object_component id="oc-1e1">
         <name>.bss:ucHeap</name>
         <uninitialized>true</uninitialized>
         <run_address>0x2000026c</run_address>
         <size>0x2000</size>
         <input_file_ref idref="fl-17"/>
      </object_component>
      <object_component id="oc-1db">
         <name>.bss:xStart</name>
         <uninitialized>true</uninitialized>
         <run_address>0x20002780</run_address>
         <size>0x8</size>
         <input_file_ref idref="fl-17"/>
      </object_component>
      <object_component id="oc-1de">
         <name>.bss:xEnd</name>
         <uninitialized>true</uninitialized>
         <run_address>0x20002778</run_address>
         <size>0x8</size>
         <input_file_ref idref="fl-17"/>
      </object_component>
      <object_component id="oc-2bd">
         <name>.common:g_pAltQueue</name>
         <uninitialized>true</uninitialized>
         <run_address>0x200027c4</run_address>
         <size>0x4</size>
      </object_component>
      <object_component id="oc-32b">
         <name>.common:Yaw_error</name>
         <uninitialized>true</uninitialized>
         <run_address>0x200027b0</run_address>
         <size>0x4</size>
      </object_component>
      <object_component id="oc-32e">
         <name>.common:YawDerivError</name>
         <uninitialized>true</uninitialized>
         <run_address>0x200027ac</run_address>
         <size>0x4</size>
      </object_component>
      <object_component id="oc-32f">
         <name>.common:YawControl</name>
         <uninitialized>true</uninitialized>
         <run_address>0x200027a8</run_address>
         <size>0x4</size>
      </object_component>
      <object_component id="oc-330">
         <name>.common:AltDerivError</name>
         <uninitialized>true</uninitialized>
         <run_address>0x200027a4</run_address>
         <size>0x4</size>
      </object_component>
      <object_component id="oc-331">
         <name>.common:AltControl</name>
         <uninitialized>true</uninitialized>
         <run_address>0x200027a0</run_address>
         <size>0x4</size>
      </object_component>
      <object_component id="oc-2f3">
         <name>.common:State</name>
         <uninitialized>true</uninitialized>
         <run_address>0x200027fc</run_address>
         <size>0x1</size>
      </object_component>
      <object_component id="oc-2f2">
         <name>.common:nextState</name>
         <uninitialized>true</uninitialized>
         <run_address>0x200027fe</run_address>
         <size>0x1</size>
      </object_component>
      <object_component id="oc-2ef">
         <name>.common:slot</name>
         <uninitialized>true</uninitialized>
         <run_address>0x200027e0</run_address>
         <size>0x4</size>
      </object_component>
      <object_component id="oc-3fb">
         <name>.common:xQueueRegistry</name>
         <uninitialized>true</uninitialized>
         <run_address>0x200026ac</run_address>
         <size>0x50</size>
      </object_component>
      <object_component id="oc-546">
         <name>.common:xcoOledCur</name>
         <uninitialized>true</uninitialized>
         <run_address>0x200027ec</run_address>
         <size>0x4</size>
      </object_component>
      <object_component id="oc-547">
         <name>.common:ycoOledCur</name>
         <uninitialized>true</uninitialized>
         <run_address>0x200027f8</run_address>
         <size>0x4</size>
      </object_component>
      <object_component id="oc-4b7">
         <name>.common:pbOledCur</name>
         <uninitialized>true</uninitialized>
         <run_address>0x200027cc</run_address>
         <size>0x4</size>
      </object_component>
      <object_component id="oc-548">
         <name>.common:bnOledCur</name>
         <uninitialized>true</uninitialized>
         <run_address>0x200027b4</run_address>
         <size>0x4</size>
      </object_component>
      <object_component id="oc-4f9">
         <name>.common:clrOledCur</name>
         <uninitialized>true</uninitialized>
         <run_address>0x200027fd</run_address>
         <size>0x1</size>
      </object_component>
      <object_component id="oc-4fa">
         <name>.common:pbOledPatCur</name>
         <uninitialized>true</uninitialized>
         <run_address>0x200027d8</run_address>
         <size>0x4</size>
      </object_component>
      <object_component id="oc-4b5">
         <name>.common:fOledCharUpdate</name>
         <uninitialized>true</uninitialized>
         <run_address>0x200027c0</run_address>
         <size>0x4</size>
      </object_component>
      <object_component id="oc-4b0">
         <name>.common:dxcoOledFontCur</name>
         <uninitialized>true</uninitialized>
         <run_address>0x200027b8</run_address>
         <size>0x4</size>
      </object_component>
      <object_component id="oc-4b3">
         <name>.common:dycoOledFontCur</name>
         <uninitialized>true</uninitialized>
         <run_address>0x200027bc</run_address>
         <size>0x4</size>
      </object_component>
      <object_component id="oc-4b6">
         <name>.common:pbOledFontCur</name>
         <uninitialized>true</uninitialized>
         <run_address>0x200027d0</run_address>
         <size>0x4</size>
      </object_component>
      <object_component id="oc-4b4">
         <name>.common:pbOledFontUser</name>
         <uninitialized>true</uninitialized>
         <run_address>0x200027d4</run_address>
         <size>0x4</size>
      </object_component>
      <object_component id="oc-4fe">
         <name>.common:rgbOledBmp</name>
         <uninitialized>true</uninitialized>
         <run_address>0x2000226c</run_address>
         <size>0x200</size>
      </object_component>
      <object_component id="oc-4ae">
         <name>.common:xchOledCur</name>
         <uninitialized>true</uninitialized>
         <run_address>0x200027e4</run_address>
         <size>0x4</size>
      </object_component>
      <object_component id="oc-4af">
         <name>.common:ychOledCur</name>
         <uninitialized>true</uninitialized>
         <run_address>0x200027f0</run_address>
         <size>0x4</size>
      </object_component>
      <object_component id="oc-4aa">
         <name>.common:xchOledMax</name>
         <uninitialized>true</uninitialized>
         <run_address>0x200027e8</run_address>
         <size>0x4</size>
      </object_component>
      <object_component id="oc-4ad">
         <name>.common:ychOledMax</name>
         <uninitialized>true</uninitialized>
         <run_address>0x200027f4</run_address>
         <size>0x4</size>
      </object_component>
      <object_component id="oc-4f8">
         <name>.common:rgbOledFontUser</name>
         <uninitialized>true</uninitialized>
         <run_address>0x200025ac</run_address>
         <size>0x100</size>
      </object_component>
      <object_component id="oc-54c">
         <name>.common:pfnDoRop</name>
         <uninitialized>true</uninitialized>
         <run_address>0x200027dc</run_address>
         <size>0x4</size>
      </object_component>
      <object_component id="oc-549">
         <name>.common:modOledCur</name>
         <uninitialized>true</uninitialized>
         <run_address>0x200027c8</run_address>
         <size>0x4</size>
      </object_component>
      <object_component id="oc-21">
         <name>.sysmem</name>
         <uninitialized>true</uninitialized>
         <run_address>0x20002800</run_address>
         <size>0x10</size>
         <input_file_ref idref="fl-e4"/>
      </object_component>
      <object_component id="oc-5bf">
         <name>.sysmem</name>
         <uninitialized>true</uninitialized>
         <run_address>0x20002800</run_address>
         <size>0x0</size>
      </object_component>
      <object_component id="oc-24">
         <name>.stack</name>
         <uninitialized>true</uninitialized>
         <run_address>0x20004800</run_address>
         <size>0x4</size>
         <input_file_ref idref="fl-e5"/>
      </object_component>
      <object_component id="oc-5be">
         <name>.stack</name>
         <uninitialized>true</uninitialized>
         <run_address>0x20004800</run_address>
         <size>0x0</size>
      </object_component>
      <object_component id="oc-128">
         <name>.debug_info</name>
         <load_address>0x0</load_address>
         <run_address>0x0</run_address>
         <size>0x724</size>
         <input_file_ref idref="fl-2"/>
      </object_component>
      <object_component id="oc-2bb">
         <name>.debug_info</name>
         <load_address>0x724</load_address>
         <run_address>0x724</run_address>
         <size>0xe0</size>
         <input_file_ref idref="fl-2"/>
      </object_component>
      <object_component id="oc-2b8">
         <name>.debug_info</name>
         <load_address>0x804</load_address>
         <run_address>0x804</run_address>
         <size>0xde</size>
         <input_file_ref idref="fl-2"/>
      </object_component>
      <object_component id="oc-158">
         <name>.debug_info</name>
         <load_address>0x8e2</load_address>
         <run_address>0x8e2</run_address>
         <size>0x56c</size>
         <input_file_ref idref="fl-2"/>
      </object_component>
      <object_component id="oc-119">
         <name>.debug_info</name>
         <load_address>0xe4e</load_address>
         <run_address>0xe4e</run_address>
         <size>0x315</size>
         <input_file_ref idref="fl-2"/>
      </object_component>
      <object_component id="oc-1f8">
         <name>.debug_info</name>
         <load_address>0x1163</load_address>
         <run_address>0x1163</run_address>
         <size>0x86</size>
         <input_file_ref idref="fl-2"/>
      </object_component>
      <object_component id="oc-9b">
         <name>.debug_info</name>
         <load_address>0x11e9</load_address>
         <run_address>0x11e9</run_address>
         <size>0x26b</size>
         <input_file_ref idref="fl-2"/>
      </object_component>
      <object_component id="oc-202">
         <name>.debug_info</name>
         <load_address>0x1454</load_address>
         <run_address>0x1454</run_address>
         <size>0x196</size>
         <input_file_ref idref="fl-2"/>
      </object_component>
      <object_component id="oc-20c">
         <name>.debug_info</name>
         <load_address>0x15ea</load_address>
         <run_address>0x15ea</run_address>
         <size>0x461</size>
         <input_file_ref idref="fl-2"/>
      </object_component>
      <object_component id="oc-1fd">
         <name>.debug_info</name>
         <load_address>0x1a4b</load_address>
         <run_address>0x1a4b</run_address>
         <size>0x4f</size>
         <input_file_ref idref="fl-2"/>
      </object_component>
      <object_component id="oc-367">
         <name>.debug_info</name>
         <load_address>0x1a9a</load_address>
         <run_address>0x1a9a</run_address>
         <size>0x2c</size>
         <input_file_ref idref="fl-2"/>
      </object_component>
      <object_component id="oc-12a">
         <name>.debug_info</name>
         <load_address>0x1ac6</load_address>
         <run_address>0x1ac6</run_address>
         <size>0x8b</size>
         <input_file_ref idref="fl-2"/>
      </object_component>
      <object_component id="oc-8f">
         <name>.debug_info</name>
         <load_address>0x1b51</load_address>
         <run_address>0x1b51</run_address>
         <size>0x2c</size>
         <input_file_ref idref="fl-2"/>
      </object_component>
      <object_component id="oc-12f">
         <name>.debug_info</name>
         <load_address>0x1b7d</load_address>
         <run_address>0x1b7d</run_address>
         <size>0x297</size>
         <input_file_ref idref="fl-2"/>
      </object_component>
      <object_component id="oc-3f5">
         <name>.debug_info</name>
         <load_address>0x1e14</load_address>
         <run_address>0x1e14</run_address>
         <size>0xef</size>
         <input_file_ref idref="fl-2"/>
      </object_component>
      <object_component id="oc-a0">
         <name>.debug_info</name>
         <load_address>0x1f03</load_address>
         <run_address>0x1f03</run_address>
         <size>0xbb</size>
         <input_file_ref idref="fl-2"/>
      </object_component>
      <object_component id="oc-94">
         <name>.debug_info</name>
         <load_address>0x1fbe</load_address>
         <run_address>0x1fbe</run_address>
         <size>0x53</size>
         <input_file_ref idref="fl-2"/>
      </object_component>
      <object_component id="oc-3e1">
         <name>.debug_info</name>
         <load_address>0x2011</load_address>
         <run_address>0x2011</run_address>
         <size>0x2c</size>
         <input_file_ref idref="fl-2"/>
      </object_component>
      <object_component id="oc-207">
         <name>.debug_info</name>
         <load_address>0x203d</load_address>
         <run_address>0x203d</run_address>
         <size>0x35</size>
         <input_file_ref idref="fl-2"/>
      </object_component>
      <object_component id="oc-11e">
         <name>.debug_info</name>
         <load_address>0x2072</load_address>
         <run_address>0x2072</run_address>
         <size>0x14c</size>
         <input_file_ref idref="fl-2"/>
      </object_component>
      <object_component id="oc-302">
         <name>.debug_info</name>
         <load_address>0x21be</load_address>
         <run_address>0x21be</run_address>
         <size>0x372</size>
         <input_file_ref idref="fl-3"/>
      </object_component>
      <object_component id="oc-2f9">
         <name>.debug_info</name>
         <load_address>0x2530</load_address>
         <run_address>0x2530</run_address>
         <size>0xdc</size>
         <input_file_ref idref="fl-3"/>
      </object_component>
      <object_component id="oc-2fc">
         <name>.debug_info</name>
         <load_address>0x260c</load_address>
         <run_address>0x260c</run_address>
         <size>0xdc</size>
         <input_file_ref idref="fl-3"/>
      </object_component>
      <object_component id="oc-2ff">
         <name>.debug_info</name>
         <load_address>0x26e8</load_address>
         <run_address>0x26e8</run_address>
         <size>0xda</size>
         <input_file_ref idref="fl-3"/>
      </object_component>
      <object_component id="oc-2f6">
         <name>.debug_info</name>
         <load_address>0x27c2</load_address>
         <run_address>0x27c2</run_address>
         <size>0xde</size>
         <input_file_ref idref="fl-3"/>
      </object_component>
      <object_component id="oc-164">
         <name>.debug_info</name>
         <load_address>0x28a0</load_address>
         <run_address>0x28a0</run_address>
         <size>0x3a4</size>
         <input_file_ref idref="fl-3"/>
      </object_component>
      <object_component id="oc-360">
         <name>.debug_info</name>
         <load_address>0x2c44</load_address>
         <run_address>0x2c44</run_address>
         <size>0x2e1</size>
         <input_file_ref idref="fl-4"/>
      </object_component>
      <object_component id="oc-177">
         <name>.debug_info</name>
         <load_address>0x2f25</load_address>
         <run_address>0x2f25</run_address>
         <size>0x332</size>
         <input_file_ref idref="fl-4"/>
      </object_component>
      <object_component id="oc-1c9">
         <name>.debug_info</name>
         <load_address>0x3257</load_address>
         <run_address>0x3257</run_address>
         <size>0x110</size>
         <input_file_ref idref="fl-4"/>
      </object_component>
      <object_component id="oc-41">
         <name>.debug_info</name>
         <load_address>0x3367</load_address>
         <run_address>0x3367</run_address>
         <size>0x84</size>
         <input_file_ref idref="fl-4"/>
      </object_component>
      <object_component id="oc-32c">
         <name>.debug_info</name>
         <load_address>0x33eb</load_address>
         <run_address>0x33eb</run_address>
         <size>0x590</size>
         <input_file_ref idref="fl-5"/>
      </object_component>
      <object_component id="oc-329">
         <name>.debug_info</name>
         <load_address>0x397b</load_address>
         <run_address>0x397b</run_address>
         <size>0x2c4</size>
         <input_file_ref idref="fl-5"/>
      </object_component>
      <object_component id="oc-169">
         <name>.debug_info</name>
         <load_address>0x3c3f</load_address>
         <run_address>0x3c3f</run_address>
         <size>0xcbc</size>
         <input_file_ref idref="fl-5"/>
      </object_component>
      <object_component id="oc-434">
         <name>.debug_info</name>
         <load_address>0x48fb</load_address>
         <run_address>0x48fb</run_address>
         <size>0x63</size>
         <input_file_ref idref="fl-5"/>
      </object_component>
      <object_component id="oc-13b">
         <name>.debug_info</name>
         <load_address>0x495e</load_address>
         <run_address>0x495e</run_address>
         <size>0x2c</size>
         <input_file_ref idref="fl-5"/>
      </object_component>
      <object_component id="oc-280">
         <name>.debug_info</name>
         <load_address>0x498a</load_address>
         <run_address>0x498a</run_address>
         <size>0x4f3</size>
         <input_file_ref idref="fl-6"/>
      </object_component>
      <object_component id="oc-151">
         <name>.debug_info</name>
         <load_address>0x4e7d</load_address>
         <run_address>0x4e7d</run_address>
         <size>0x5d8</size>
         <input_file_ref idref="fl-6"/>
      </object_component>
      <object_component id="oc-182">
         <name>.debug_info</name>
         <load_address>0x5455</load_address>
         <run_address>0x5455</run_address>
         <size>0x821</size>
         <input_file_ref idref="fl-7"/>
      </object_component>
      <object_component id="oc-c7">
         <name>.debug_info</name>
         <load_address>0x5c76</load_address>
         <run_address>0x5c76</run_address>
         <size>0x63c</size>
         <input_file_ref idref="fl-7"/>
      </object_component>
      <object_component id="oc-123">
         <name>.debug_info</name>
         <load_address>0x62b2</load_address>
         <run_address>0x62b2</run_address>
         <size>0x461</size>
         <input_file_ref idref="fl-7"/>
      </object_component>
      <object_component id="oc-114">
         <name>.debug_info</name>
         <load_address>0x6713</load_address>
         <run_address>0x6713</run_address>
         <size>0x53</size>
         <input_file_ref idref="fl-7"/>
      </object_component>
      <object_component id="oc-14c">
         <name>.debug_info</name>
         <load_address>0x6766</load_address>
         <run_address>0x6766</run_address>
         <size>0x5e9</size>
         <input_file_ref idref="fl-8"/>
      </object_component>
      <object_component id="oc-3b1">
         <name>.debug_info</name>
         <load_address>0x6d4f</load_address>
         <run_address>0x6d4f</run_address>
         <size>0x426</size>
         <input_file_ref idref="fl-9"/>
      </object_component>
      <object_component id="oc-236">
         <name>.debug_info</name>
         <load_address>0x7175</load_address>
         <run_address>0x7175</run_address>
         <size>0xde</size>
         <input_file_ref idref="fl-9"/>
      </object_component>
      <object_component id="oc-239">
         <name>.debug_info</name>
         <load_address>0x7253</load_address>
         <run_address>0x7253</run_address>
         <size>0xfb</size>
         <input_file_ref idref="fl-9"/>
      </object_component>
      <object_component id="oc-148">
         <name>.debug_info</name>
         <load_address>0x734e</load_address>
         <run_address>0x734e</run_address>
         <size>0x276</size>
         <input_file_ref idref="fl-9"/>
      </object_component>
      <object_component id="oc-3a">
         <name>.debug_info</name>
         <load_address>0x75c4</load_address>
         <run_address>0x75c4</run_address>
         <size>0x334</size>
         <input_file_ref idref="fl-a"/>
      </object_component>
      <object_component id="oc-10">
         <name>.debug_info</name>
         <load_address>0x78f8</load_address>
         <run_address>0x78f8</run_address>
         <size>0xf3</size>
         <input_file_ref idref="fl-a"/>
      </object_component>
      <object_component id="oc-2a">
         <name>.debug_info</name>
         <load_address>0x79eb</load_address>
         <run_address>0x79eb</run_address>
         <size>0x26f</size>
         <input_file_ref idref="fl-a"/>
      </object_component>
      <object_component id="oc-352">
         <name>.debug_info</name>
         <load_address>0x7c5a</load_address>
         <run_address>0x7c5a</run_address>
         <size>0x447</size>
         <input_file_ref idref="fl-b"/>
      </object_component>
      <object_component id="oc-171">
         <name>.debug_info</name>
         <load_address>0x80a1</load_address>
         <run_address>0x80a1</run_address>
         <size>0x274</size>
         <input_file_ref idref="fl-b"/>
      </object_component>
      <object_component id="oc-3e0">
         <name>.debug_info</name>
         <load_address>0x8315</load_address>
         <run_address>0x8315</run_address>
         <size>0x2d0</size>
         <input_file_ref idref="fl-c"/>
      </object_component>
      <object_component id="oc-3d4">
         <name>.debug_info</name>
         <load_address>0x85e5</load_address>
         <run_address>0x85e5</run_address>
         <size>0xd7</size>
         <input_file_ref idref="fl-c"/>
      </object_component>
      <object_component id="oc-3d7">
         <name>.debug_info</name>
         <load_address>0x86bc</load_address>
         <run_address>0x86bc</run_address>
         <size>0xe8</size>
         <input_file_ref idref="fl-c"/>
      </object_component>
      <object_component id="oc-3da">
         <name>.debug_info</name>
         <load_address>0x87a4</load_address>
         <run_address>0x87a4</run_address>
         <size>0xe4</size>
         <input_file_ref idref="fl-c"/>
      </object_component>
      <object_component id="oc-3dd">
         <name>.debug_info</name>
         <load_address>0x8888</load_address>
         <run_address>0x8888</run_address>
         <size>0xe4</size>
         <input_file_ref idref="fl-c"/>
      </object_component>
      <object_component id="oc-27c">
         <name>.debug_info</name>
         <load_address>0x896c</load_address>
         <run_address>0x896c</run_address>
         <size>0xe56</size>
         <input_file_ref idref="fl-c"/>
      </object_component>
      <object_component id="oc-2f0">
         <name>.debug_info</name>
         <load_address>0x97c2</load_address>
         <run_address>0x97c2</run_address>
         <size>0x4b5</size>
         <input_file_ref idref="fl-d"/>
      </object_component>
      <object_component id="oc-15d">
         <name>.debug_info</name>
         <load_address>0x9c77</load_address>
         <run_address>0x9c77</run_address>
         <size>0x2b6</size>
         <input_file_ref idref="fl-d"/>
      </object_component>
      <object_component id="oc-41c">
         <name>.debug_info</name>
         <load_address>0x9f2d</load_address>
         <run_address>0x9f2d</run_address>
         <size>0x51</size>
         <input_file_ref idref="fl-d"/>
      </object_component>
      <object_component id="oc-38c">
         <name>.debug_info</name>
         <load_address>0x9f7e</load_address>
         <run_address>0x9f7e</run_address>
         <size>0x637</size>
         <input_file_ref idref="fl-f"/>
      </object_component>
      <object_component id="oc-1d3">
         <name>.debug_info</name>
         <load_address>0xa5b5</load_address>
         <run_address>0xa5b5</run_address>
         <size>0x461</size>
         <input_file_ref idref="fl-f"/>
      </object_component>
      <object_component id="oc-484">
         <name>.debug_info</name>
         <load_address>0xaa16</load_address>
         <run_address>0xaa16</run_address>
         <size>0x76</size>
         <input_file_ref idref="fl-f"/>
      </object_component>
      <object_component id="oc-489">
         <name>.debug_info</name>
         <load_address>0xaa8c</load_address>
         <run_address>0xaa8c</run_address>
         <size>0x39</size>
         <input_file_ref idref="fl-f"/>
      </object_component>
      <object_component id="oc-1c4">
         <name>.debug_info</name>
         <load_address>0xaac5</load_address>
         <run_address>0xaac5</run_address>
         <size>0x4f</size>
         <input_file_ref idref="fl-f"/>
      </object_component>
      <object_component id="oc-1e7">
         <name>.debug_info</name>
         <load_address>0xab14</load_address>
         <run_address>0xab14</run_address>
         <size>0x369</size>
         <input_file_ref idref="fl-10"/>
      </object_component>
      <object_component id="oc-f6">
         <name>.debug_info</name>
         <load_address>0xae7d</load_address>
         <run_address>0xae7d</run_address>
         <size>0x4af</size>
         <input_file_ref idref="fl-10"/>
      </object_component>
      <object_component id="oc-3fc">
         <name>.debug_info</name>
         <load_address>0xb32c</load_address>
         <run_address>0xb32c</run_address>
         <size>0x837</size>
         <input_file_ref idref="fl-11"/>
      </object_component>
      <object_component id="oc-2b3">
         <name>.debug_info</name>
         <load_address>0xbb63</load_address>
         <run_address>0xbb63</run_address>
         <size>0x336c</size>
         <input_file_ref idref="fl-11"/>
      </object_component>
      <object_component id="oc-516">
         <name>.debug_info</name>
         <load_address>0xeecf</load_address>
         <run_address>0xeecf</run_address>
         <size>0x23f</size>
         <input_file_ref idref="fl-11"/>
      </object_component>
      <object_component id="oc-3ff">
         <name>.debug_info</name>
         <load_address>0xf10e</load_address>
         <run_address>0xf10e</run_address>
         <size>0x46</size>
         <input_file_ref idref="fl-11"/>
      </object_component>
      <object_component id="oc-e6">
         <name>.debug_info</name>
         <load_address>0xf154</load_address>
         <run_address>0xf154</run_address>
         <size>0x798</size>
         <input_file_ref idref="fl-13"/>
      </object_component>
      <object_component id="oc-7e">
         <name>.debug_info</name>
         <load_address>0xf8ec</load_address>
         <run_address>0xf8ec</run_address>
         <size>0x34a</size>
         <input_file_ref idref="fl-13"/>
      </object_component>
      <object_component id="oc-fb">
         <name>.debug_info</name>
         <load_address>0xfc36</load_address>
         <run_address>0xfc36</run_address>
         <size>0xf3</size>
         <input_file_ref idref="fl-13"/>
      </object_component>
      <object_component id="oc-10a">
         <name>.debug_info</name>
         <load_address>0xfd29</load_address>
         <run_address>0xfd29</run_address>
         <size>0xf3</size>
         <input_file_ref idref="fl-13"/>
      </object_component>
      <object_component id="oc-10d">
         <name>.debug_info</name>
         <load_address>0xfe1c</load_address>
         <run_address>0xfe1c</run_address>
         <size>0xf3</size>
         <input_file_ref idref="fl-13"/>
      </object_component>
      <object_component id="oc-101">
         <name>.debug_info</name>
         <load_address>0xff0f</load_address>
         <run_address>0xff0f</run_address>
         <size>0x136</size>
         <input_file_ref idref="fl-13"/>
      </object_component>
      <object_component id="oc-107">
         <name>.debug_info</name>
         <load_address>0x10045</load_address>
         <run_address>0x10045</run_address>
         <size>0xf3</size>
         <input_file_ref idref="fl-13"/>
      </object_component>
      <object_component id="oc-fe">
         <name>.debug_info</name>
         <load_address>0x10138</load_address>
         <run_address>0x10138</run_address>
         <size>0x101</size>
         <input_file_ref idref="fl-13"/>
      </object_component>
      <object_component id="oc-104">
         <name>.debug_info</name>
         <load_address>0x10239</load_address>
         <run_address>0x10239</run_address>
         <size>0xf5</size>
         <input_file_ref idref="fl-13"/>
      </object_component>
      <object_component id="oc-84">
         <name>.debug_info</name>
         <load_address>0x1032e</load_address>
         <run_address>0x1032e</run_address>
         <size>0x4b53</size>
         <input_file_ref idref="fl-13"/>
      </object_component>
      <object_component id="oc-e7">
         <name>.debug_info</name>
         <load_address>0x14e81</load_address>
         <run_address>0x14e81</run_address>
         <size>0x30c</size>
         <input_file_ref idref="fl-13"/>
      </object_component>
      <object_component id="oc-1ce">
         <name>.debug_info</name>
         <load_address>0x1518d</load_address>
         <run_address>0x1518d</run_address>
         <size>0x144</size>
         <input_file_ref idref="fl-13"/>
      </object_component>
      <object_component id="oc-8e">
         <name>.debug_info</name>
         <load_address>0x152d1</load_address>
         <run_address>0x152d1</run_address>
         <size>0x404</size>
         <input_file_ref idref="fl-15"/>
      </object_component>
      <object_component id="oc-81">
         <name>.debug_info</name>
         <load_address>0x156d5</load_address>
         <run_address>0x156d5</run_address>
         <size>0x120</size>
         <input_file_ref idref="fl-15"/>
      </object_component>
      <object_component id="oc-8b">
[...]
         <value>0x200027dc</value>
      </symbol>
      <symbol id="sm-8da">
         <name>modOledCur</name>
         <value>0x200027c8</value>
      </symbol>
      <symbol id="sm-8db">
         <name>OrbitOledGetPixel</name>
         <value>0x35cb</value>
         <object_component_ref idref="oc-4a4"/>
      </symbol>
      <symbol id="sm-8dc">
         <name>OrbitOledMoveUp</name>
         <value>0x3cf9</value>
         <object_component_ref idref="oc-4a4"/>
      </symbol>
      <symbol id="sm-8dd">
         <name>OrbitOledMoveTo</name>
         <value>0x34a9</value>
         <object_component_ref idref="oc-4a4"/>
      </symbol>
      <symbol id="sm-8de">
         <name>OrbitOledGetDrawMode</name>
         <value>0x3599</value>
         <object_component_ref idref="oc-4a4"/>
      </symbol>
      <symbol id="sm-8df">
         <name>OrbitOledDrawPixel</name>
         <value>0x359f</value>
         <object_component_ref idref="oc-4a4"/>
      </symbol>
      <symbol id="sm-8e0">
         <name>OrbitOledDrawString</name>
         <value>0x3c3b</value>
         <object_component_ref idref="oc-4a4"/>
      </symbol>
      <symbol id="sm-8e1">
         <name>OrbitOledDrawChar</name>
         <value>0x3bdb</value>
         <object_component_ref idref="oc-4a4"/>
      </symbol>
      <symbol id="sm-8e2">
         <name>OrbitOledMoveDown</name>
         <value>0x3d31</value>
         <object_component_ref idref="oc-4a4"/>
      </symbol>
      <symbol id="sm-8e3">
         <name>OrbitOledMoveRight</name>
         <value>0x3d7f</value>
         <object_component_ref idref="oc-4a4"/>
      </symbol>
      <symbol id="sm-8e4">
         <name>OrbitOledFillRect</name>
         <value>0x3769</value>
         <object_component_ref idref="oc-4a4"/>
      </symbol>
      <symbol id="sm-8e5">
         <name>OrbitOledLineTo</name>
         <value>0x35e5</value>
         <object_component_ref idref="oc-4a4"/>
      </symbol>
      <symbol id="sm-8e6">
         <name>OrbitOledGetStdPattern</name>
         <value>0x3523</value>
         <object_component_ref idref="oc-4a4"/>
      </symbol>
      <symbol id="sm-8e7">
         <name>OrbitOledSetDrawColor</name>
         <value>0x350b</value>
         <object_component_ref idref="oc-4a4"/>
      </symbol>
      <symbol id="sm-8e8">
         <name>OrbitOledDrawRect</name>
         <value>0x36e5</value>
         <object_component_ref idref="oc-4a4"/>
      </symbol>
      <symbol id="sm-8e9">
         <name>OrbitOledClampYco</name>
         <value>0x3db9</value>
         <object_component_ref idref="oc-4a4"/>
      </symbol>
      <symbol id="sm-8ea">
         <name>OrbitOledGetPos</name>
         <value>0x34ef</value>
         <object_component_ref idref="oc-4a4"/>
      </symbol>
      <symbol id="sm-8eb">
         <name>OrbitOledRopSet</name>
         <value>0x3c59</value>
         <object_component_ref idref="oc-4a4"/>
      </symbol>
      <symbol id="sm-8ec">
         <name>OrbitOledRopXor</name>
         <value>0x3ccb</value>
         <object_component_ref idref="oc-4a4"/>
      </symbol>
      <symbol id="sm-8ed">
         <name>OrbitOledGetBmp</name>
         <value>0x38ad</value>
         <object_component_ref idref="oc-4a4"/>
      </symbol>
      <symbol id="sm-8ee">
         <name>OrbitOledMoveLeft</name>
         <value>0x3d67</value>
         <object_component_ref idref="oc-4a4"/>
      </symbol>
      <symbol id="sm-8ef">
         <name>OrbitOledRopAnd</name>
         <value>0x3ca7</value>
         <object_component_ref idref="oc-4a4"/>
      </symbol>
      <symbol id="sm-8f0">
         <name>OrbitOledPutBmp</name>
         <value>0x3a0d</value>
         <object_component_ref idref="oc-4a4"/>
      </symbol>
      <symbol id="sm-8f1">
         <name>OrbitOledSetDrawMode</name>
         <value>0x3545</value>
         <object_component_ref idref="oc-4a4"/>
      </symbol>
      <symbol id="sm-8f2">
         <name>OrbitOledClampXco</name>
         <value>0x3d99</value>
         <object_component_ref idref="oc-4a4"/>
      </symbol>
      <symbol id="sm-8f3">
         <name>OrbitOledSetFillPattern</name>
         <value>0x3535</value>
         <object_component_ref idref="oc-4a4"/>
      </symbol>
      <symbol id="sm-8f4">
         <name>OrbitOledRopOr</name>
         <value>0x3c83</value>
         <object_component_ref idref="oc-4a4"/>
      </symbol>
      <symbol id="sm-906">
         <name>DelayMs</name>
         <value>0x63eb</value>
         <object_component_ref idref="oc-4b9"/>
      </symbol>
      <symbol id="sm-907">
         <name>DelayInit</name>
         <value>0x63d1</value>
         <object_component_ref idref="oc-4b9"/>
      </symbol>
      <symbol id="sm-91e">
         <name>__aeabi_dsub</name>
         <value>0x4ecd</value>
         <object_component_ref idref="oc-319"/>
      </symbol>
      <symbol id="sm-91f">
         <name>__aeabi_dadd</name>
         <value>0x4ed7</value>
         <object_component_ref idref="oc-319"/>
      </symbol>
      <symbol id="sm-92a">
         <name>__aeabi_dmul</name>
         <value>0x5a5d</value>
         <object_component_ref idref="oc-314"/>
      </symbol>
      <symbol id="sm-934">
         <name>__aeabi_d2iz</name>
         <value>0x65c1</value>
         <object_component_ref idref="oc-31e"/>
      </symbol>
      <symbol id="sm-93e">
         <name>__aeabi_d2uiz</name>
         <value>0x671d</value>
         <object_component_ref idref="oc-323"/>
      </symbol>
      <symbol id="sm-948">
         <name>__aeabi_i2d</name>
         <value>0x68e9</value>
         <object_component_ref idref="oc-30f"/>
      </symbol>
      <symbol id="sm-963">
         <name>memcpy</name>
         <value>0x5fb3</value>
         <object_component_ref idref="oc-46"/>
      </symbol>
      <symbol id="sm-964">
         <name>__aeabi_memcpy</name>
         <value>0x5fb3</value>
         <object_component_ref idref="oc-46"/>
      </symbol>
      <symbol id="sm-965">
         <name>__aeabi_memcpy8</name>
         <value>0x5fb3</value>
         <object_component_ref idref="oc-46"/>
      </symbol>
      <symbol id="sm-966">
         <name>__aeabi_memcpy4</name>
         <value>0x5fb3</value>
         <object_component_ref idref="oc-46"/>
      </symbol>
      <symbol id="sm-975">
         <name>__aeabi_uidivmod</name>
         <value>0x6761</value>
         <object_component_ref idref="oc-3ce"/>
      </symbol>
      <symbol id="sm-976">
         <name>__aeabi_uidiv</name>
         <value>0x6761</value>
         <object_component_ref idref="oc-3ce"/>
      </symbol>
      <symbol id="sm-985">
         <name>__aeabi_memset</name>
         <value>0x60cb</value>
         <object_component_ref idref="oc-ba"/>
      </symbol>
      <symbol id="sm-986">
         <name>memset</name>
         <value>0x60d1</value>
         <object_component_ref idref="oc-ba"/>
      </symbol>
      <symbol id="sm-987">
         <name>__aeabi_memset8</name>
         <value>0x60cb</value>
         <object_component_ref idref="oc-ba"/>
      </symbol>
      <symbol id="sm-988">
         <name>__aeabi_memset4</name>
         <value>0x60cb</value>
         <object_component_ref idref="oc-ba"/>
      </symbol>
      <symbol id="sm-989">
         <name>__aeabi_memclr8</name>
         <value>0x60c9</value>
         <object_component_ref idref="oc-ba"/>
      </symbol>
      <symbol id="sm-98a">
         <name>__aeabi_memclr4</name>
         <value>0x60c9</value>
         <object_component_ref idref="oc-ba"/>
      </symbol>
      <symbol id="sm-98b">
         <name>__aeabi_memclr</name>
         <value>0x60c9</value>
         <object_component_ref idref="oc-ba"/>
      </symbol>
      <symbol id="sm-99d">
         <name>__TI_zero_init</name>
         <value>0x6bbb</value>
         <object_component_ref idref="oc-58"/>
      </symbol>
      <symbol id="sm-9b4">
         <name>__TI_decompress_none</name>
         <value>0x6b89</value>
         <object_component_ref idref="oc-18"/>
      </symbol>
      <symbol id="sm-9d7">
         <name>__TI_decompress_lzss</name>
         <value>0x6309</value>
         <object_component_ref idref="oc-12"/>
      </symbol>
      <symbol id="sm-a6c">
         <name>_sys_memory</name>
         <value>0x20002800</value>
         <object_component_ref idref="oc-21"/>
      </symbol>
      <symbol id="sm-a6d">
         <name>free</name>
         <value>0x5d3d</value>
         <object_component_ref idref="oc-359"/>
      </symbol>
      <symbol id="sm-a6e">
         <name>memalign</name>
         <value>0x5945</value>
         <object_component_ref idref="oc-529"/>
      </symbol>
      <symbol id="sm-a6f">
         <name>calloc</name>
         <value>0x6815</value>
         <object_component_ref idref="oc-353"/>
      </symbol>
      <symbol id="sm-a70">
         <name>malloc</name>
         <value>0x6c17</value>
         <object_component_ref idref="oc-449"/>
      </symbol>
      <symbol id="sm-a71">
         <name>aligned_alloc</name>
         <value>0x5945</value>
         <object_component_ref idref="oc-529"/>
      </symbol>
      <symbol id="sm-a84">
         <name>__stack</name>
         <value>0x20004800</value>
         <object_component_ref idref="oc-24"/>
      </symbol>
      <symbol id="sm-a85">
         <name>_c_int00_noargs</name>
         <value>0x68b5</value>
         <object_component_ref idref="oc-64"/>
      </symbol>
      <symbol id="sm-a8f">
         <name>__aeabi_idiv0</name>
         <value>0x6143</value>
         <object_component_ref idref="oc-502"/>
      </symbol>
      <symbol id="sm-a90">
         <name>__aeabi_ldiv0</name>
         <value>0x6143</value>
         <object_component_ref idref="oc-502"/>
      </symbol>
      <symbol id="sm-ab8">
         <name>__TI_auto_init_nobinit_nopinit</name>
         <value>0x66d9</value>
         <object_component_ref idref="oc-190"/>
      </symbol>
      <symbol id="sm-ac2">
         <name>_system_pre_init</name>
         <value>0x6c3d</value>
         <object_component_ref idref="oc-c0"/>
      </symbol>
      <symbol id="sm-ace">
         <name>C$$EXIT</name>
         <value>0x6c41</value>
         <object_component_ref idref="oc-184"/>
      </symbol>
      <symbol id="sm-acf">
         <name>abort</name>
         <value>0x6c41</value>
         <object_component_ref idref="oc-184"/>
      </symbol>
      <symbol id="sm-ae4">
         <name>_nop</name>
         <value>0x5083</value>
         <object_component_ref idref="oc-463"/>
      </symbol>
      <symbol id="sm-ae5">
         <name>_lock</name>
         <value>0x20005064</value>
         <object_component_ref idref="oc-370"/>
      </symbol>
      <symbol id="sm-ae6">
         <name>_unlock</name>
         <value>0x20005068</value>
         <object_component_ref idref="oc-370"/>
      </symbol>
      <symbol id="sm-b45">
         <name>ADCProcessorTrigger</name>
         <value>0x6a3d</value>
         <object_component_ref idref="oc-211"/>
      </symbol>
      <symbol id="sm-b46">
         <name>ADCSequenceEnable</name>
         <value>0x6b6d</value>
         <object_component_ref idref="oc-29f"/>
      </symbol>
      <symbol id="sm-b47">
         <name>ADCSequenceConfigure</name>
         <value>0x6525</value>
         <object_component_ref idref="oc-293"/>
      </symbol>
      <symbol id="sm-b48">
         <name>ADCIntEnable</name>
         <value>0x6b2b</value>
         <object_component_ref idref="oc-2ab"/>
      </symbol>
      <symbol id="sm-b49">
         <name>ADCSequenceStepConfigure</name>
         <value>0x604f</value>
         <object_component_ref idref="oc-299"/>
      </symbol>
      <symbol id="sm-b4a">
         <name>ADCIntClear</name>
         <value>0x6bd3</value>
         <object_component_ref idref="oc-287"/>
      </symbol>
      <symbol id="sm-b4b">
         <name>ADCIntRegister</name>
         <value>0x6a25</value>
         <object_component_ref idref="oc-2a5"/>
      </symbol>
      <symbol id="sm-b4c">
         <name>ADCSequenceDataGet</name>
         <value>0x69b1</value>
         <object_component_ref idref="oc-281"/>
      </symbol>
      <symbol id="sm-bee">
         <name>GPIOPinTypePWM</name>
         <value>0x6a9b</value>
         <object_component_ref idref="oc-254"/>
      </symbol>
      <symbol id="sm-bef">
         <name>GPIOIntRegister</name>
         <value>0x6a55</value>
         <object_component_ref idref="oc-2e3"/>
      </symbol>
      <symbol id="sm-bf0">
         <name>GPIOPinConfigure</name>
         <value>0x6575</value>
         <object_component_ref idref="oc-24e"/>
      </symbol>
      <symbol id="sm-bf1">
         <name>GPIOIntEnable</name>
         <value>0x6b97</value>
         <object_component_ref idref="oc-2dd"/>
      </symbol>
      <symbol id="sm-bf2">
         <name>GPIOIntTypeSet</name>
         <value>0x642d</value>
         <object_component_ref idref="oc-2d7"/>
      </symbol>
      <symbol id="sm-bf3">
         <name>GPIOPinTypeGPIOInput</name>
         <value>0x6a85</value>
         <object_component_ref idref="oc-2cb"/>
      </symbol>
      <symbol id="sm-bf4">
         <name>GPIOIntClear</name>
         <value>0x6c1f</value>
         <object_component_ref idref="oc-2bf"/>
      </symbol>
      <symbol id="sm-bf5">
         <name>GPIOPinTypeUART</name>
         <value>0x6ac7</value>
         <object_component_ref idref="oc-333"/>
      </symbol>
      <symbol id="sm-bf6">
         <name>GPIOPinTypeGPIOOutput</name>
         <value>0x6a6d</value>
         <object_component_ref idref="oc-4dd"/>
      </symbol>
      <symbol id="sm-bf7">
         <name>GPIOPinRead</name>
         <value>0x6c25</value>
         <object_component_ref idref="oc-2c5"/>
      </symbol>
      <symbol id="sm-bf8">
         <name>GPIODirModeSet</name>
         <value>0x6917</value>
         <object_component_ref idref="oc-303"/>
      </symbol>
      <symbol id="sm-bf9">
         <name>GPIOPinWrite</name>
         <value>0x6c2b</value>
         <object_component_ref idref="oc-4d7"/>
      </symbol>
      <symbol id="sm-bfa">
         <name>GPIOPadConfigSet</name>
         <value>0x55d1</value>
         <object_component_ref idref="oc-2d1"/>
      </symbol>
      <symbol id="sm-bfb">
         <name>GPIOPinTypeSSI</name>
         <value>0x6ab1</value>
         <object_component_ref idref="oc-4bf"/>
      </symbol>
      <symbol id="sm-c2c">
         <name>IntEnable</name>
         <value>0x62a1</value>
         <object_component_ref idref="oc-2e9"/>
      </symbol>
      <symbol id="sm-c2d">
         <name>IntRegister</name>
         <value>0x684d</value>
         <object_component_ref idref="oc-3a2"/>
      </symbol>
      <symbol id="sm-c2e">
         <name>g_pfnRAMVectors</name>
         <value>0x20000000</value>
         <object_component_ref idref="oc-492"/>
      </symbol>
      <symbol id="sm-c5b">
         <name>PWMGenPeriodSet</name>
         <value>0x6b3b</value>
         <object_component_ref idref="oc-23c"/>
      </symbol>
      <symbol id="sm-c5c">
         <name>PWMPulseWidthSet</name>
         <value>0x69cf</value>
         <object_component_ref idref="oc-242"/>
      </symbol>
      <symbol id="sm-c5d">
         <name>PWMOutputState</name>
         <value>0x6b19</value>
         <object_component_ref idref="oc-266"/>
      </symbol>
      <symbol id="sm-c5e">
         <name>PWMGenEnable</name>
         <value>0x6ba3</value>
         <object_component_ref idref="oc-260"/>
      </symbol>
      <symbol id="sm-c5f">
         <name>PWMGenConfigure</name>
         <value>0x696d</value>
         <object_component_ref idref="oc-25a"/>
      </symbol>
      <symbol id="sm-c97">
         <name>SSIDataPut</name>
         <value>0x6bdd</value>
         <object_component_ref idref="oc-4e9"/>
      </symbol>
      <symbol id="sm-c98">
         <name>SSIDataGet</name>
         <value>0x6baf</value>
         <object_component_ref idref="oc-4ef"/>
      </symbol>
      <symbol id="sm-c99">
         <name>SSIConfigSetExpClk</name>
         <value>0x67a1</value>
         <object_component_ref idref="oc-4cb"/>
      </symbol>
      <symbol id="sm-c9a">
         <name>SSIEnable</name>
         <value>0x6be7</value>
         <object_component_ref idref="oc-4d1"/>
      </symbol>
      <symbol id="sm-c9b">
         <name>SSIClockSourceSet</name>
         <value>0x6c31</value>
         <object_component_ref idref="oc-4c5"/>
      </symbol>
      <symbol id="sm-c9c">
         <name>SSIBusy</name>
         <value>0x6c0f</value>
         <object_component_ref idref="oc-4e3"/>
      </symbol>
      <symbol id="sm-d12">
         <name>SysCtlClockSet</name>
         <value>0x5b59</value>
         <object_component_ref idref="oc-22f"/>
      </symbol>
      <symbol id="sm-d13">
         <name>SysCtlDelay</name>
         <value>0x6c37</value>
         <object_component_ref idref="oc-180"/>
      </symbol>
      <symbol id="sm-d14">
         <name>SysCtlPeripheralEnable</name>
         <value>0x6881</value>
         <object_component_ref idref="oc-248"/>
      </symbol>
      <symbol id="sm-d15">
         <name>SysCtlReset</name>
         <value>0x6b4d</value>
         <object_component_ref idref="oc-309"/>
      </symbol>
      <symbol id="sm-d16">
         <name>SysCtlClockGet</name>
         <value>0x582d</value>
         <object_component_ref idref="oc-17a"/>
      </symbol>
      <symbol id="sm-d17">
         <name>SysCtlPeripheralReady</name>
         <value>0x67dd</value>
         <object_component_ref idref="oc-28d"/>
      </symbol>
      <symbol id="sm-d18">
         <name>SysCtlPeripheralReset</name>
         <value>0x6485</value>
         <object_component_ref idref="oc-26c"/>
      </symbol>
      <symbol id="sm-d45">
         <name>SysTickEnable</name>
         <value>0x6add</value>
         <object_component_ref idref="oc-229"/>
      </symbol>
      <symbol id="sm-d46">
         <name>SysTickIntRegister</name>
         <value>0x69ed</value>
         <object_component_ref idref="oc-21d"/>
      </symbol>
      <symbol id="sm-d47">
         <name>SysTickIntEnable</name>
         <value>0x6af1</value>
         <object_component_ref idref="oc-223"/>
      </symbol>
      <symbol id="sm-d48">
         <name>SysTickPeriodSet</name>
         <value>0x6b5d</value>
         <object_component_ref idref="oc-217"/>
      </symbol>
      <symbol id="sm-d6c">
         <name>TimerEnable</name>
         <value>0x6b7b</value>
         <object_component_ref idref="oc-558"/>
      </symbol>
      <symbol id="sm-d6d">
         <name>TimerValueGet</name>
         <value>0x6bf1</value>
         <object_component_ref idref="oc-55e"/>
      </symbol>
      <symbol id="sm-d6e">
         <name>TimerConfigure</name>
         <value>0x6371</value>
         <object_component_ref idref="oc-552"/>
      </symbol>
      <symbol id="sm-da0">
         <name>UARTConfigSetExpClk</name>
         <value>0x6609</value>
         <object_component_ref idref="oc-339"/>
      </symbol>
      <symbol id="sm-da1">
         <name>UARTDisable</name>
         <value>0x6991</value>
         <object_component_ref idref="oc-43c"/>
      </symbol>
      <symbol id="sm-da2">
         <name>UARTCharPut</name>
         <value>0x6bfb</value>
         <object_component_ref idref="oc-34b"/>
      </symbol>
      <symbol id="sm-da3">
         <name>UARTEnable</name>
         <value>0x6b05</value>
         <object_component_ref idref="oc-345"/>
      </symbol>
      <symbol id="sm-da4">
         <name>UARTFIFOEnable</name>
         <value>0x6c05</value>
         <object_component_ref idref="oc-33f"/>
      </symbol>
      <symbol id="sm-da6">
         <name>__TI_static_base__</name>
         <value>0x0</value>
      </symbol>
      <symbol id="sm-da9">
         <name>__mpu_init</name>
         <value>0x0</value>
      </symbol>
      <symbol id="sm-daa">
         <name>_system_post_cinit</name>
         <value>0x0</value>
      </symbol>
   </symbol_table>
   <title>Link successful</title>
</link_info>
